// Jest Snapshot v1, https://goo.gl/fbAQLP

exports[`GenerateLetterRecipients modal renders as expected 1`] = `
.c3.btn {
  display: -webkit-box;
  display: -webkit-flex;
  display: -ms-flexbox;
  display: flex;
  -webkit-align-items: center;
  -webkit-box-align: center;
  -ms-flex-align: center;
  align-items: center;
  -webkit-box-pack: center;
  -webkit-justify-content: center;
  -ms-flex-pack: center;
  justify-content: center;
  padding: 0.4rem 1.2rem;
  min-height: 3rem;
  border: 0.2rem solid transparent;
  border-radius: 0.4rem;
  text-align: center;
  -webkit-text-decoration: none;
  text-decoration: none;
  font-size: 1.8rem;
  font-family: 'BCSans','Noto Sans',Verdana,Arial,sans-serif;
  font-weight: 700;
  -webkit-letter-spacing: 0.1rem;
  -moz-letter-spacing: 0.1rem;
  -ms-letter-spacing: 0.1rem;
  letter-spacing: 0.1rem;
  cursor: pointer;
}

.c3.btn:hover {
  -webkit-text-decoration: underline;
  text-decoration: underline;
  opacity: 0.8;
}

.c3.btn:focus {
  outline-width: 0.4rem;
  outline-style: solid;
  outline-offset: 1px;
  box-shadow: none;
}

.c3.btn.btn-primary {
  border: none;
}

.c3.btn.btn-secondary {
  background: none;
}

.c3.btn.btn-info {
  border: none;
  background: none;
  padding-left: 0.6rem;
  padding-right: 0.6rem;
}

.c3.btn.btn-info:hover,
.c3.btn.btn-info:active,
.c3.btn.btn-info:focus {
  background: none;
}

.c3.btn.btn-light {
  border: none;
}

.c3.btn.btn-dark {
  border: none;
}

.c3.btn.btn-link {
  font-size: 1.6rem;
  font-weight: 400;
  background: none;
  border: none;
  -webkit-text-decoration: none;
  text-decoration: none;
  min-height: 2.5rem;
  line-height: 3rem;
  -webkit-box-pack: left;
  -webkit-justify-content: left;
  -ms-flex-pack: left;
  justify-content: left;
  -webkit-letter-spacing: unset;
  -moz-letter-spacing: unset;
  -ms-letter-spacing: unset;
  letter-spacing: unset;
  text-align: left;
  padding: 0;
}

.c3.btn.btn-link:hover,
.c3.btn.btn-link:active,
.c3.btn.btn-link:focus {
  -webkit-text-decoration: underline;
  text-decoration: underline;
  border: none;
  background: none;
  box-shadow: none;
  outline: none;
}

.c3.btn.btn-link:disabled,
.c3.btn.btn-link.disabled {
  background: none;
  pointer-events: none;
}

.c3.btn:disabled,
.c3.btn:disabled:hover {
  box-shadow: none;
  -webkit-user-select: none;
  -moz-user-select: none;
  -ms-user-select: none;
  user-select: none;
  pointer-events: none;
  cursor: not-allowed;
  opacity: 0.65;
}

.c3.Button .Button__icon {
  margin-right: 1.6rem;
}

.c3.Button--icon-only:focus {
  outline: none;
}

.c3.Button--icon-only .Button__icon {
  margin-right: 0;
}

.c0 .modal-header .close {
  color: white;
  opacity: 1;
  font-size: 3rem;
  font-weight: 10;
  text-shadow: none;
  font-family: 'Helvetica Narrow';
}

.c0 .modal-header {
  height: 4.8rem;
  padding: 0 1.6rem;
  display: -webkit-box;
  display: -webkit-flex;
  display: -ms-flexbox;
  display: flex;
  -webkit-flex-direction: row;
  -ms-flex-direction: row;
  flex-direction: row;
  -webkit-align-items: center;
  -webkit-box-align: center;
  -ms-flex-align: center;
  align-items: center;
}

.c0 .modal-header .modal-title {
  font-family: BcSans-Bold;
  font-size: 2.2rem;
  height: 2.75rem;
  height: auto;
}

.c0 .modal-header .header-icon {
  margin-right: 8px;
  display: inline-block;
}

.c0 .modal-header .modal-close-btn {
  cursor: pointer;
}

.c0 .modal-body {
  padding: 2.4rem 1.8rem;
  font-size: 1.8rem;
}

.c0 .modal-footer {
  border-top: none;
}

.c0 .modal-footer hr {
  width: 100%;
}

.c0 .modal-footer .button-wrap {
  display: -webkit-inline-box;
  display: -webkit-inline-flex;
  display: -ms-inline-flexbox;
  display: inline-flex;
  margin-top: 2.4rem;
  margin-bottom: 2.4rem;
}

.c0 .modal-footer .button-wrap button {
  margin-right: 2.4rem;
  min-width: 9.5rem;
  height: 3.9rem;
}

.c0 .close {
  color: black;
}

.c0 .modal-xl {
  max-width: 100rem;
}

.c0 .modal-l {
  max-width: 75rem;
}

.c0 .modal-m {
  max-width: 60rem;
}

.c0 .modal-s {
  max-width: 40rem;
}

.c0.info-variant .modal-close-btn {
  cursor: pointer;
}

.c0.error-variant .modal-close-btn {
  cursor: pointer;
}

.c0.warning-variant .modal-close-btn {
  cursor: pointer;
}

.c1 {
  min-width: 70rem;
}

.c1 .modal-body {
  padding-left: 2rem;
  padding-right: 2rem;
}

.c1 .modal-footer {
  padding-left: 2rem;
  padding-right: 2rem;
}

.c2 {
  border: 0.1rem solid;
  border-radius: 0.5rem;
  max-height: 180px;
  overflow-y: auto;
  padding: 0.5rem 1.5rem;
}

.c2 .form-check input {
  margin-top: 0.6rem;
}

.c2 .form-group label {
  font-family: BcSans-Bold;
  line-height: 1rem;
}

.c2 .form-group label span.type {
  font-size: 1.5rem;
  font-family: BCSans-Italic;
  font-style: italic;
  margin-left: 0.5rem;
}

<body
  class="modal-open"
  style="padding-right: 0px;"
>
  <div
    aria-hidden="true"
  >
    <div
      class="Toastify"
    />
    <div />
    <div />
  </div>
  <div
    class="fade modal-backdrop show"
  />
  <div
    aria-modal="true"
    class="fade c0 c1 info-variant modal show"
    role="dialog"
    style="display: block;"
    tabindex="-1"
  >
    <div
      class="modal-dialog modal-m c1 info-variant"
      variant="info"
    >
      <div
        class="modal-content"
      >
        <div
          class="modal-header"
        >
          <div
            class="modal-title h4"
          >
            <div
              class="header-icon"
            >
              <svg
                fill="currentColor"
                height="22"
                stroke="currentColor"
                stroke-width="0"
                viewBox="0 0 512 512"
                width="22"
                xmlns="http://www.w3.org/2000/svg"
              >
                <path
                  d="M504 256c0 136.997-111.043 248-248 248S8 392.997 8 256C8 119.083 119.043 8 256 8s248 111.083 248 248zm-248 50c-25.405 0-46 20.595-46 46s20.595 46 46 46 46-20.595 46-46-20.595-46-46-46zm-43.673-165.346l7.418 136c.347 6.364 5.609 11.346 11.982 11.346h48.546c6.373 0 11.635-4.982 11.982-11.346l7.418-136c.375-6.874-5.098-12.654-11.982-12.654h-63.383c-6.884 0-12.356 5.78-11.981 12.654z"
                />
              </svg>
            </div>
            Generate letter
          </div>
          <div
            class="modal-close-btn"
          >
            <svg
              fill="currentColor"
              height="24"
              stroke="currentColor"
              stroke-width="0"
              viewBox="0 0 512 512"
              width="24"
              xmlns="http://www.w3.org/2000/svg"
            >
              <path
                d="M464 32H48C21.5 32 0 53.5 0 80v352c0 26.5 21.5 48 48 48h416c26.5 0 48-21.5 48-48V80c0-26.5-21.5-48-48-48zm-83.6 290.5c4.8 4.8 4.8 12.6 0 17.4l-40.5 40.5c-4.8 4.8-12.6 4.8-17.4 0L256 313.3l-66.5 67.1c-4.8 4.8-12.6 4.8-17.4 0l-40.5-40.5c-4.8-4.8-4.8-12.6 0-17.4l67.1-66.5-67.1-66.5c-4.8-4.8-4.8-12.6 0-17.4l40.5-40.5c4.8-4.8 12.6-4.8 17.4 0l66.5 67.1 66.5-67.1c4.8-4.8 12.6-4.8 17.4 0l40.5 40.5c4.8 4.8 4.8 12.6 0 17.4L313.3 256l67.1 66.5z"
              />
            </svg>
          </div>
        </div>
        <div
          class="modal-body"
          style="white-space: pre-line;"
        >
          <p>
            Select who should receive this letter from the following list
          </p>
          <p>
            <strong>
              Available recipients in this file:
            </strong>
          </p>
          <div
            class="c2"
          >
            <div
              class="form-group"
            />
          </div>
        </div>
        <div
          class="modal-footer"
        >
          <hr />
          <div
            class="button-wrap"
          >
            <button
              class="c3 Button btn btn-secondary"
              data-testid="cancel-modal-button"
              title="cancel-modal"
              type="button"
            >
              <div
                class="Button__value"
              >
                Cancel
              </div>
            </button>
            <button
              class="c3 Button btn btn-primary"
              data-testid="ok-modal-button"
              title="ok-modal"
              type="button"
            >
              <div
                class="Button__value"
              >
                Continue
              </div>
            </button>
          </div>
        </div>
      </div>
    </div>
  </div>
</body>
`;
