// Jest Snapshot v1, https://goo.gl/fbAQLP

exports[`ProjectSummaryView component matches snapshot 1`] = `
<DocumentFragment>
  <div
    class="Toastify"
  />
  <div />
  .c3 {
  float: right;
  cursor: pointer;
}

.c2 {
  font-weight: bold;
  border-bottom: 0.2rem solid;
  margin-bottom: 2rem;
}

.c1 {
  margin: 1.5rem;
  padding: 1.5rem;
  background-color: white;
  text-align: left;
  border-radius: 0.5rem;
}

.c5.required::before {
  content: '*';
  position: absolute;
  top: 0.75rem;
  left: 0rem;
}

.c4 {
  font-weight: bold;
}

.c6 {
  font-weight: bold;
  border-bottom-style: solid;
  border-bottom-color: grey;
  border-bottom-width: 0.1rem;
  margin-bottom: 1rem;
}

.c0 {
  text-align: right;
}

<div
    class=""
  >
    <div
      class="c0 mr-3 my-1"
    />
    <div
      class="c1 form-section"
    >
      <h2
        class="c2"
      >
        <div
          class="no-gutters row"
        >
          <div
            class="col"
          >
            Project Details
          </div>
          <div
            class="col-1"
          >
            <svg
              class="c3"
              fill="currentColor"
              height="1em"
              stroke="currentColor"
              stroke-width="0"
              viewBox="0 0 24 24"
              width="1em"
              xmlns="http://www.w3.org/2000/svg"
            >
              <title>
                collapse-section
              </title>
              <path
                d="M0 0h24v24H0z"
                fill="none"
              />
              <path
                d="M7 14l5-5 5 5z"
              />
            </svg>
          </div>
        </div>
      </h2>
      <div
        class="collapse show"
      >
        <div
          class="pb-2 row"
        >
          <div
            class="pr-0 text-left col-12"
          >
            <label
              class="c4"
            >
              Project summary:
            </label>
          </div>
          <div
            class="c5 text-left col"
          >
            Summary of the Project Cool A
          </div>
        </div>
      </div>
    </div>
    <div
      class=""
    >
      <div
        class="c1 form-section"
      >
        <h2
          class="c2"
        >
          <div
            class="no-gutters row"
          >
            <div
              class="col"
            >
              Associated Products
            </div>
            <div
              class="col-1"
            >
              <svg
                class="c3"
                fill="currentColor"
                height="1em"
                stroke="currentColor"
                stroke-width="0"
                viewBox="0 0 24 24"
                width="1em"
                xmlns="http://www.w3.org/2000/svg"
              >
                <title>
                  collapse-section
                </title>
                <path
                  d="M0 0h24v24H0z"
                  fill="none"
                />
                <path
                  d="M7 14l5-5 5 5z"
                />
              </svg>
            </div>
          </div>
        </h2>
        <div
          class="collapse show"
        >
          <div
            class="pb-5"
          >
            <div
              class="c6"
            >
              70 - Product A
            </div>
            <div
              class="pb-2 row"
            >
              <div
                class="pr-0 text-left col-2"
              >
                <label
                  class="c4"
                >
                  Start Date:
                </label>
              </div>
              <div
                class="c5 text-left col"
              >
                Feb 1, 2023
              </div>
            </div>
            <div
              class="pb-2 row"
            >
              <div
                class="pr-0 text-left col-2"
              >
                <label
                  class="c4"
                >
                  Cost estimate:
                </label>
              </div>
              <div
                class="c5 text-left col"
              >
                $60.00 as of Feb 2, 2023
              </div>
            </div>
            <div
              class="pb-2 row"
            >
              <div
                class="pr-0 text-left col-12"
              >
                <label
                  class="c4"
                >
                  Objectives:
                </label>
              </div>
              <div
                class="c5 text-left col"
              >
                Objective of Product A
              </div>
            </div>
            <div
              class="pb-2 row"
            >
              <div
                class="pr-0 text-left col-12"
              >
                <label
                  class="c4"
                >
                  Scope:
                </label>
              </div>
              <div
                class="c5 text-left col"
              >
                Scope of Product A
              </div>
            </div>
          </div>
          <div
            class=""
          >
            <div
              class="c6"
            >
              71 - Product B
            </div>
            <div
              class="pb-2 row"
            >
              <div
                class="pr-0 text-left col-2"
              >
                <label
                  class="c4"
                >
                  Start Date:
                </label>
              </div>
              <div
                class="c5 text-left col"
              >
                Feb 3, 2023
              </div>
            </div>
            <div
              class="pb-2 row"
            >
              <div
                class="pr-0 text-left col-2"
              >
                <label
                  class="c4"
                >
                  Cost estimate:
                </label>
              </div>
              <div
                class="c5 text-left col"
              >
                $61.00 as of Feb 4, 2023
              </div>
            </div>
            <div
              class="pb-2 row"
            >
              <div
                class="pr-0 text-left col-12"
              >
                <label
                  class="c4"
                >
                  Objectives:
                </label>
              </div>
              <div
                class="c5 text-left col"
              >
                Objective of Product B
              </div>
            </div>
            <div
              class="pb-2 row"
            >
              <div
                class="pr-0 text-left col-12"
              >
                <label
                  class="c4"
                >
                  Scope:
                </label>
              </div>
              <div
                class="c5 text-left col"
              >
                Scope of Product B
              </div>
            </div>
          </div>
        </div>
      </div>
    </div>
  </div>
</DocumentFragment>
`;
