// Jest Snapshot v1, https://goo.gl/fbAQLP

exports[`Property list view matches snapshot 1`] = `
<DocumentFragment>
  <div
    class="Toastify"
  />
  <div />
  .c4.btn {
  display: -webkit-box;
  display: -webkit-flex;
  display: -ms-flexbox;
  display: flex;
  -webkit-align-items: center;
  -webkit-box-align: center;
  -ms-flex-align: center;
  align-items: center;
  -webkit-box-pack: center;
  -webkit-justify-content: center;
  -ms-flex-pack: center;
  justify-content: center;
  padding: 0.4rem 1.2rem;
  min-height: 3rem;
  border: 0.2rem solid transparent;
  border-radius: 0.4rem;
  text-align: center;
  -webkit-text-decoration: none;
  text-decoration: none;
  font-size: 1.8rem;
  font-family: 'BCSans','Noto Sans',Verdana,Arial,sans-serif;
  font-weight: 700;
  -webkit-letter-spacing: 0.1rem;
  -moz-letter-spacing: 0.1rem;
  -ms-letter-spacing: 0.1rem;
  letter-spacing: 0.1rem;
  cursor: pointer;
}

.c4.btn:hover {
  -webkit-text-decoration: underline;
  text-decoration: underline;
  opacity: 0.8;
}

.c4.btn:focus {
  outline-width: 0.4rem;
  outline-style: solid;
  outline-offset: 1px;
  box-shadow: none;
}

.c4.btn.btn-primary {
  border: none;
}

.c4.btn.btn-secondary {
  background: none;
}

.c4.btn.btn-info {
  border: none;
  background: none;
  padding-left: 0.6rem;
  padding-right: 0.6rem;
}

.c4.btn.btn-info:hover,
.c4.btn.btn-info:active,
.c4.btn.btn-info:focus {
  background: none;
}

.c4.btn.btn-light {
  border: none;
}

.c4.btn.btn-dark {
  border: none;
}

.c4.btn.btn-link {
  font-size: 1.6rem;
  font-weight: 400;
  background: none;
  border: none;
  -webkit-text-decoration: none;
  text-decoration: none;
  min-height: 2.5rem;
  line-height: 3rem;
  -webkit-box-pack: left;
  -webkit-justify-content: left;
  -ms-flex-pack: left;
  justify-content: left;
  -webkit-letter-spacing: unset;
  -moz-letter-spacing: unset;
  -ms-letter-spacing: unset;
  letter-spacing: unset;
  text-align: left;
  padding: 0;
}

.c4.btn.btn-link:hover,
.c4.btn.btn-link:active,
.c4.btn.btn-link:focus {
  -webkit-text-decoration: underline;
  text-decoration: underline;
  border: none;
  background: none;
  box-shadow: none;
  outline: none;
}

.c4.btn.btn-link:disabled,
.c4.btn.btn-link.disabled {
  background: none;
  pointer-events: none;
}

.c4.btn:disabled,
.c4.btn:disabled:hover {
  box-shadow: none;
  -webkit-user-select: none;
  -moz-user-select: none;
  -ms-user-select: none;
  user-select: none;
  pointer-events: none;
  cursor: not-allowed;
  opacity: 0.65;
}

.c4.Button .Button__icon {
  margin-right: 1.6rem;
}

.c4.Button--icon-only:focus {
  outline: none;
}

.c4.Button--icon-only .Button__icon {
  margin-right: 0;
}

.c8.c8.btn {
  background-color: unset;
  border: none;
}

.c8.c8.btn:hover,
.c8.c8.btn:focus,
.c8.c8.btn:active {
  background-color: unset;
  outline: none;
  box-shadow: none;
}

.c8.c8.btn svg {
  -webkit-transition: all 0.3s ease-out;
  transition: all 0.3s ease-out;
}

.c8.c8.btn svg:hover {
  -webkit-transition: all 0.3s ease-in;
  transition: all 0.3s ease-in;
}

.c5 {
  display: -webkit-box;
  display: -webkit-flex;
  display: -ms-flexbox;
  display: flex;
}

.c5 div:nth-child(2) div:nth-child(1) {
  cursor: auto;
}

.c5 div:nth-child(2) div:nth-child(1) svg {
  fill: #909090;
}

.c5 div:nth-child(1) div:nth-child(1) {
  cursor: pointer;
}

.c5 div:nth-child(1) div:nth-child(1) svg {
  fill: #003366;
}

.c6 {
  -webkit-flex: 1;
  -ms-flex: 1;
  flex: 1;
  width: 100%;
}

.c7 {
  display: -webkit-box;
  display: -webkit-flex;
  display: -ms-flexbox;
  display: flex;
  -webkit-flex-shrink: 0;
  -ms-flex-negative: 0;
  flex-shrink: 0;
  -webkit-flex-direction: row;
  -ms-flex-direction: row;
  flex-direction: row;
  -webkit-align-items: center;
  -webkit-box-align: center;
  -ms-flex-align: center;
  align-items: center;
}

.c7 svg {
  min-width: -webkit-max-content;
  min-width: -moz-max-content;
  min-width: max-content;
}

.c2 {
  padding-right: 0 !important;
}

.c2 .form-control {
  border-top-right-radius: 0;
  border-bottom-right-radius: 0;
}

.c1 {
  padding-right: 0 !important;
  border-right: 0 !important;
}

.c3 {
  padding-left: 0 !important;
}

.c3 .form-control {
  border-top-left-radius: 0;
  border-bottom-left-radius: 0;
}

.c0 {
  -webkit-transition: margin 1s;
  transition: margin 1s;
  grid-area: filter;
  background-color: $filter-background-color;
  box-shadow: 0px 4px 5px rgba(0,0,0,0.2);
  z-index: 500;
}

.c0 .map-filter-bar {
  -webkit-align-items: center;
  -webkit-box-align: center;
  -ms-flex-align: center;
  align-items: center;
  -webkit-box-pack: center;
  -webkit-justify-content: center;
  -ms-flex-pack: center;
  justify-content: center;
  padding: 0.5rem 0;
}

.c0 .map-filter-bar .vl {
  border-left: 6px solid rgba(96,96,96,0.2);
  height: 4rem;
  margin-left: 1%;
  margin-right: 1%;
  border-width: 0.2rem;
}

.c0 .map-filter-bar .btn-primary {
  color: white;
  font-weight: bold;
  height: 3.5rem;
  width: 3.5rem;
  min-height: unset;
  padding: 0;
}

.c0 .map-filter-bar .form-control {
  font-size: 1.4rem;
}

.c0 .form-group {
  margin-bottom: 0;
}

<div
    class="PropertyListView container-fluid"
  >
    <div
      class="filter-container border-bottom container-fluid"
    >
      <div
        class="c0 px-0 container-fluid"
      >
        <form
          class=""
          novalidate=""
        >
          <div
            class="map-filter-bar pb-4 form-row"
          >
            <div
              class="col-auto"
            >
              <span>
                Search:
              </span>
            </div>
            <div
              class="c1 col-xl-1 col-lg-1 col-md-1 col-1"
            >
              <div
                class="c2 idir-input-group form-group"
              >
                <select
                  class="form-select form-control"
                  id="input-searchBy"
                  name="searchBy"
                >
                  <option
                    class="option"
                    data-testid="select-option-pinOrPid"
                    value="pinOrPid"
                  >
                    PID/PIN
                  </option>
                  <option
                    class="option"
                    data-testid="select-option-address"
                    value="address"
                  >
                    Address
                  </option>
                  <option
                    class="option"
                    data-testid="select-option-planNumber"
                    value="planNumber"
                  >
                    Plan #
                  </option>
                </select>
              </div>
            </div>
            <div
              class="c3 col-xl-3 col-lg-4 col-md-2 col-3"
            >
              <div
                class="input form-group"
              >
                <input
                  class="form-control"
                  id="input-pinOrPid"
                  name="pinOrPid"
                  placeholder="Enter a PID or PIN"
                  title=""
                  value=""
                />
              </div>
            </div>
            <div
              class="col-auto"
            >
              <button
                class="c4 Button Button--icon-only primary btn btn-primary"
                data-testid="search"
                id="search-button"
                title="search"
                type="submit"
              >
                <div
                  class="Button__icon"
                >
                  <svg
                    fill="currentColor"
                    height="20"
                    stroke="currentColor"
                    stroke-width="0"
                    viewBox="0 0 512 512"
                    width="20"
                    xmlns="http://www.w3.org/2000/svg"
                  >
                    <path
                      d="M505 442.7L405.3 343c-4.5-4.5-10.6-7-17-7H372c27.6-35.3 44-79.7 44-128C416 93.1 322.9 0 208 0S0 93.1 0 208s93.1 208 208 208c48.3 0 92.7-16.4 128-44v16.3c0 6.4 2.5 12.5 7 17l99.7 99.7c9.4 9.4 24.6 9.4 33.9 0l28.3-28.3c9.4-9.4 9.4-24.6.1-34zM208 336c-70.7 0-128-57.2-128-128 0-70.7 57.2-128 128-128 70.7 0 128 57.2 128 128 0 70.7-57.2 128-128 128z"
                    />
                  </svg>
                </div>
              </button>
            </div>
            <div
              class="col-auto"
            >
              <button
                class="c4 Button Button--icon-only btn btn-info"
                data-testid="reset-button"
                id="reset-button"
                title="reset-button"
                type="reset"
              >
                <div
                  class="Button__icon"
                >
                  <svg
                    fill="currentColor"
                    height="20"
                    stroke="currentColor"
                    stroke-width="0"
                    viewBox="0 0 512 512"
                    width="20"
                    xmlns="http://www.w3.org/2000/svg"
                  >
                    <path
                      d="M212.333 224.333H12c-6.627 0-12-5.373-12-12V12C0 5.373 5.373 0 12 0h48c6.627 0 12 5.373 12 12v78.112C117.773 39.279 184.26 7.47 258.175 8.007c136.906.994 246.448 111.623 246.157 248.532C504.041 393.258 393.12 504 256.333 504c-64.089 0-122.496-24.313-166.51-64.215-5.099-4.622-5.334-12.554-.467-17.42l33.967-33.967c4.474-4.474 11.662-4.717 16.401-.525C170.76 415.336 211.58 432 256.333 432c97.268 0 176-78.716 176-176 0-97.267-78.716-176-176-176-58.496 0-110.28 28.476-142.274 72.333h98.274c6.627 0 12 5.373 12 12v48c0 6.627-5.373 12-12 12z"
                    />
                  </svg>
                </div>
              </button>
            </div>
            <div
              class="bar-item col-auto"
            >
              <div
                class="c5"
              >
                <div
                  class="c6"
                >
                  <div
                    class="c7"
                  >
                    <svg>
                      icon-map.svg
                    </svg>
                  </div>
                </div>
                <div
                  class="c6"
                >
                  <div
                    class="c7"
                  >
                    <svg>
                      icon-table.svg
                    </svg>
                  </div>
                </div>
              </div>
            </div>
          </div>
        </form>
      </div>
    </div>
    <div
      class="ScrollContainer"
    >
      <div
        class="TableToolbar px-0 container-fluid"
      >
        <h3>
          Property Information
        </h3>
        <div
          class="menu"
        />
        <button
          class="c4 Button c8 btn btn-primary"
          type="button"
        >
          <div
            class="Button__value"
          >
            <svg
              data-testid="excel-icon"
              fill="currentColor"
              height="36"
              stroke="currentColor"
              stroke-width="0"
              viewBox="0 0 384 512"
              width="36"
              xmlns="http://www.w3.org/2000/svg"
            >
              <path
                d="M224 136V0H24C10.7 0 0 10.7 0 24v464c0 13.3 10.7 24 24 24h336c13.3 0 24-10.7 24-24V160H248c-13.2 0-24-10.8-24-24zm60.1 106.5L224 336l60.1 93.5c5.1 8-.6 18.5-10.1 18.5h-34.9c-4.4 0-8.5-2.4-10.6-6.3C208.9 405.5 192 373 192 373c-6.4 14.8-10 20-36.6 68.8-2.1 3.9-6.1 6.3-10.5 6.3H110c-9.5 0-15.2-10.5-10.1-18.5l60.3-93.5-60.3-93.5c-5.2-8 .6-18.5 10.1-18.5h34.8c4.4 0 8.5 2.4 10.6 6.3 26.1 48.8 20 33.6 36.6 68.5 0 0 6.1-11.7 36.6-68.5 2.1-3.9 6.2-6.3 10.6-6.3H274c9.5-.1 15.2 10.4 10.1 18.4zM384 121.9v6.1H256V0h6.1c6.4 0 12.5 2.5 17 7l97.9 98c4.5 4.5 7 10.6 7 16.9z"
              />
            </svg>
          </div>
        </button>
        <button
          class="c4 Button c8 btn btn-primary"
          type="button"
        >
          <div
            class="Button__value"
          >
            <svg
              data-testid="csv-icon"
              fill="currentColor"
              height="36"
              stroke="currentColor"
              stroke-width="0"
              viewBox="0 0 384 512"
              width="36"
              xmlns="http://www.w3.org/2000/svg"
            >
              <path
                d="M224 136V0H24C10.7 0 0 10.7 0 24v464c0 13.3 10.7 24 24 24h336c13.3 0 24-10.7 24-24V160H248c-13.2 0-24-10.8-24-24zm64 236c0 6.6-5.4 12-12 12H108c-6.6 0-12-5.4-12-12v-8c0-6.6 5.4-12 12-12h168c6.6 0 12 5.4 12 12v8zm0-64c0 6.6-5.4 12-12 12H108c-6.6 0-12-5.4-12-12v-8c0-6.6 5.4-12 12-12h168c6.6 0 12 5.4 12 12v8zm0-72v8c0 6.6-5.4 12-12 12H108c-6.6 0-12-5.4-12-12v-8c0-6.6 5.4-12 12-12h168c6.6 0 12 5.4 12 12zm96-114.1v6.1H256V0h6.1c6.4 0 12.5 2.5 17 7l97.9 98c4.5 4.5 7 10.6 7 16.9z"
              />
            </svg>
          </div>
        </button>
      </div>
      <div
        class="table"
        data-testid="propertiesTable"
        role="table"
      >
        <div
          class="thead thead-light"
        >
          <div
            class="tr"
            role="row"
            style="display: flex; flex: 1 0 auto; min-width: 250px;"
          >
            <div
              class="th"
              colspan="1"
              role="columnheader"
              style="box-sizing: border-box; flex: 40 0 auto; min-width: 30px; width: 40px; justify-content: right; text-align: right; flex-wrap: wrap; align-items: center; display: flex;"
            >
              <div
                class="sortable-column"
              >
                PID
              </div>
            </div>
            <div
              class="th"
              colspan="1"
              role="columnheader"
              style="box-sizing: border-box; flex: 40 0 auto; min-width: 30px; width: 40px; justify-content: right; text-align: right; flex-wrap: wrap; align-items: center; display: flex;"
            >
              <div
                class="sortable-column"
              >
                PIN
              </div>
            </div>
            <div
              class="th"
              colspan="1"
              role="columnheader"
              style="box-sizing: border-box; flex: 150 0 auto; min-width: 100px; width: 150px; justify-content: left; text-align: left; flex-wrap: wrap; align-items: center; display: flex;"
            >
              <div
                class="sortable-column"
              >
                Civic Address
              </div>
            </div>
            <div
              class="th"
              colspan="1"
              role="columnheader"
              style="box-sizing: border-box; flex: 50 0 auto; min-width: 30px; width: 50px; justify-content: left; text-align: left; flex-wrap: wrap; align-items: center; display: flex;"
            >
              <div
                class="sortable-column"
              >
                Location
              </div>
            </div>
            <div
              class="th"
              colspan="1"
              role="columnheader"
              style="box-sizing: border-box; flex: 30 0 auto; min-width: 30px; width: 30px; justify-content: right; text-align: right; flex-wrap: wrap; align-items: center; display: flex;"
            >
              <div
                class="sortable-column"
              >
                Lot Size (in ha)
              </div>
            </div>
            <div
              class="th"
              colspan="1"
              role="columnheader"
              style="box-sizing: border-box; flex: 30 0 auto; min-width: 30px; width: 30px; justify-content: right; text-align: right; flex-wrap: wrap; align-items: center; display: flex;"
            >
              <div
                class="sortable-column"
              />
            </div>
          </div>
        </div>
        <div
          class="no-rows-message"
        >
          No rows to display
        </div>
      </div>
      <div
        class="row"
      >
        <div
          class="align-self-center col-auto"
        />
        <div
          class="ml-auto align-self-center col-auto"
        />
        <div
          class="align-self-center col-auto"
        />
      </div>
    </div>
  </div>
</DocumentFragment>
`;
