// Jest Snapshot v1, https://goo.gl/fbAQLP

exports[`MapSelectorModalContainer component renders as expected when provided no properties 1`] = `
<DocumentFragment>
  <div
    class="Toastify"
  />
  <div
    class="Toastify"
  />
  <button
    class="Button btn btn-primary"
    type="button"
  >
    <div
      class="Button__value"
    >
      Select Properties
    </div>
  </button>
</DocumentFragment>
`;
