// Jest Snapshot v1, https://goo.gl/fbAQLP

exports[`LtsaTabView component renders as expected when provided valid ltsa data object and requested on datetime 1`] = `
<DocumentFragment>
  <div
    class="Toastify"
  />
  <div
    class="Toastify"
  />
  .c7 {
  display: -webkit-box;
  display: -webkit-flex;
  display: -ms-flexbox;
  display: flex;
  -webkit-align-items: baseline;
  -webkit-box-align: baseline;
  -ms-flex-align: baseline;
  align-items: baseline;
  gap: 0.8rem;
}

.c7 .form-label {
  -webkit-flex-shrink: 0;
  -ms-flex-negative: 0;
  flex-shrink: 0;
}

.c6 {
  font-weight: bold;
}

.c0 {
  overflow-y: auto;
}

.c4 {
  margin: 1.5rem;
  padding: 1.5rem;
  background-color: white;
  text-align: left;
}

.c5 {
  font-weight: bold;
  border-bottom: 0.2rem solid;
  margin-bottom: 2rem;
}

.c2 {
  margin: 1.5rem;
  padding: 0.5rem 1.5rem;
  background-color: white;
  text-align: left;
}

.c3 {
  display: -webkit-box;
  display: -webkit-flex;
  display: -ms-flexbox;
  display: flex;
  -webkit-flex-wrap: nowrap;
  -ms-flex-wrap: nowrap;
  flex-wrap: nowrap;
  -webkit-flex-direction: row;
  -ms-flex-direction: row;
  flex-direction: row;
  -webkit-align-items: center;
  -webkit-box-align: center;
  -ms-flex-align: center;
  align-items: center;
  gap: 0.8rem;
  font-style: italic;
}

.c1.c1.c1 input,
.c1.c1.c1 select,
.c1.c1.c1 textarea {
  background: none;
  border: none;
  resize: none;
  height: -webkit-fit-content;
  height: -moz-fit-content;
  height: fit-content;
  padding: 0;
}

.c0.c0.c0 .form-label {
  font-weight: bold;
}

<form
    action="#"
    class="c0"
  >
    <div
      class="c1"
    >
      <h2
        class="c2"
      >
        <div
          class="c3"
        >
          This data was retrived from LTSA on 06-Apr-2022 11:32 AM
        </div>
      </div>
      <div
        class="c4"
      >
        <h2
          class="c5"
        >
          Title Details
        </h2>
        <div
          class="pb-2 row"
        >
          <div
            class="col-4"
          >
            <label
              class="c6"
            >
              Title number:
            </label>
          </div>
          <div
            class="col"
          >
            <div
              class="input form-group"
            >
              <input
                class="form-control"
                disabled=""
                id="input-titleOrders.0.orderedProduct.fieldedData.titleIdentifier.titleNumber"
                name="titleOrders.0.orderedProduct.fieldedData.titleIdentifier.titleNumber"
                title="BL264819"
                value="BL264819"
              />
            </div>
          </div>
        </div>
        <div
          class="col-4"
        >
          <label
            class="c3"
          >
            <label
              class="c6"
            >
              Land title district:
            </label>
          </div>
          <div
            class="col"
          >
            <div
              class="input form-group"
            >
              <input
                class="form-control"
                disabled=""
                id="input-titleOrders.0.orderedProduct.fieldedData.titleIdentifier.landTitleDistrict"
                name="titleOrders.0.orderedProduct.fieldedData.titleIdentifier.landTitleDistrict"
                value=""
              />
            </div>
          </div>
        </div>
        <div
          class="col"
        >
          <div
            class="input form-group"
          >
            <label
              class="c6"
            >
              Taxation authorities:
            </label>
          </div>
          <div
            class="col"
          >
            <div
              class="textarea input form-group"
            >
              <textarea
                class="form-control"
                disabled=""
                id="input-titleOrders.0.orderedProduct.fieldedData.taxAuthorities"
                name="titleOrders.0.orderedProduct.fieldedData.taxAuthorities"
                title="Delta, City of"
              >
                Delta, City of
              </textarea>
            </div>
          </div>
        </div>
      </div>
      <div
        class="c4"
      >
        <h2
          class="c5"
        >
          Land
        </h2>
        <div
          class="col-4"
        >
          <div
            class="col-4"
          >
            <label
              class="c6"
            >
              PID:
            </label>
          </div>
          <div
            class="col"
          >
            Land title district:
          </label>
        </div>
        <div
          class="col"
        >
          <div
            class="col-4"
          >
            <label
              class="c6"
            >
              Legal Description:
            </label>
          </div>
          <div
            class="col"
          >
            <input
              class="form-control"
              disabled=""
              id="input-titleOrders.0.orderedProduct.fieldedData.titleIdentifier.landTitleDistrict"
              name="titleOrders.0.orderedProduct.fieldedData.titleIdentifier.landTitleDistrict"
              value=""
            />
          </div>
        </div>
      </div>
      <div
        class="pb-2 row"
      >
        <div
          class="col-4"
        >
          <div
            class="col"
          >
            <div
              class="c7 input form-group"
            >
              <label
                class="form-label"
                for="input-titleOrders.0.orderedProduct.fieldedData.legalNotationsOnTitle.0.legalNotationNumber"
              >
                Legal Notations: 
              </label>
              <input
                class="form-control"
                id="input-titleOrders.0.orderedProduct.fieldedData.legalNotationsOnTitle.0.legalNotationNumber"
                name="titleOrders.0.orderedProduct.fieldedData.legalNotationsOnTitle.0.legalNotationNumber"
                title="CV1442411"
                value="CV1442411"
              />
            </div>
          </div>
          <div
            class="col"
          >
            <div
              class="c7 input form-group"
            >
              <label
                class="form-label"
                for="input-titleOrders.0.orderedProduct.fieldedData.legalNotationsOnTitle.0.status"
              >
                Status: 
              </label>
              <input
                class="form-control"
                id="input-titleOrders.0.orderedProduct.fieldedData.legalNotationsOnTitle.0.status"
                name="titleOrders.0.orderedProduct.fieldedData.legalNotationsOnTitle.0.status"
                title="ACTIVE"
                value="ACTIVE"
              />
            </div>
          </div>
          <div
            class="col"
          >
            <div
              class="c7 input form-group"
            >
              <label
                class="form-label"
                for="input-titleOrders.0.orderedProduct.fieldedData.legalNotationsOnTitle.0.cancellationDate"
              >
                Cancellation date: 
              </label>
              <input
                class="form-control"
                id="input-titleOrders.0.orderedProduct.fieldedData.legalNotationsOnTitle.0.cancellationDate"
                name="titleOrders.0.orderedProduct.fieldedData.legalNotationsOnTitle.0.cancellationDate"
                value=""
              />
            </div>
          </div>
        </div>
        <div
          class="col"
        >
          <div
            class="textarea input form-group"
          >
            <textarea
              class="form-control"
              disabled=""
              id="input-titleOrders.0.orderedProduct.fieldedData.taxAuthorities"
              name="titleOrders.0.orderedProduct.fieldedData.taxAuthorities"
              title="Delta, City of"
            >
              Delta, City of
            </textarea>
          </div>
        </div>
      </div>
    </div>
    <div
      class="c1"
    >
      <h2
        class="c2"
      >
        Land
      </h2>
      <div
        class="pb-2 row"
      >
        <div
          class="col-4"
        >
          <div
            class="col"
          >
            <div
              class="c7 input form-group"
            >
              <label
                class="form-label"
                for="input-titleOrders.0.orderedProduct.fieldedData.legalNotationsOnTitle.1.legalNotationNumber"
              >
                Legal Notations: 
              </label>
              <input
                class="form-control"
                id="input-titleOrders.0.orderedProduct.fieldedData.legalNotationsOnTitle.1.legalNotationNumber"
                name="titleOrders.0.orderedProduct.fieldedData.legalNotationsOnTitle.1.legalNotationNumber"
                title="CV1442412"
                value="CV1442412"
              />
            </div>
          </div>
          <div
            class="col"
          >
            <div
              class="c7 input form-group"
            >
              <label
                class="form-label"
                for="input-titleOrders.0.orderedProduct.fieldedData.legalNotationsOnTitle.1.status"
              >
                Status: 
              </label>
              <input
                class="form-control"
                id="input-titleOrders.0.orderedProduct.fieldedData.legalNotationsOnTitle.1.status"
                name="titleOrders.0.orderedProduct.fieldedData.legalNotationsOnTitle.1.status"
                title="ACTIVE"
                value="ACTIVE"
              />
            </div>
          </div>
          <div
            class="col"
          >
            <div
              class="c7 input form-group"
            >
              <label
                class="form-label"
                for="input-titleOrders.0.orderedProduct.fieldedData.legalNotationsOnTitle.1.cancellationDate"
              >
                Cancellation date: 
              </label>
              <input
                class="form-control"
                id="input-titleOrders.0.orderedProduct.fieldedData.legalNotationsOnTitle.1.cancellationDate"
                name="titleOrders.0.orderedProduct.fieldedData.legalNotationsOnTitle.1.cancellationDate"
                value=""
              />
            </div>
          </div>
        </div>
        <div
          class="col"
        >
          <div
            class="input form-group"
          >
            <input
              class="form-control"
              id="input-titleOrders.0.orderedProduct.fieldedData.descriptionsOfLand.0.parcelIdentifier"
              name="titleOrders.0.orderedProduct.fieldedData.descriptionsOfLand.0.parcelIdentifier"
              title="009-212-434"
              value="009-212-434"
            />
          </div>
        </div>
      </div>
      <div
        class="pb-2 row"
      >
        <div
          class="col-4"
        >
          <div
            class="col"
          >
            <div
              class="c7 input form-group"
            >
              <label
                class="form-label"
                for="input-titleOrders.0.orderedProduct.fieldedData.legalNotationsOnTitle.2.legalNotationNumber"
              >
                Legal Notations: 
              </label>
              <input
                class="form-control"
                id="input-titleOrders.0.orderedProduct.fieldedData.legalNotationsOnTitle.2.legalNotationNumber"
                name="titleOrders.0.orderedProduct.fieldedData.legalNotationsOnTitle.2.legalNotationNumber"
                title="CV1442414"
                value="CV1442414"
              />
            </div>
          </div>
          <div
            class="col"
          >
            <div
              class="c7 input form-group"
            >
              <label
                class="form-label"
                for="input-titleOrders.0.orderedProduct.fieldedData.legalNotationsOnTitle.2.status"
              >
                Status: 
              </label>
              <input
                class="form-control"
                id="input-titleOrders.0.orderedProduct.fieldedData.legalNotationsOnTitle.2.status"
                name="titleOrders.0.orderedProduct.fieldedData.legalNotationsOnTitle.2.status"
                title="ACTIVE"
                value="ACTIVE"
              />
            </div>
          </div>
          <div
            class="col"
          >
            <div
              class="c7 input form-group"
            >
              <label
                class="form-label"
                for="input-titleOrders.0.orderedProduct.fieldedData.legalNotationsOnTitle.2.cancellationDate"
              >
                Cancellation date: 
              </label>
              <input
                class="form-control"
                id="input-titleOrders.0.orderedProduct.fieldedData.legalNotationsOnTitle.2.cancellationDate"
                name="titleOrders.0.orderedProduct.fieldedData.legalNotationsOnTitle.2.cancellationDate"
                value=""
              />
            </div>
          </div>
        </div>
        <div
          class="col"
        >
          <p>
            LOT 4 EXCEPT: FIRSTLY: PART ON STATUTORY RIGHT OF WAY PLAN 30557;
SECONDLY: PART ON STATUTORY RIGHT OF WAY PLAN 45999A;
DISTRICT LOT 26 GROUP 2 AND SECTION 11 TOWNSHIP 6 NEW WESTMINSTER DISTRICT
PLAN 24843
          </p>
        </div>
      </div>
      <div
        class="c4"
      >
        <h2
          class="c5"
        >
          Charges, Liens and Interests
        </h2>
        <div
          class="col"
        >
          <div
            class="c4 input form-group"
          >
            <label
              class="c6"
            >
              Legal Notations: 
            </label>
            <input
              class="form-control"
              id="input-titleOrders.0.orderedProduct.fieldedData.legalNotationsOnTitle.0.legalNotationNumber"
              name="titleOrders.0.orderedProduct.fieldedData.legalNotationsOnTitle.0.legalNotationNumber"
              title="CV1442411"
              value="CV1442411"
            />
          </div>
        </div>
        <div
          class="col"
        >
          <div
            class="c4 input form-group"
          >
            <label
              class="c6"
            >
              Status: 
            </label>
            <input
              class="form-control"
              id="input-titleOrders.0.orderedProduct.fieldedData.legalNotationsOnTitle.0.status"
              name="titleOrders.0.orderedProduct.fieldedData.legalNotationsOnTitle.0.status"
              title="ACTIVE"
              value="ACTIVE"
            />
          </div>
        </div>
        <div
          class="col"
        >
          <div
            class="c4 input form-group"
          >
            <label
              class="c6"
            >
              Cancellation date: 
            </label>
            <input
              class="form-control"
              id="input-titleOrders.0.orderedProduct.fieldedData.legalNotationsOnTitle.0.cancellationDate"
              name="titleOrders.0.orderedProduct.fieldedData.legalNotationsOnTitle.0.cancellationDate"
              value=""
            />
          </div>
        </div>
      </div>
      <div
        class="pb-2 row"
      >
        <div
          class="col-4"
        />
        <div
          class="col"
        >
          <div
            class="col-4"
          >
            <label
              class="c6"
            >
              Registered owner:
            </label>
          </div>
          <div
            class="col"
          >
            <div
              class="input form-group"
            >
              <input
                class="form-control"
                id="input-titleOrders.0.orderedProduct.fieldedData.chargesOnTitle.0.charge.chargeOwnershipGroups.0.chargeOwners.0.lastNameOrCorpName1"
                name="titleOrders.0.orderedProduct.fieldedData.chargesOnTitle.0.charge.chargeOwnershipGroups.0.chargeOwners.0.lastNameOrCorpName1"
                title="BRITISH COLUMBIA HYDRO AND POWER AUTHORITY"
                value="BRITISH COLUMBIA HYDRO AND POWER AUTHORITY"
              />
            </div>
          </div>
        </div>
      </div>
      <div
        class="pb-2 row"
      >
        <div
          class="col"
        >
          <div
            class="c4 input form-group"
          >
            <label
              class="c6"
            >
              Legal Notations: 
            </label>
            <input
              class="form-control"
              id="input-titleOrders.0.orderedProduct.fieldedData.legalNotationsOnTitle.1.legalNotationNumber"
              name="titleOrders.0.orderedProduct.fieldedData.legalNotationsOnTitle.1.legalNotationNumber"
              title="CV1442412"
              value="CV1442412"
            />
          </div>
        </div>
        <div
          class="col"
        >
          <div
            class="c4 input form-group"
          >
            <label
              class="c6"
            >
              Status: 
            </label>
            <input
              class="form-control"
              id="input-titleOrders.0.orderedProduct.fieldedData.legalNotationsOnTitle.1.status"
              name="titleOrders.0.orderedProduct.fieldedData.legalNotationsOnTitle.1.status"
              title="ACTIVE"
              value="ACTIVE"
            />
          </div>
        </div>
        <div
          class="col"
        >
          <div
            class="c4 input form-group"
          >
            <label
              class="c6"
            >
              Cancellation date: 
            </label>
            <input
              class="form-control"
              id="input-titleOrders.0.orderedProduct.fieldedData.legalNotationsOnTitle.1.cancellationDate"
              name="titleOrders.0.orderedProduct.fieldedData.legalNotationsOnTitle.1.cancellationDate"
              value=""
            />
          </div>
        </div>
      </div>
      <div
        class="pb-2 row"
      >
        <div
          class="col-4"
        />
        <div
          class="col"
        >
          <p>
            ZONING REGULATION AND PLAN UNDER THE AERONAUTICS ACT (CANADA) FILED
10.2.1981 UNDER NO. T17084 PLAN NO. 61216
          </p>
        </div>
      </div>
      <div
        class="pb-2 row"
      >
        <div
          class="col"
        >
          <div
            class="c4 input form-group"
          >
            <label
              class="c6"
            >
              Legal Notations: 
            </label>
            <input
              class="form-control"
              id="input-titleOrders.0.orderedProduct.fieldedData.legalNotationsOnTitle.2.legalNotationNumber"
              name="titleOrders.0.orderedProduct.fieldedData.legalNotationsOnTitle.2.legalNotationNumber"
              title="CV1442414"
              value="CV1442414"
            />
          </div>
        </div>
        <div
          class="col"
        >
          <div
            class="c4 input form-group"
          >
            <label
              class="c6"
            >
              Status: 
            </label>
            <input
              class="form-control"
              id="input-titleOrders.0.orderedProduct.fieldedData.legalNotationsOnTitle.2.status"
              name="titleOrders.0.orderedProduct.fieldedData.legalNotationsOnTitle.2.status"
              title="ACTIVE"
              value="ACTIVE"
            />
          </div>
        </div>
        <div
          class="col"
        >
          <div
            class="c4 input form-group"
          >
            <label
              class="c6"
            >
              Cancellation date: 
            </label>
            <input
              class="form-control"
              id="input-titleOrders.0.orderedProduct.fieldedData.legalNotationsOnTitle.2.cancellationDate"
              name="titleOrders.0.orderedProduct.fieldedData.legalNotationsOnTitle.2.cancellationDate"
              value=""
            />
          </div>
        </div>
      </div>
      <div
        class="pb-2 row"
      >
        <div
          class="col-4"
        />
        <div
          class="col"
        >
          <p>
            LAND HEREIN CHARGED UNDER THE
MUNICIPAL ACT, PART 25
D.F. D21890
          </p>
        </div>
      </div>
    </div>
    <div
      class="c1"
    >
      <h2
        class="c2"
      >
        Charges, Liens and Interests
      </h2>
      <div
        class="pb-2 row"
      >
        <div
          class="col-4"
        >
          <label
            class="c3"
          >
            Nature:
          </label>
        </div>
        <div
          class="col"
        >
          <div
            class="input form-group"
          >
            <label
              class="c6"
            >
              Registered date:
            </label>
          </div>
        </div>
      </div>
      <div
        class="pb-2 row"
      >
        <div
          class="col-4"
        >
          <label
            class="c3"
          >
            Registration #:
          </label>
        </div>
        <div
          class="col"
        >
          <div
            class="input form-group"
          >
            <label
              class="c6"
            >
              Registered owner:
            </label>
          </div>
        </div>
      </div>
      <div
        class="pb-2 row"
      >
        <div
          class="col-4"
        >
          <label
            class="c3"
          >
            Registered date:
          </label>
        </div>
        <div
          class="col"
        >
          <div
            class="input form-group"
          >
            <label
              class="c6"
            >
              Nature:
            </label>
          </div>
        </div>
      </div>
      <div
        class="pb-2 row"
      >
        <div
          class="col-4"
        >
          <label
            class="c3"
          >
            Registered owner:
          </label>
        </div>
        <div
          class="col"
        >
          <div
            class="input form-group"
          >
            <label
              class="c6"
            >
              Registration #:
            </label>
          </div>
        </div>
      </div>
      <hr />
      <div
        class="pb-2 row"
      >
        <div
          class="col-4"
        >
          <label
            class="c3"
          >
            Nature:
          </label>
        </div>
        <div
          class="col"
        >
          <div
            class="input form-group"
          >
            <label
              class="c6"
            >
              Registered date:
            </label>
          </div>
        </div>
      </div>
      <div
        class="pb-2 row"
      >
        <div
          class="col-4"
        >
          <label
            class="c3"
          >
            Registration #:
          </label>
        </div>
        <div
          class="col"
        >
          <div
            class="input form-group"
          >
            <label
              class="c6"
            >
              Nature:
            </label>
          </div>
        </div>
      </div>
      <div
        class="pb-2 row"
      >
        <div
          class="col-4"
        >
          <label
            class="c3"
          >
            Registered date:
          </label>
        </div>
        <div
          class="col"
        >
          <div
            class="input form-group"
          >
            <label
              class="c6"
            >
              Registration #:
            </label>
          </div>
        </div>
      </div>
      <div
        class="pb-2 row"
      >
        <div
          class="col-4"
        >
          <label
            class="c3"
          >
            Registered owner:
          </label>
        </div>
        <div
          class="col"
        >
          <div
            class="input form-group"
          >
            <label
              class="c6"
            >
              Registered date:
            </label>
          </div>
        </div>
      </div>
      <hr />
      <div
        class="pb-2 row"
      >
        <div
          class="col-4"
        >
          <label
            class="c3"
          >
            Nature:
          </label>
        </div>
        <div
          class="col"
        >
          <div
            class="input form-group"
          >
            <label
              class="c6"
            >
              Registered owner:
            </label>
          </div>
        </div>
      </div>
      <div
        class="pb-2 row"
      >
        <div
          class="col-4"
        >
          <label
            class="c3"
          >
            Registration #:
          </label>
        </div>
        <div
          class="col"
        >
          <div
            class="input form-group"
          >
            <input
              class="form-control"
              id="input-titleOrders.0.orderedProduct.fieldedData.chargesOnTitle.2.charge.chargeNumber"
              name="titleOrders.0.orderedProduct.fieldedData.chargesOnTitle.2.charge.chargeNumber"
              title="BL158885"
              value="BL158885"
            />
          </div>
        </div>
      </div>
      <div
        class="c4"
      >
        <h2
          class="c5"
        >
          <label
            class="c3"
          >
            Registered date:
          </label>
        </div>
        <div
          class="col"
        >
          <div
            class="input form-group"
          >
            <label
              class="c6"
            >
              To:
            </label>
          </div>
        </div>
      </div>
      <div
        class="pb-2 row"
      >
        <div
          class="col-4"
        >
          <label
            class="c3"
          >
            Registered owner:
          </label>
        </div>
        <div
          class="col"
        >
          <div
            class="input form-group"
          >
            <input
              class="form-control"
              id="input-titleOrders.0.orderedProduct.fieldedData.chargesOnTitle.2.charge.chargeOwnershipGroups.0.chargeOwners.0.lastNameOrCorpName1"
              name="titleOrders.0.orderedProduct.fieldedData.chargesOnTitle.2.charge.chargeOwnershipGroups.0.chargeOwners.0.lastNameOrCorpName1"
              title="RICHMOND SAVINGS CREDIT UNION"
              value="RICHMOND SAVINGS CREDIT UNION"
            />
          </div>
        </div>
      </div>
      <hr />
      <div
        class="pb-2 row"
      >
        <div
          class="col-4"
        >
          <label
            class="c3"
          >
            Nature:
          </label>
        </div>
        <div
          class="col"
        >
          <div
            class="input form-group"
          >
            <label
              class="c6"
            >
              Application #:
            </label>
          </div>
        </div>
      </div>
      <div
        class="pb-2 row"
      >
        <div
          class="col-4"
        >
          <label
            class="c3"
          >
            Registration #:
          </label>
        </div>
        <div
          class="col"
        >
          <div
            class="input form-group"
          >
            <input
              class="form-control"
              id="input-titleOrders.0.orderedProduct.fieldedData.chargesOnTitle.3.charge.chargeNumber"
              name="titleOrders.0.orderedProduct.fieldedData.chargesOnTitle.3.charge.chargeNumber"
              title="BR248606"
              value="BR248606"
            />
          </div>
        </div>
      </div>
      <div
        class="pb-2 row"
      >
        <div
          class="col-4"
        >
          <label
            class="c3"
          >
            Registered date:
          </label>
        </div>
        <div
          class="col"
        >
          <div
            class="input form-group"
          >
            <label
              class="c6"
            >
              Document district code:
            </label>
          </div>
        </div>
      </div>
      <hr />
      <div
        class="pb-2 row"
      >
        <div
          class="col-4"
        >
          <label
            class="c3"
          >
            Nature:
          </label>
        </div>
        <div
          class="col"
        >
          <div
            class="input form-group"
          >
            <input
              class="form-control"
              id="input-titleOrders.0.orderedProduct.fieldedData.chargesOnTitle.4.charge.transactionType"
              name="titleOrders.0.orderedProduct.fieldedData.chargesOnTitle.4.charge.transactionType"
              title="STATUTORY RIGHT OF WAY"
              value="STATUTORY RIGHT OF WAY"
            />
          </div>
        </div>
      </div>
      <div
        class="pb-2 row"
      >
        <div
          class="col-4"
        >
          <label
            class="c3"
          >
            Registration #:
          </label>
        </div>
        <div
          class="col"
        >
          <div
            class="input form-group"
          >
            <label
              class="c6"
            >
              Certificate text:
            </label>
          </div>
        </div>
      </div>
      <div
        class="pb-2 row"
      >
        <div
          class="col-4"
        >
          <label
            class="c3"
          >
            Registered date:
          </label>
        </div>
        <div
          class="col"
        >
          <div
            class="input form-group"
          >
            <input
              class="form-control"
              id="input-titleOrders.0.orderedProduct.fieldedData.chargesOnTitle.4.charge.applicationReceivedDate"
              name="titleOrders.0.orderedProduct.fieldedData.chargesOnTitle.4.charge.applicationReceivedDate"
              title="2016-07-13T21:01:28Z"
              value="2016-07-13T21:01:28Z"
            />
          </div>
        </div>
      </div>
      <div
        class="c4"
      >
        <h2
          class="c5"
        >
          <label
            class="c3"
          >
            Registered owner:
          </label>
        </div>
        <div
          class="col"
        >
          <div
            class="input form-group"
          >
            <label
              class="c6"
            >
              Nature:
            </label>
          </div>
        </div>
      </div>
      <div
        class="row"
      >
        <div
          class="col-4"
        />
        <div
          class="col"
        >
          <div
            class="input form-group"
          >
            <input
              class="form-control"
              id="input-titleOrders.0.orderedProduct.fieldedData.chargesOnTitle.4.charge.chargeOwnershipGroups.0.chargeOwners.0.incorporationNumber"
              name="titleOrders.0.orderedProduct.fieldedData.chargesOnTitle.4.charge.chargeOwnershipGroups.0.chargeOwners.0.incorporationNumber"
              title="BC0921753"
              value="BC0921753"
            />
          </div>
        </div>
      </div>
    </div>
    <div
      class="c1"
    >
      <h2
        class="c2"
      >
        Duplicate Indefeasible Title
      </h2>
      <div
        class="pb-2 row"
      >
        <div
          class="col-4"
        >
          <label
            class="c3"
          >
            To:
          </label>
        </div>
        <div
          class="col"
        >
          <div
            class="input form-group"
          >
            <label
              class="c6"
            >
              Registration #:
            </label>
          </div>
        </div>
      </div>
      <div
        class="pb-2 row"
      >
        <div
          class="col-4"
        >
          <label
            class="c3"
          >
            Application #:
          </label>
        </div>
        <div
          class="col"
        >
          <div
            class="input form-group"
          >
            <input
              class="form-control"
              id="input-titleOrders.0.orderedProduct.fieldedData.duplicateCertificatesOfTitle.0.certificateIdentifier.documentNumber"
              name="titleOrders.0.orderedProduct.fieldedData.duplicateCertificatesOfTitle.0.certificateIdentifier.documentNumber"
              title="12345"
              value="12345"
            />
          </div>
        </div>
      </div>
      <div
        class="pb-2 row"
      >
        <div
          class="col-4"
        >
          <label
            class="c3"
          >
            Document district code:
          </label>
        </div>
        <div
          class="col"
        >
          <div
            class="input form-group"
          >
            <label
              class="c6"
            >
              Registered date:
            </label>
          </div>
        </div>
      </div>
      <div
        class="pb-2 row"
      >
        <div
          class="col-4"
        >
          <label
            class="c3"
          >
            Certificate text:
          </label>
        </div>
        <div
          class="col"
        >
          <div
            class="input form-group"
          >
            <input
              class="form-control"
              id="input-titleOrders.0.orderedProduct.fieldedData.duplicateCertificatesOfTitle.0.certificateDelivery.certificateText"
              name="titleOrders.0.orderedProduct.fieldedData.duplicateCertificatesOfTitle.0.certificateDelivery.certificateText"
              title="certificate text"
              value="certificate text"
            />
          </div>
        </div>
      </div>
    </div>
    <div
      class="c1"
    >
      <h2
        class="c2"
      >
        Transfers
      </h2>
      <div
        class="pb-2 row"
      >
        <div
          class="col-4"
        >
          <label
            class="c3"
          >
            Nature:
          </label>
        </div>
        <div
          class="col"
        >
          <div
            class="input form-group"
          >
            <label
              class="c6"
            >
              Registered date:
            </label>
          </div>
        </div>
      </div>
      <div
        class="pb-2 row"
      >
        <div
          class="col-4"
        >
          <label
            class="c3"
          >
            Registration #:
          </label>
        </div>
        <div
          class="col"
        >
          <div
            class="input form-group"
          >
            <input
              class="form-control"
              id="input-titleOrders.0.orderedProduct.fieldedData.titleTransfersOrDispositions.0.dispositionDate"
              name="titleOrders.0.orderedProduct.fieldedData.titleTransfersOrDispositions.0.dispositionDate"
              value=""
            />
          </div>
        </div>
      </div>
      <div
        class="pb-2 row"
      >
        <div
          class="col-4"
        >
          <label
            class="c3"
          >
            Registered date:
          </label>
        </div>
        <div
          class="col"
        >
          <div
            class="input form-group"
          >
            <label
              class="c6"
            >
              Pending applications:
            </label>
          </div>
        </div>
      </div>
      <div
        class="pb-2 row"
      >
        <div
          class="col-4"
        >
          <label
            class="c3"
          >
            Registered date:
          </label>
        </div>
        <div
          class="col"
        >
          <div
            class="input form-group"
          >
            <input
              class="form-control"
              id="input-titleOrders.0.orderedProduct.fieldedData.titleTransfersOrDispositions.0.landLandDistrict"
              name="titleOrders.0.orderedProduct.fieldedData.titleTransfersOrDispositions.0.landLandDistrict"
              title="district"
              value="district"
            />
          </div>
        </div>
      </div>
      <div
        class="c4"
      >
        <h2
          class="c5"
        >
          <label
            class="c3"
          >
            Pending applications:
          </label>
        </div>
        <div
          class="col"
        >
          <div
            class="input form-group"
          >
            <label
              class="c6"
            >
              Miscellaneous notes:
            </label>
          </div>
        </div>
      </div>
    </div>
    <div
      class="c1"
    >
      <h2
        class="c2"
      >
        Notes
      </h2>
      <div
        class="pb-2 row"
      >
        <div
          class="col-4"
        >
          <label
            class="c3"
          >
            Miscellaneous notes:
          </label>
        </div>
        <div
          class="col"
        >
          <p>
            SRW PLAN 33784
SRW PLAN 41816
SRW PLAN 50351
DF L24824

          </p>
        </div>
      </div>
      <div
        class="pb-2 row"
      >
        <div
          class="col-4"
        >
          <label
            class="c3"
          >
            <label
              class="c6"
            >
              Parcel status:
            </label>
          </div>
          <div
            class="input form-group"
          >
            <input
              class="form-control"
              disabled=""
              id="input-parcelInfo.orderedProduct.fieldedData.status"
              name="parcelInfo.orderedProduct.fieldedData.status"
              title="ACTIVE"
              value="ACTIVE"
            />
          </div>
        </div>
      </div>
    </div>
  </form>
</DocumentFragment>
`;
