// Jest Snapshot v1, https://goo.gl/fbAQLP

exports[`Disposition List View matches snapshot 1`] = `
<DocumentFragment>
  <div
    class="Toastify"
  />
  <div />
  .c10.btn {
  display: -webkit-box;
  display: -webkit-flex;
  display: -ms-flexbox;
  display: flex;
  -webkit-align-items: center;
  -webkit-box-align: center;
  -ms-flex-align: center;
  align-items: center;
  -webkit-box-pack: center;
  -webkit-justify-content: center;
  -ms-flex-pack: center;
  justify-content: center;
  padding: 0.4rem 1.2rem;
  min-height: 3rem;
  border: 0.2rem solid transparent;
  border-radius: 0.4rem;
  text-align: center;
  -webkit-text-decoration: none;
  text-decoration: none;
  font-size: 1.8rem;
  font-family: 'BCSans','Noto Sans',Verdana,Arial,sans-serif;
  font-weight: 700;
  -webkit-letter-spacing: 0.1rem;
  -moz-letter-spacing: 0.1rem;
  -ms-letter-spacing: 0.1rem;
  letter-spacing: 0.1rem;
  cursor: pointer;
}

.c10.btn:hover {
  -webkit-text-decoration: underline;
  text-decoration: underline;
  opacity: 0.8;
}

.c10.btn:focus {
  outline-width: 0.4rem;
  outline-style: solid;
  outline-offset: 1px;
  box-shadow: none;
}

.c10.btn.btn-primary {
  border: none;
}

.c10.btn.btn-secondary {
  background: none;
}

.c10.btn.btn-info {
  border: none;
  background: none;
  padding-left: 0.6rem;
  padding-right: 0.6rem;
}

.c10.btn.btn-info:hover,
.c10.btn.btn-info:active,
.c10.btn.btn-info:focus {
  background: none;
}

.c10.btn.btn-light {
  border: none;
}

.c10.btn.btn-dark {
  border: none;
}

.c10.btn.btn-link {
  font-size: 1.6rem;
  font-weight: 400;
  background: none;
  border: none;
  -webkit-text-decoration: none;
  text-decoration: none;
  min-height: 2.5rem;
  line-height: 3rem;
  -webkit-box-pack: left;
  -webkit-justify-content: left;
  -ms-flex-pack: left;
  justify-content: left;
  -webkit-letter-spacing: unset;
  -moz-letter-spacing: unset;
  -ms-letter-spacing: unset;
  letter-spacing: unset;
  text-align: left;
  padding: 0;
}

.c10.btn.btn-link:hover,
.c10.btn.btn-link:active,
.c10.btn.btn-link:focus {
  -webkit-text-decoration: underline;
  text-decoration: underline;
  border: none;
  background: none;
  box-shadow: none;
  outline: none;
}

.c10.btn.btn-link:disabled,
.c10.btn.btn-link.disabled {
  background: none;
  pointer-events: none;
}

.c10.btn:disabled,
.c10.btn:disabled:hover {
  box-shadow: none;
  -webkit-user-select: none;
  -moz-user-select: none;
  -ms-user-select: none;
  user-select: none;
  pointer-events: none;
  cursor: not-allowed;
  opacity: 0.65;
}

.c10.Button .Button__icon {
  margin-right: 1.6rem;
}

.c10.Button--icon-only:focus {
  outline: none;
}

.c10.Button--icon-only .Button__icon {
  margin-right: 0;
}

.c11.c11.btn {
  background-color: unset;
  border: none;
}

.c11.c11.btn:hover,
.c11.c11.btn:focus,
.c11.c11.btn:active {
  background-color: unset;
  outline: none;
  box-shadow: none;
}

.c11.c11.btn svg {
  -webkit-transition: all 0.3s ease-out;
  transition: all 0.3s ease-out;
}

.c11.c11.btn svg:hover {
  -webkit-transition: all 0.3s ease-in;
  transition: all 0.3s ease-in;
}

.c6 {
  padding-right: 0;
}

.c6 .form-control {
  border-top-right-radius: 0;
  border-bottom-right-radius: 0;
}

.c7:not(:first-child) {
  padding-left: 0;
}

.c7:not(:first-child) .form-control {
  border-top-left-radius: 0;
  border-bottom-left-radius: 0;
}

.c12 {
  display: -webkit-box;
  display: -webkit-flex;
  display: -ms-flexbox;
  display: flex;
  -webkit-flex-direction: column;
  -ms-flex-direction: column;
  flex-direction: column;
  -webkit-align-items: center;
  -webkit-box-align: center;
  -ms-flex-align: center;
  align-items: center;
  -webkit-box-pack: center;
  -webkit-justify-content: center;
  -ms-flex-pack: center;
  justify-content: center;
  margin-left: 0.5rem;
}

.c14 {
  width: 1.6rem;
  height: 1.6rem;
}

.c13 {
  width: 1.6rem;
  height: 1.6rem;
}

.c15 {
  margin-top: 0.3rem;
}

.c8 button.close {
  font-size: 2.4rem;
}

.c5 {
  border-radius: 0.5rem;
}

.c1 {
  width: 100%;
  -webkit-box-flex: 1;
  -webkit-flex-grow: 1;
  -ms-flex-positive: 1;
  flex-grow: 1;
  overflow-y: auto;
}

.c0 {
  display: -webkit-box;
  display: -webkit-flex;
  display: -ms-flexbox;
  display: flex;
  -webkit-flex-direction: column;
  -ms-flex-direction: column;
  flex-direction: column;
  -webkit-box-flex: 1;
  -webkit-flex-grow: 1;
  -ms-flex-positive: 1;
  flex-grow: 1;
  width: 100%;
  gap: 2.5rem;
  padding: 0;
}

.c2 {
  padding: 1.6rem 3.2rem;
  width: 100%;
}

.c3 {
  text-align: left;
}

.c4 {
  -webkit-align-items: center;
  -webkit-box-align: center;
  -ms-flex-align: center;
  align-items: center;
  padding: 0;
  padding-bottom: 2rem;
}

.c9 {
  border-left: 0.2rem solid white;
}

<div
    class="c0"
  >
    <div
      class="c1 c2"
    >
      <h3
        class="c3"
      >
        Disposition Files
      </h3>
      <div
        class="c4"
      >
        <div
          class="row"
        >
          <div
            class="col"
          >
            <form
              class="c5 p-3"
              novalidate=""
            >
              <div
                class="row"
              >
                <div
                  class="col-xl-1"
                >
                  <strong>
                    Search by:
                  </strong>
                </div>
                <div
                  class="col-xl-5"
                >
                  <div
                    class="row"
                  >
                    <div
                      class="col"
                    >
                      <div
                        class="flex-nowrap input-group row"
                      >
                        <div
                          class="c6 col-auto"
                        >
                          <div
                            class="input-group-prepend"
                          >
                            <div
                              class="form-group"
                            >
                              <select
                                class="form-select form-control"
                                id="input-searchBy"
                                name="searchBy"
                              >
                                <option
                                  class="option"
                                  data-testid="select-option-address"
                                  value="address"
                                >
                                  Civic Address
                                </option>
                                <option
                                  class="option"
                                  data-testid="select-option-pid"
                                  value="pid"
                                >
                                  PID
                                </option>
                                <option
                                  class="option"
                                  data-testid="select-option-pin"
                                  value="pin"
                                >
                                  PIN
                                </option>
                              </select>
                            </div>
                          </div>
                        </div>
                        <div
                          class="c7 col"
                        >
                          <div
                            class="input form-group"
                          >
                            <input
                              class="form-control"
                              id="input-address"
                              name="address"
                              placeholder="Enter an address"
                              title=""
                              value=""
                            />
                          </div>
                        </div>
                      </div>
                    </div>
                  </div>
                  <div
                    class="row"
                  >
                    <div
                      class="col-xl-7"
                    >
                      <div
                        class="c8 form-group"
                        data-testid="typeahead-select-dispositionTeamMember"
                      >
                        <div
                          class="rbt"
                          style="outline: none; position: relative;"
                          tabindex="-1"
                        >
                          <div
                            style="display: flex; flex: 1; height: 100%; position: relative;"
                          >
                            <input
                              aria-autocomplete="both"
                              aria-expanded="false"
                              aria-haspopup="listbox"
                              autocomplete="off"
                              class="rbt-input-main form-control rbt-input"
                              id="typeahead-select-dispositionTeamMember"
                              name="typeahead-select-dispositionTeamMember"
                              placeholder="Team Member"
                              role="combobox"
                              type="text"
                              value=""
                            />
                            <input
                              aria-hidden="true"
                              class="rbt-input-hint"
                              readonly=""
                              style="background-color: transparent; border-color: transparent; box-shadow: none; color: rgba(0, 0, 0, 0.54); left: 0px; pointer-events: none; position: absolute; top: 0px; width: 100%; border-style: inset inset inset inset; border-width: 2px 2px 2px 2px; line-height: normal; padding: 1px 1px 1px 1px;"
                              tabindex="-1"
                              value=""
                            />
                          </div>
                        </div>
                      </div>
                    </div>
                    <div
                      class="col-xl-4"
                    >
                      <div
                        class="form-group"
                      >
                        <select
                          class="form-select form-control"
                          id="input-dispositionFileStatusCode"
                          name="dispositionFileStatusCode"
                        >
                          <option
                            value=""
                          >
                            Select file status...
                          </option>
                          <option
                            class="option"
                            data-testid="select-option-ACTIVE"
                            value="ACTIVE"
                          >
                            Active
                          </option>
                          <option
                            class="option"
                            data-testid="select-option-ARCHIVED"
                            value="ARCHIVED"
                          >
                            Archived
                          </option>
                          <option
                            class="option"
                            data-testid="select-option-CANCELLED"
                            value="CANCELLED"
                          >
                            Cancelled
                          </option>
                          <option
                            class="option"
                            data-testid="select-option-COMPLETE"
                            value="COMPLETE"
                          >
                            Complete
                          </option>
                          <option
                            class="option"
                            data-testid="select-option-DRAFT"
                            value="DRAFT"
                          >
                            Draft
                          </option>
                          <option
                            class="option"
                            data-testid="select-option-HOLD"
                            value="HOLD"
                          >
                            Hold
                          </option>
                        </select>
                      </div>
                    </div>
                  </div>
                </div>
                <div
                  class="col-xl-5"
                >
                  <div
                    class="row"
                  >
                    <div
                      class="col-xl-12"
                    >
                      <div
                        class="input form-group"
                      >
                        <input
                          class="form-control"
                          id="input-fileNameOrNumberOrReference"
                          name="fileNameOrNumberOrReference"
                          placeholder="Disposition file number or name or reference number"
                          title=""
                          value=""
                        />
                      </div>
                    </div>
                  </div>
                  <div
                    class="row"
                  >
                    <div
                      class="col-xl-6"
                    >
                      <div
                        class="form-group"
                      >
                        <select
                          class="form-select form-control"
                          id="input-dispositionStatusCode"
                          name="dispositionStatusCode"
                        >
                          <option
                            value=""
                          >
                            Select disposition status...
                          </option>
                          <option
                            class="option"
                            data-testid="select-option-LISTED"
                            value="LISTED"
                          >
                            Listed
                          </option>
                          <option
                            class="option"
                            data-testid="select-option-ONHOLD"
                            value="ONHOLD"
                          >
                            On Hold
                          </option>
                          <option
                            class="option"
                            data-testid="select-option-PENDING"
                            value="PENDING"
                          >
                            Pending Sale
                          </option>
                          <option
                            class="option"
                            data-testid="select-option-PREMARKET"
                            value="PREMARKET"
                          >
                            Pre-Marketing
                          </option>
                          <option
                            class="option"
                            data-testid="select-option-SOLD"
                            value="SOLD"
                          >
                            Sold
                          </option>
                          <option
                            class="option"
                            data-testid="select-option-UNKNOWN"
                            value="UNKNOWN"
                          >
                            Unknown
                          </option>
                        </select>
                      </div>
                    </div>
                    <div
                      class="col-xl-6"
                    >
                      <div
                        class="form-group"
                      >
                        <select
                          class="form-select form-control"
                          id="input-dispositionTypeCode"
                          name="dispositionTypeCode"
                        >
                          <option
                            value=""
                          >
                            Select disposition type...
                          </option>
                          <option
                            class="option"
                            data-testid="select-option-CLOSURE"
                            value="CLOSURE"
                          >
                            Road Closure
                          </option>
                          <option
                            class="option"
                            data-testid="select-option-DIRECT"
                            value="DIRECT"
                          >
                            Direct Sale
                          </option>
                          <option
                            class="option"
                            data-testid="select-option-OPEN"
                            value="OPEN"
                          >
                            Open Market Sale
                          </option>
                          <option
                            class="option"
                            data-testid="select-option-OTHER"
                            value="OTHER"
                          >
                            Other Transfer
                          </option>
                        </select>
                      </div>
                    </div>
                  </div>
                </div>
                <div
                  class="c9 col-xl-1"
                >
                  <div
                    class="row"
                  >
                    <div
                      class="pr-0 col-xl-auto"
                    >
                      <button
                        class="c10 Button Button--icon-only primary btn btn-primary"
                        data-testid="search"
                        id="search-button"
                        title="search"
                        type="submit"
                      >
                        <div
                          class="Button__icon"
                        >
                          <svg
                            fill="currentColor"
                            height="20"
                            stroke="currentColor"
                            stroke-width="0"
                            viewBox="0 0 512 512"
                            width="20"
                            xmlns="http://www.w3.org/2000/svg"
                          >
                            <path
                              d="M505 442.7L405.3 343c-4.5-4.5-10.6-7-17-7H372c27.6-35.3 44-79.7 44-128C416 93.1 322.9 0 208 0S0 93.1 0 208s93.1 208 208 208c48.3 0 92.7-16.4 128-44v16.3c0 6.4 2.5 12.5 7 17l99.7 99.7c9.4 9.4 24.6 9.4 33.9 0l28.3-28.3c9.4-9.4 9.4-24.6.1-34zM208 336c-70.7 0-128-57.2-128-128 0-70.7 57.2-128 128-128 70.7 0 128 57.2 128 128 0 70.7-57.2 128-128 128z"
                            />
                          </svg>
                        </div>
                      </button>
                    </div>
                    <div
                      class="col-xl-auto"
                    >
                      <button
                        class="c10 Button Button--icon-only btn btn-info"
                        data-testid="reset-button"
                        id="reset-button"
                        title="reset-button"
                        type="reset"
                      >
                        <div
                          class="Button__icon"
                        >
                          <svg
                            fill="currentColor"
                            height="20"
                            stroke="currentColor"
                            stroke-width="0"
                            viewBox="0 0 512 512"
                            width="20"
                            xmlns="http://www.w3.org/2000/svg"
                          >
                            <path
                              d="M212.333 224.333H12c-6.627 0-12-5.373-12-12V12C0 5.373 5.373 0 12 0h48c6.627 0 12 5.373 12 12v78.112C117.773 39.279 184.26 7.47 258.175 8.007c136.906.994 246.448 111.623 246.157 248.532C504.041 393.258 393.12 504 256.333 504c-64.089 0-122.496-24.313-166.51-64.215-5.099-4.622-5.334-12.554-.467-17.42l33.967-33.967c4.474-4.474 11.662-4.717 16.401-.525C170.76 415.336 211.58 432 256.333 432c97.268 0 176-78.716 176-176 0-97.267-78.716-176-176-176-58.496 0-110.28 28.476-142.274 72.333h98.274c6.627 0 12 5.373 12 12v48c0 6.627-5.373 12-12 12z"
                            />
                          </svg>
                        </div>
                      </button>
                    </div>
                  </div>
                </div>
              </div>
            </form>
          </div>
          <div
            class="px-0 col-md-auto"
          >
            <button
              class="c10 Button c11 btn btn-primary"
              type="button"
            >
              <div
                class="Button__value"
              >
                <svg
                  data-testid="excel-icon"
                  fill="currentColor"
                  height="36"
                  stroke="currentColor"
                  stroke-width="0"
                  viewBox="0 0 384 512"
                  width="36"
                  xmlns="http://www.w3.org/2000/svg"
                >
                  <path
                    d="M224 136V0H24C10.7 0 0 10.7 0 24v464c0 13.3 10.7 24 24 24h336c13.3 0 24-10.7 24-24V160H248c-13.2 0-24-10.8-24-24zm60.1 106.5L224 336l60.1 93.5c5.1 8-.6 18.5-10.1 18.5h-34.9c-4.4 0-8.5-2.4-10.6-6.3C208.9 405.5 192 373 192 373c-6.4 14.8-10 20-36.6 68.8-2.1 3.9-6.1 6.3-10.5 6.3H110c-9.5 0-15.2-10.5-10.1-18.5l60.3-93.5-60.3-93.5c-5.2-8 .6-18.5 10.1-18.5h34.8c4.4 0 8.5 2.4 10.6 6.3 26.1 48.8 20 33.6 36.6 68.5 0 0 6.1-11.7 36.6-68.5 2.1-3.9 6.2-6.3 10.6-6.3H274c9.5-.1 15.2 10.4 10.1 18.4zM384 121.9v6.1H256V0h6.1c6.4 0 12.5 2.5 17 7l97.9 98c4.5 4.5 7 10.6 7 16.9z"
                  />
                </svg>
              </div>
            </button>
          </div>
        </div>
      </div>
      <div
        class="table"
        data-testid="dispositionFilesTable"
        role="table"
      >
        <div
          class="thead thead-light"
        >
          <div
            class="tr"
            role="row"
            style="display: flex; flex: 1 0 auto; min-width: 270px;"
          >
            <div
              class="th"
              colspan="1"
              role="columnheader"
              style="box-sizing: border-box; flex: 20 0 auto; min-width: 30px; width: 20px; justify-content: right; text-align: right; flex-wrap: wrap; align-items: center; display: flex;"
            >
              <div
                class="sortable-column"
              >
                Disposition file #
                <div
                  class="c12"
                  data-testid="sort-column-fileNumber"
                >
                  <svg
                    class="c13"
                    fill="currentColor"
                    height="1em"
                    stroke="currentColor"
                    stroke-width="0"
                    style="margin-bottom: -8px;"
                    viewBox="0 0 512 512"
                    width="1em"
                    xmlns="http://www.w3.org/2000/svg"
                  >
                    <path
                      d="M128 320l128-128 128 128z"
                    />
                  </svg>
                  <svg
                    class="c14"
                    fill="currentColor"
                    height="1em"
                    stroke="currentColor"
                    stroke-width="0"
                    viewBox="0 0 512 512"
                    width="1em"
                    xmlns="http://www.w3.org/2000/svg"
                  >
                    <path
                      d="M128 192l128 128 128-128z"
                    />
                  </svg>
                </div>
              </div>
            </div>
            <div
              class="th"
              colspan="1"
              role="columnheader"
              style="box-sizing: border-box; flex: 20 0 auto; min-width: 30px; width: 20px; justify-content: right; text-align: right; flex-wrap: wrap; align-items: center; display: flex;"
            >
              <div
                class="sortable-column"
              >
                Reference #
                <div
                  class="c12"
                  data-testid="sort-column-fileReference"
                >
                  <svg
                    class="c13"
                    fill="currentColor"
                    height="1em"
                    stroke="currentColor"
                    stroke-width="0"
                    style="margin-bottom: -8px;"
                    viewBox="0 0 512 512"
                    width="1em"
                    xmlns="http://www.w3.org/2000/svg"
                  >
                    <path
                      d="M128 320l128-128 128 128z"
                    />
                  </svg>
                  <svg
                    class="c14"
                    fill="currentColor"
                    height="1em"
                    stroke="currentColor"
                    stroke-width="0"
                    viewBox="0 0 512 512"
                    width="1em"
                    xmlns="http://www.w3.org/2000/svg"
                  >
                    <path
                      d="M128 192l128 128 128-128z"
                    />
                  </svg>
                </div>
              </div>
            </div>
            <div
              class="th"
              colspan="1"
              role="columnheader"
              style="box-sizing: border-box; flex: 30 0 auto; min-width: 30px; width: 30px; justify-content: left; text-align: left; flex-wrap: wrap; align-items: center; display: flex;"
            >
              <div
                class="sortable-column"
              >
                Disposition file name
                <div
                  class="c12"
                  data-testid="sort-column-fileName"
                >
                  <svg
                    class="c13"
                    fill="currentColor"
                    height="1em"
                    stroke="currentColor"
                    stroke-width="0"
                    style="margin-bottom: -8px;"
                    viewBox="0 0 512 512"
                    width="1em"
                    xmlns="http://www.w3.org/2000/svg"
                  >
                    <path
                      d="M128 320l128-128 128 128z"
                    />
                  </svg>
                  <svg
                    class="c14"
                    fill="currentColor"
                    height="1em"
                    stroke="currentColor"
                    stroke-width="0"
                    viewBox="0 0 512 512"
                    width="1em"
                    xmlns="http://www.w3.org/2000/svg"
                  >
                    <path
                      d="M128 192l128 128 128-128z"
                    />
                  </svg>
                </div>
              </div>
            </div>
            <div
              class="th"
              colspan="1"
              role="columnheader"
              style="box-sizing: border-box; flex: 30 0 auto; min-width: 30px; width: 30px; justify-content: left; text-align: left; flex-wrap: wrap; align-items: center; display: flex;"
            >
              <div
                class="sortable-column"
              >
                Disposition type
                <div
                  class="c12"
                  data-testid="sort-column-dispositionTypeCode"
                >
                  <svg
                    class="c13"
                    fill="currentColor"
                    height="1em"
                    stroke="currentColor"
                    stroke-width="0"
                    style="margin-bottom: -8px;"
                    viewBox="0 0 512 512"
                    width="1em"
                    xmlns="http://www.w3.org/2000/svg"
                  >
                    <path
                      d="M128 320l128-128 128 128z"
                    />
                  </svg>
                  <svg
                    class="c14"
                    fill="currentColor"
                    height="1em"
                    stroke="currentColor"
                    stroke-width="0"
                    viewBox="0 0 512 512"
                    width="1em"
                    xmlns="http://www.w3.org/2000/svg"
                  >
                    <path
                      d="M128 192l128 128 128-128z"
                    />
                  </svg>
                </div>
              </div>
            </div>
            <div
              class="th"
              colspan="1"
              role="columnheader"
              style="box-sizing: border-box; flex: 20 0 auto; min-width: 30px; width: 20px; justify-content: left; text-align: left; flex-wrap: wrap; align-items: center; display: flex;"
            >
              <div
                class="sortable-column"
              >
                MOTI Region
              </div>
            </div>
            <div
              class="th"
              colspan="1"
              role="columnheader"
              style="box-sizing: border-box; flex: 40 0 auto; min-width: 30px; width: 40px; justify-content: left; text-align: left; flex-wrap: wrap; align-items: center; display: flex;"
            >
              <div
                class="sortable-column"
              >
                Team member
              </div>
            </div>
            <div
              class="th"
              colspan="1"
              role="columnheader"
              style="box-sizing: border-box; flex: 100 0 auto; min-width: 30px; width: 100px; justify-content: left; text-align: left; flex-wrap: wrap; align-items: center; display: flex;"
            >
              <div
                class="sortable-column"
              >
                Civic Address / PID / PIN
              </div>
            </div>
            <div
              class="th"
              colspan="1"
              role="columnheader"
              style="box-sizing: border-box; flex: 20 0 auto; min-width: 30px; width: 20px; justify-content: left; text-align: left; flex-wrap: wrap; align-items: center; display: flex;"
            >
              <div
                class="sortable-column"
              >
                Disposition status
                <div
                  class="c12"
                  data-testid="sort-column-dispositionStatusTypeCode"
                >
                  <svg
                    class="c13"
                    fill="currentColor"
                    height="1em"
                    stroke="currentColor"
                    stroke-width="0"
                    style="margin-bottom: -8px;"
                    viewBox="0 0 512 512"
                    width="1em"
                    xmlns="http://www.w3.org/2000/svg"
                  >
                    <path
                      d="M128 320l128-128 128 128z"
                    />
                  </svg>
                  <svg
                    class="c14"
                    fill="currentColor"
                    height="1em"
                    stroke="currentColor"
                    stroke-width="0"
                    viewBox="0 0 512 512"
                    width="1em"
                    xmlns="http://www.w3.org/2000/svg"
                  >
                    <path
                      d="M128 192l128 128 128-128z"
                    />
                  </svg>
                </div>
              </div>
            </div>
            <div
              class="th"
              colspan="1"
              role="columnheader"
              style="box-sizing: border-box; flex: 20 0 auto; min-width: 30px; width: 20px; justify-content: left; text-align: left; flex-wrap: wrap; align-items: center; display: flex;"
            >
              <div
                class="sortable-column"
              >
                Status
                <div
                  class="c12"
                  data-testid="sort-column-dispositionFileStatusTypeCode"
                >
                  <svg
                    class="c13"
                    fill="currentColor"
                    height="1em"
                    stroke="currentColor"
                    stroke-width="0"
                    style="margin-bottom: -8px;"
                    viewBox="0 0 512 512"
                    width="1em"
                    xmlns="http://www.w3.org/2000/svg"
                  >
                    <path
                      d="M128 320l128-128 128 128z"
                    />
                  </svg>
                  <svg
                    class="c14"
                    fill="currentColor"
                    height="1em"
                    stroke="currentColor"
                    stroke-width="0"
                    viewBox="0 0 512 512"
                    width="1em"
                    xmlns="http://www.w3.org/2000/svg"
                  >
                    <path
                      d="M128 192l128 128 128-128z"
                    />
                  </svg>
                </div>
              </div>
            </div>
          </div>
        </div>
        <div
          class="tbody"
          role="rowgroup"
        >
          <div
            class="tr-wrapper"
          >
            <div
              class="tr"
              role="row"
              style="display: flex; flex: 1 0 auto; min-width: 270px;"
            >
              <div
                class="td clickable"
                role="cell"
                style="box-sizing: border-box; flex: 20 0 auto; min-width: 30px; width: 20px; justify-content: right; text-align: right; flex-wrap: wrap; align-items: center; display: flex;"
                title=""
              >
                <a
                  href="/mapview/sidebar/disposition/1"
                >
                  D-FILE_NUMBER 3A8F46B
                </a>
              </div>
              <div
                class="td clickable"
                role="cell"
                style="box-sizing: border-box; flex: 20 0 auto; min-width: 30px; width: 20px; justify-content: right; text-align: right; flex-wrap: wrap; align-items: center; display: flex;"
                title=""
              >
                FILE_REFERENCE 8128827 3EAD56A
              </div>
              <div
                class="td clickable"
                role="cell"
                style="box-sizing: border-box; flex: 30 0 auto; min-width: 30px; width: 30px; justify-content: left; text-align: left; flex-wrap: wrap; align-items: center; display: flex;"
                title=""
              >
                Test Disposition File
              </div>
              <div
                class="td clickable"
                role="cell"
                style="box-sizing: border-box; flex: 30 0 auto; min-width: 30px; width: 30px; justify-content: left; text-align: left; flex-wrap: wrap; align-items: center; display: flex;"
                title=""
              >
                Road Closure
              </div>
              <div
                class="td"
                role="cell"
                style="box-sizing: border-box; flex: 20 0 auto; min-width: 30px; width: 20px; justify-content: left; text-align: left; flex-wrap: wrap; align-items: center; display: flex;"
                title=""
              >
                Cannot determine
              </div>
              <div
                class="td clickable"
                role="cell"
                style="box-sizing: border-box; flex: 40 0 auto; min-width: 30px; width: 40px; justify-content: left; text-align: left; flex-wrap: wrap; align-items: center; display: flex;"
                title=""
              >
                <div>
                  <span>
                    Alejandro Sanchez (MoTI Solicitor), 
                  </span>
                  <span>
                    Aman Monga (Negotiation agent)
                  </span>
                </div>
              </div>
              <div
                class="td"
                role="cell"
                style="box-sizing: border-box; flex: 100 0 auto; min-width: 30px; width: 100px; justify-content: left; text-align: left; flex-wrap: wrap; align-items: center; display: flex;"
                title=""
              >
                <div
                  class="w-100"
                />
              </div>
              <div
                class="td clickable"
                role="cell"
                style="box-sizing: border-box; flex: 20 0 auto; min-width: 30px; width: 20px; justify-content: left; text-align: left; flex-wrap: wrap; align-items: center; display: flex;"
                title=""
              />
              <div
                class="td clickable"
                role="cell"
                style="box-sizing: border-box; flex: 20 0 auto; min-width: 30px; width: 20px; justify-content: left; text-align: left; flex-wrap: wrap; align-items: center; display: flex;"
                title=""
              >
                Cancelled
              </div>
            </div>
          </div>
        </div>
      </div>
      <div
        class="row"
      >
        <div
          class="align-self-center col-auto"
        >
          <span>
            1 - 1 of 1
          </span>
        </div>
        <div
          class="ml-auto align-self-center col-auto"
        />
        <div
          class="align-self-center col-auto"
        >
          <div
            class="Menu-root"
          >
            <div
              class="Menu-button"
            >
              <div
                style="display: flex;"
              >
                <span
                  class="c15"
                >
                  Show
                </span>
                <input
                  class="form-control form-control-sm"
                  disabled=""
                  style="width: 50px; margin-left: 10px; margin-right: 10px; background-color: white;"
                  type="number"
                  value="10"
                />
                <span
                  class="c15"
                >
                  Entries
                </span>
              </div>
            </div>
            <div
              class="Menu-items"
              style="width: 10.0rem;"
            >
              <div
                class="Menu-options scrollable list-group"
              >
                <div
                  class="Menu-item list-group-item"
                  title="menu-item-5"
                >
                  5
                </div>
                <div
                  class="Menu-item list-group-item"
                  title="menu-item-10"
                >
                  10
                </div>
                <div
                  class="Menu-item list-group-item"
                  title="menu-item-20"
                >
                  20
                </div>
                <div
                  class="Menu-item list-group-item"
                  title="menu-item-50"
                >
                  50
                </div>
                <div
                  class="Menu-item list-group-item"
                  title="menu-item-100"
                >
                  100
                </div>
              </div>
            </div>
          </div>
        </div>
        <div
          class="align-self-center col-auto"
        >
          <ul
            class="pagination"
          >
            <li
              class="page-item disabled"
            >
              <a
                aria-disabled="true"
                aria-label="Previous page"
                class="page-link "
                rel="prev"
                role="button"
                tabindex="-1"
              >
                &lt;
              </a>
            </li>
            <li
              class="page-item active"
            >
              <a
                aria-current="page"
                aria-label="Page 1 is your current page"
                class="page-link"
                rel="canonical"
                role="button"
                tabindex="-1"
              >
                1
              </a>
            </li>
            <li
              class="page-item disabled"
            >
              <a
                aria-disabled="true"
                aria-label="Next page"
                class="page-link "
                rel="next"
                role="button"
                tabindex="-1"
              >
                &gt;
              </a>
            </li>
          </ul>
        </div>
      </div>
    </div>
  </div>
</DocumentFragment>
`;
