// Jest Snapshot v1, https://goo.gl/fbAQLP

exports[`form list view renders as expected 1`] = `
<DocumentFragment>
  <div
    class="Toastify"
  />
  <div />
  .c0 {
  margin: 1.5rem;
  padding: 1.5rem;
  background-color: white;
  text-align: left;
}

<div
    class="c0 form-section"
  >
    <div
      class="collapse show"
    />
  </div>
</DocumentFragment>
`;
