// Jest Snapshot v1, https://goo.gl/fbAQLP

exports[`DepositsReturnedTable component renders as expected 1`] = `
<DocumentFragment>
  <div
    class="Toastify"
  />
  <div
    class="Toastify"
  />
  <div
    class="table"
    data-testid="securityDepositReturnsTable"
    role="table"
  >
    <div
      class="thead thead-light"
    >
      <div
        class="tr"
        role="row"
        style="display: flex; flex: 1 0 auto; min-width: 240px;"
      >
        <div
          class="th"
          colspan="1"
          role="columnheader"
          style="box-sizing: border-box; flex: 50 0 auto; min-width: 30px; width: 50px; justify-content: left; text-align: left; flex-wrap: wrap; align-items: center; display: flex;"
        >
          <div
            class="sortable-column"
          >
            Deposit Type
          </div>
        </div>
        <div
          class="th"
          colspan="1"
          role="columnheader"
          style="box-sizing: border-box; flex: 50 0 auto; min-width: 30px; width: 50px; justify-content: right; text-align: right; flex-wrap: wrap; align-items: center; display: flex;"
        >
          <div
            class="sortable-column"
          >
            Termination or Surrender Date
          </div>
        </div>
        <div
          class="th"
          colspan="1"
          role="columnheader"
          style="box-sizing: border-box; flex: 40 0 auto; min-width: 30px; width: 40px; justify-content: right; text-align: right; flex-wrap: wrap; align-items: center; display: flex;"
        >
          <div
            class="sortable-column"
          >
            Total (with interest)
          </div>
        </div>
        <div
          class="th"
          colspan="1"
          role="columnheader"
          style="box-sizing: border-box; flex: 50 0 auto; min-width: 30px; width: 50px; justify-content: right; text-align: right; flex-wrap: wrap; align-items: center; display: flex;"
        >
          <div
            class="sortable-column"
          >
            Claims against Deposit
          </div>
        </div>
        <div
          class="th"
          colspan="1"
          role="columnheader"
          style="box-sizing: border-box; flex: 50 0 auto; min-width: 30px; width: 50px; justify-content: right; text-align: right; flex-wrap: wrap; align-items: center; display: flex;"
        >
          <div
            class="sortable-column"
          >
            Returned Amount
          </div>
        </div>
        <div
          class="th"
          colspan="1"
          role="columnheader"
          style="box-sizing: border-box; flex: 50 0 auto; min-width: 30px; width: 50px; justify-content: right; text-align: right; flex-wrap: wrap; align-items: center; display: flex;"
        >
          <div
            class="sortable-column"
          >
            Return Date
          </div>
        </div>
        <div
          class="th"
          colspan="1"
          role="columnheader"
          style="box-sizing: border-box; flex: 40 0 auto; min-width: 30px; width: 40px; justify-content: right; text-align: right; flex-wrap: wrap; align-items: center; display: flex;"
        >
          <div
            class="sortable-column"
          >
            Cheque Number
          </div>
        </div>
        <div
          class="th"
          colspan="1"
          role="columnheader"
          style="box-sizing: border-box; flex: 70 0 auto; min-width: 30px; width: 70px; justify-content: left; text-align: left; flex-wrap: wrap; align-items: center; display: flex;"
        >
          <div
            class="sortable-column"
          >
            Payee Name
          </div>
        </div>
      </div>
    </div>
    <div
      class="tbody"
      role="rowgroup"
    >
      <div
        class="tr-wrapper"
      >
        <div
          class="tr"
          role="row"
          style="display: flex; flex: 1 0 auto; min-width: 240px;"
        >
          <div
            class="td"
            role="cell"
            style="box-sizing: border-box; flex: 50 0 auto; min-width: 30px; width: 50px; justify-content: left; text-align: left; flex-wrap: wrap; align-items: center; display: flex;"
            title=""
          >
            Pet deposit
          </div>
          <div
            class="td"
            role="cell"
            style="box-sizing: border-box; flex: 50 0 auto; min-width: 30px; width: 50px; justify-content: right; text-align: right; flex-wrap: wrap; align-items: center; display: flex;"
            title=""
          >
            Nov 15, 2020
          </div>
          <div
            class="td"
            role="cell"
            style="box-sizing: border-box; flex: 40 0 auto; min-width: 30px; width: 40px; justify-content: right; text-align: right; flex-wrap: wrap; align-items: center; display: flex;"
            title=""
          >
            $2,084
          </div>
          <div
            class="td"
            role="cell"
            style="box-sizing: border-box; flex: 50 0 auto; min-width: 30px; width: 50px; justify-content: right; text-align: right; flex-wrap: wrap; align-items: center; display: flex;"
            title=""
          >
            $200
          </div>
          <div
            class="td"
            role="cell"
            style="box-sizing: border-box; flex: 50 0 auto; min-width: 30px; width: 50px; justify-content: right; text-align: right; flex-wrap: wrap; align-items: center; display: flex;"
            title=""
          >
            $200
          </div>
          <div
            class="td"
            role="cell"
            style="box-sizing: border-box; flex: 50 0 auto; min-width: 30px; width: 50px; justify-content: right; text-align: right; flex-wrap: wrap; align-items: center; display: flex;"
            title=""
          >
            Mar 25, 2021
          </div>
          <div
            class="td"
            role="cell"
            style="box-sizing: border-box; flex: 40 0 auto; min-width: 30px; width: 40px; justify-content: right; text-align: right; flex-wrap: wrap; align-items: center; display: flex;"
            title=""
          >
            20-12780
          </div>
          <div
            class="td"
            role="cell"
            style="box-sizing: border-box; flex: 70 0 auto; min-width: 30px; width: 70px; justify-content: left; text-align: left; flex-wrap: wrap; align-items: center; display: flex;"
            title=""
          >
            John Smith
          </div>
        </div>
      </div>
    </div>
  </div>
</DocumentFragment>
`;
