// Jest Snapshot v1, https://goo.gl/fbAQLP

exports[`AcquisitionFileTabs component matches snapshot 1`] = `
<DocumentFragment>
  <div
    class="Toastify"
  />
  <div />
  .c14.btn {
  display: -webkit-box;
  display: -webkit-flex;
  display: -ms-flexbox;
  display: flex;
  -webkit-align-items: center;
  -webkit-box-align: center;
  -ms-flex-align: center;
  align-items: center;
  -webkit-box-pack: center;
  -webkit-justify-content: center;
  -ms-flex-pack: center;
  justify-content: center;
  padding: 0.4rem 1.2rem;
  min-height: 3rem;
  border: 0.2rem solid transparent;
  border-radius: 0.4rem;
  text-align: center;
  -webkit-text-decoration: none;
  text-decoration: none;
  font-size: 1.8rem;
  font-family: 'BCSans','Noto Sans',Verdana,Arial,sans-serif;
  font-weight: 700;
  -webkit-letter-spacing: 0.1rem;
  -moz-letter-spacing: 0.1rem;
  -ms-letter-spacing: 0.1rem;
  letter-spacing: 0.1rem;
  cursor: pointer;
}

.c14.btn:hover {
  -webkit-text-decoration: underline;
  text-decoration: underline;
  opacity: 0.8;
}

.c14.btn:focus {
  outline-width: 0.4rem;
  outline-style: solid;
  outline-offset: 1px;
  box-shadow: none;
}

.c14.btn.btn-primary {
  border: none;
}

.c14.btn.btn-secondary {
  background: none;
}

.c14.btn.btn-info {
  border: none;
  background: none;
  padding-left: 0.6rem;
  padding-right: 0.6rem;
}

.c14.btn.btn-info:hover,
.c14.btn.btn-info:active,
.c14.btn.btn-info:focus {
  background: none;
}

.c14.btn.btn-light {
  border: none;
}

.c14.btn.btn-dark {
  border: none;
}

.c14.btn.btn-link {
  font-size: 1.6rem;
  font-weight: 400;
  background: none;
  border: none;
  -webkit-text-decoration: none;
  text-decoration: none;
  min-height: 2.5rem;
  line-height: 3rem;
  -webkit-box-pack: left;
  -webkit-justify-content: left;
  -ms-flex-pack: left;
  justify-content: left;
  -webkit-letter-spacing: unset;
  -moz-letter-spacing: unset;
  -ms-letter-spacing: unset;
  letter-spacing: unset;
  text-align: left;
  padding: 0;
}

.c14.btn.btn-link:hover,
.c14.btn.btn-link:active,
.c14.btn.btn-link:focus {
  -webkit-text-decoration: underline;
  text-decoration: underline;
  border: none;
  background: none;
  box-shadow: none;
  outline: none;
}

.c14.btn.btn-link:disabled,
.c14.btn.btn-link.disabled {
  background: none;
  pointer-events: none;
}

.c14.btn:disabled,
.c14.btn:disabled:hover {
  box-shadow: none;
  -webkit-user-select: none;
  -moz-user-select: none;
  -ms-user-select: none;
  user-select: none;
  pointer-events: none;
  cursor: not-allowed;
  opacity: 0.65;
}

.c14.Button .Button__icon {
  margin-right: 1.6rem;
}

.c14.Button--icon-only:focus {
  outline: none;
}

.c14.Button--icon-only .Button__icon {
  margin-right: 0;
}

.c15 {
  display: -webkit-box;
  display: -webkit-flex;
  display: -ms-flexbox;
  display: flex;
  -webkit-flex-direction: column;
  -ms-flex-direction: column;
  flex-direction: column;
  -webkit-align-items: center;
  -webkit-box-align: center;
  -ms-flex-align: center;
  align-items: center;
  -webkit-box-pack: center;
  -webkit-justify-content: center;
  -ms-flex-pack: center;
  justify-content: center;
  margin-left: 0.5rem;
}

.c17 {
  width: 1.6rem;
  height: 1.6rem;
}

.c16 {
  width: 1.6rem;
  height: 1.6rem;
}

.c1 {
  background-color: white;
  font-size: 1.4rem;
  border-color: transparent;
}

.c1 .nav-tabs {
  height: 2.4rem;
}

.c1 .nav-item {
  min-width: 7rem;
  padding: 0.1rem 0.6rem;
}

.c1 .nav-item:hover {
  border-color: transparent;
}

.c1 .nav-item.active {
  font-family: 'BCSans-Bold';
  border-color: transparent;
}

.c0 {
  height: 100%;
}

.c0 .nav-tabs {
  height: 2.4rem;
}

.c0 .tab-content {
  border-radius: 0 0.4rem 0.4rem 0.4rem;
  height: calc(100% - 2.4rem);
  overflow-y: auto;
}

.c0 .tab-content .tab-pane {
  position: relative;
}

.c10 {
  -webkit-box-pack: justify;
  -webkit-justify-content: space-between;
  -ms-flex-pack: justify;
  justify-content: space-between;
  -webkit-align-items: end;
  -webkit-box-align: end;
  -ms-flex-align: end;
  align-items: end;
  min-height: 4.5rem;
}

.c10 .btn {
  margin: 0;
}

.c11 {
  float: right;
  cursor: pointer;
}

.c4 {
  font-weight: bold;
  border-bottom: 0.2rem solid;
  margin-bottom: 2rem;
}

.c3 {
  margin: 1.5rem;
  padding: 1.5rem;
  background-color: white;
  text-align: left;
  border-radius: 0.5rem;
}

.c8 {
  width: 100%;
  height: 100%;
  position: absolute;
  z-index: 999;
  top: 0;
  left: 0;
  background-color: rgba(0,0,0,0.4);
  display: -webkit-box;
  display: -webkit-flex;
  display: -ms-flexbox;
  display: flex;
  -webkit-align-items: center;
  -webkit-box-align: center;
  -ms-flex-align: center;
  align-items: center;
  -webkit-align-content: center;
  -ms-flex-line-pack: center;
  align-content: center;
  justify-items: center;
  -webkit-box-pack: center;
  -webkit-justify-content: center;
  -ms-flex-pack: center;
  justify-content: center;
}

.c6.required::before {
  content: '*';
  position: absolute;
  top: 0.75rem;
  left: 0rem;
}

.c5 {
  font-weight: bold;
}

.c9 {
  text-align: right;
}

.c12 {
  border-radius: 0.5rem 0.5rem 0rem 0rem;
}

.c13 {
  border-left: 0.2rem solid white;
}

.c2 {
  text-align: right;
}

.c7 {
  display: -webkit-box;
  display: -webkit-flex;
  display: -ms-flexbox;
  display: flex;
  -webkit-align-items: center;
  -webkit-box-align: center;
  -ms-flex-align: center;
  align-items: center;
}

<div
    class="c0"
  >
    <nav
      class="c1 nav nav-tabs"
      role="tablist"
    >
      <a
        aria-selected="true"
        class="nav-item nav-link active"
        data-rb-event-key="fileDetails"
        href="#"
        role="tab"
      >
        File details
      </a>
      <a
        aria-selected="false"
        class="nav-item nav-link"
        data-rb-event-key="checklist"
        href="#"
        role="tab"
      >
        Checklist
      </a>
      <a
        aria-selected="false"
        class="nav-item nav-link"
        data-rb-event-key="documents"
        href="#"
        role="tab"
      >
        Documents
      </a>
    </nav>
    <div
      class="tab-content"
    >
      <div
        aria-hidden="false"
        class="fade tab-pane active show"
        role="tabpanel"
      >
        <div
          class=""
        >
          <div
            class="c2 mr-3 my-1"
          />
          <div
            class="c3 form-section"
          >
            <h2
              class="c4"
            >
              <div
                class="no-gutters row"
              >
                <div
                  class="col"
                >
                  Project
                </div>
                <div
                  class="col-1"
                />
              </div>
            </h2>
            <div
              class="collapse show"
            >
              <div
                class="pb-2 row"
              >
                <div
                  class="pr-0 text-left col-4"
                >
                  <label
                    class="c5"
                  >
                    Ministry project:
                  </label>
                </div>
                <div
                  class="c6 text-left col"
                >
                  001 - Hwy 14 Expansion - Vancouver Island but it's really long so it can wrap around if it has to
                </div>
              </div>
              <div
                class="pb-2 row"
              >
                <div
                  class="pr-0 text-left col-4"
                >
                  <label
                    class="c5"
                  >
                    Product:
                  </label>
                </div>
                <div
                  class="c6 text-left col"
                />
              </div>
              <div
                class="pb-2 row"
              >
                <div
                  class="pr-0 text-left col-4"
                >
                  <label
                    class="c5"
                  >
                    Funding:
                  </label>
                </div>
                <div
                  class="c6 text-left col"
                />
              </div>
            </div>
          </div>
          <div
            class="c3 form-section"
          >
            <h2
              class="c4"
            >
              <div
                class="no-gutters row"
              >
                <div
                  class="col"
                >
                  Schedule
                </div>
                <div
                  class="col-1"
                />
              </div>
            </h2>
            <div
              class="collapse show"
            >
              <div
                class="pb-2 row"
              >
                <div
                  class="pr-0 text-left col-4"
                >
                  <label
                    class="c5"
                  >
                    Assigned date:
                  </label>
                </div>
                <div
                  class="c6 text-left col"
                >
                  Jun 27, 2022
                </div>
              </div>
              <div
                class="pb-2 row"
              >
                <div
                  class="pr-0 text-left col-4"
                >
                  <label
                    class="c5"
                  >
                    Delivery date:
                    <span
                      class="ml-2"
                    >
                      <span
                        class="tooltip-icon"
                        data-testid="tooltip-icon-section-field-tooltip"
                        id="section-field-tooltip"
                      >
                        <svg
                          class="tooltip-icon"
                          fill="currentColor"
                          height="1em"
                          stroke="currentColor"
                          stroke-width="0"
                          viewBox="0 0 512 512"
                          width="1em"
                          xmlns="http://www.w3.org/2000/svg"
                        >
                          <path
                            d="M256 8C119.043 8 8 119.083 8 256c0 136.997 111.043 248 248 248s248-111.003 248-248C504 119.083 392.957 8 256 8zm0 110c23.196 0 42 18.804 42 42s-18.804 42-42 42-42-18.804-42-42 18.804-42 42-42zm56 254c0 6.627-5.373 12-12 12h-88c-6.627 0-12-5.373-12-12v-24c0-6.627 5.373-12 12-12h12v-64h-12c-6.627 0-12-5.373-12-12v-24c0-6.627 5.373-12 12-12h64c6.627 0 12 5.373 12 12v100h12c6.627 0 12 5.373 12 12v24z"
                          />
                        </svg>
                      </span>
                    </span>
                  </label>
                </div>
                <div
                  class="c6 text-left col"
                >
                  Jul 29, 2022
                </div>
              </div>
            </div>
          </div>
          <div
            class="c3 form-section"
          >
            <h2
              class="c4"
            >
              <div
                class="no-gutters row"
              >
                <div
                  class="col"
                >
                  Acquisition Details
                </div>
                <div
                  class="col-1"
                />
              </div>
            </h2>
            <div
              class="collapse show"
            >
              <div
                class="pb-2 row"
              >
                <div
                  class="pr-0 text-left col-4"
                >
                  <label
                    class="c5"
                  >
                    Acquisition file name:
                  </label>
                </div>
                <div
                  class="c6 text-left col"
                >
                  Test ACQ File
                </div>
              </div>
              <div
                class="pb-2 row"
              >
                <div
                  class="pr-0 text-left col-4"
                >
                  <label
                    class="c5"
                  >
                    Historical file number:
                    <span
                      class="ml-2"
                    >
                      <span
                        class="tooltip-icon"
                        data-testid="tooltip-icon-section-field-tooltip"
                        id="section-field-tooltip"
                      >
                        <svg
                          class="tooltip-icon"
                          fill="currentColor"
                          height="1em"
                          stroke="currentColor"
                          stroke-width="0"
                          viewBox="0 0 512 512"
                          width="1em"
                          xmlns="http://www.w3.org/2000/svg"
                        >
                          <path
                            d="M256 8C119.043 8 8 119.083 8 256c0 136.997 111.043 248 248 248s248-111.003 248-248C504 119.083 392.957 8 256 8zm0 110c23.196 0 42 18.804 42 42s-18.804 42-42 42-42-18.804-42-42 18.804-42 42-42zm56 254c0 6.627-5.373 12-12 12h-88c-6.627 0-12-5.373-12-12v-24c0-6.627 5.373-12 12-12h12v-64h-12c-6.627 0-12-5.373-12-12v-24c0-6.627 5.373-12 12-12h64c6.627 0 12 5.373 12 12v100h12c6.627 0 12 5.373 12 12v24z"
                          />
                        </svg>
                      </span>
                    </span>
                  </label>
                </div>
                <div
                  class="c6 text-left col"
                >
                  legacy file number
                </div>
              </div>
              <div
                class="pb-2 row"
              >
                <div
                  class="pr-0 text-left col-4"
                >
                  <label
                    class="c5"
                  >
                    Physical file status:
                  </label>
                </div>
                <div
                  class="c6 text-left col"
                />
              </div>
              <div
                class="pb-2 row"
              >
                <div
                  class="pr-0 text-left col-4"
                >
                  <label
                    class="c5"
                  >
                    Acquisition type:
                  </label>
                </div>
                <div
                  class="c6 text-left col"
                >
                  Consensual Agreement
                </div>
              </div>
              <div
                class="pb-2 row"
              >
                <div
                  class="pr-0 text-left col-4"
                >
                  <label
                    class="c5"
                  >
                    Ministry region:
                  </label>
                </div>
                <div
                  class="c6 text-left col"
                >
                  South Coast Region
                </div>
              </div>
            </div>
          </div>
          <div
            class="c3 form-section"
          >
            <h2
              class="c4"
            >
              <div
                class="no-gutters row"
              >
                <div
                  class="col"
                >
                  Acquisition Team
                </div>
                <div
                  class="col-1"
                />
              </div>
            </h2>
            <div
              class="collapse show"
            >
              <div
                class="pb-2 row"
              >
                <div
                  class="pr-0 text-left col-4"
                >
                  <label
                    class="c5"
                  >
                    Negotiation agent:
                  </label>
                </div>
                <div
                  class="c6 text-left col"
                >
                  <a
                    class="c7"
                    href="/contact/P1"
                    rel="noopener noreferrer"
                    target="_blank"
                  >
                    <span>
                      Bob Billy Smith
                    </span>
                    <svg
                      class="ml-2"
                      fill="currentColor"
                      height="1rem"
                      stroke="currentColor"
                      stroke-width="0"
                      viewBox="0 0 512 512"
                      width="1rem"
                      xmlns="http://www.w3.org/2000/svg"
                    >
                      <path
                        d="M432,320H400a16,16,0,0,0-16,16V448H64V128H208a16,16,0,0,0,16-16V80a16,16,0,0,0-16-16H48A48,48,0,0,0,0,112V464a48,48,0,0,0,48,48H400a48,48,0,0,0,48-48V336A16,16,0,0,0,432,320ZM488,0h-128c-21.37,0-32.05,25.91-17,41l35.73,35.73L135,320.37a24,24,0,0,0,0,34L157.67,377a24,24,0,0,0,34,0L435.28,133.32,471,169c15,15,41,4.5,41-17V24A24,24,0,0,0,488,0Z"
                      />
                    </svg>
                  </a>
                </div>
              </div>
              <div
                class="pb-2 row"
              >
                <div
                  class="pr-0 text-left col-4"
                >
                  <label
                    class="c5"
                  >
                    Negotiation agent:
                  </label>
                </div>
                <div
                  class="c6 text-left col"
                >
                  <a
                    class="c7"
                    href="/contact/P3"
                    rel="noopener noreferrer"
                    target="_blank"
                  >
                    <span>
                      Stinky Cheese
                    </span>
                    <svg
                      class="ml-2"
                      fill="currentColor"
                      height="1rem"
                      stroke="currentColor"
                      stroke-width="0"
                      viewBox="0 0 512 512"
                      width="1rem"
                      xmlns="http://www.w3.org/2000/svg"
                    >
                      <path
                        d="M432,320H400a16,16,0,0,0-16,16V448H64V128H208a16,16,0,0,0,16-16V80a16,16,0,0,0-16-16H48A48,48,0,0,0,0,112V464a48,48,0,0,0,48,48H400a48,48,0,0,0,48-48V336A16,16,0,0,0,432,320ZM488,0h-128c-21.37,0-32.05,25.91-17,41l35.73,35.73L135,320.37a24,24,0,0,0,0,34L157.67,377a24,24,0,0,0,34,0L435.28,133.32,471,169c15,15,41,4.5,41-17V24A24,24,0,0,0,488,0Z"
                      />
                    </svg>
                  </a>
                </div>
              </div>
            </div>
          </div>
          <div
            class="c8"
          >
            <div
              class="spinner-border text-warning"
              data-testid="filter-backdrop-loading"
            />
          </div>
        </div>
      </div>
      <div
        aria-hidden="true"
        class="fade tab-pane"
        role="tabpanel"
      >
        <div
          class=""
        >
          <div
            class="c9 mr-3 my-1"
          />
        </div>
      </div>
      <div
        aria-hidden="true"
        class="fade tab-pane"
        role="tabpanel"
      >
        <div
          class="c3 form-section"
        >
          <h2
            class="c4"
          >
            <div
              class="no-gutters row"
            >
              <div
                class="col"
              >
                <div
                  class="c10 no-gutters row"
                >
                  <div
                    class="px-2 my-1 col-auto"
                  >
                    File Documents
                  </div>
                  <div
                    class="my-1 col-auto"
                  />
                </div>
              </div>
              <div
                class="col-1"
              >
                <svg
                  class="c11"
                  fill="currentColor"
                  height="1em"
                  stroke="currentColor"
                  stroke-width="0"
                  viewBox="0 0 24 24"
                  width="1em"
                  xmlns="http://www.w3.org/2000/svg"
                >
                  <title>
                    collapse-documents
                  </title>
                  <path
                    d="M0 0h24v24H0z"
                    fill="none"
                  />
                  <path
                    d="M7 14l5-5 5 5z"
                  />
                </svg>
              </div>
            </div>
          </h2>
          <div
            class="collapse show"
          >
            <form
              class="c12 p-3"
              novalidate=""
            >
              <div
                class="no-gutters row"
              >
                <div
                  class="col-lg-auto"
                >
                  <label>
                    Filter by:
                  </label>
                </div>
                <div
                  class="px-3 col"
                >
                  <div
                    class="row"
                  >
                    <div
                      class="col"
                    >
                      <div
                        class="form-group"
                      >
                        <select
                          class="form-select form-control"
                          data-testid="document-type"
                          id="input-documentTypeId"
                          name="documentTypeId"
                        >
                          <option
                            value=""
                          >
                            All document types
                          </option>
                        </select>
                      </div>
                    </div>
                    <div
                      class="col"
                    >
                      <div
                        class="form-group"
                      >
                        <select
                          class="form-select form-control"
                          data-testid="document-status"
                          id="input-status"
                          name="status"
                        >
                          <option
                            value=""
                          >
                            All statuses
                          </option>
                        </select>
                      </div>
                    </div>
                    <div
                      class="col"
                    >
                      <div
                        class="input form-group"
                      >
                        <input
                          class="form-control"
                          data-testid="document-filename"
                          id="input-filename"
                          name="filename"
                          placeholder="File name"
                          title=""
                          value=""
                        />
                      </div>
                    </div>
                  </div>
                </div>
                <div
                  class="col-lg-auto"
                >
                  <div
                    class="c13 no-gutters pl-2 row"
                  >
                    <div
                      class="col"
                    >
                      <button
                        class="c14 Button Button--icon-only primary btn btn-primary"
                        data-testid="search"
                        id="search-button"
                        title="search"
                        type="button"
                      >
                        <div
                          class="Button__icon"
                        >
                          <svg
                            fill="currentColor"
                            height="20"
                            stroke="currentColor"
                            stroke-width="0"
                            viewBox="0 0 512 512"
                            width="20"
                            xmlns="http://www.w3.org/2000/svg"
                          >
                            <path
                              d="M505 442.7L405.3 343c-4.5-4.5-10.6-7-17-7H372c27.6-35.3 44-79.7 44-128C416 93.1 322.9 0 208 0S0 93.1 0 208s93.1 208 208 208c48.3 0 92.7-16.4 128-44v16.3c0 6.4 2.5 12.5 7 17l99.7 99.7c9.4 9.4 24.6 9.4 33.9 0l28.3-28.3c9.4-9.4 9.4-24.6.1-34zM208 336c-70.7 0-128-57.2-128-128 0-70.7 57.2-128 128-128 70.7 0 128 57.2 128 128 0 70.7-57.2 128-128 128z"
                            />
                          </svg>
                        </div>
                      </button>
                    </div>
                    <div
                      class="col"
                    >
                      <button
                        class="c14 Button Button--icon-only btn btn-info"
                        data-testid="reset-button"
                        id="reset-button"
                        title="reset-button"
                        type="reset"
                      >
                        <div
                          class="Button__icon"
                        >
                          <svg
                            fill="currentColor"
                            height="20"
                            stroke="currentColor"
                            stroke-width="0"
                            viewBox="0 0 512 512"
                            width="20"
                            xmlns="http://www.w3.org/2000/svg"
                          >
                            <path
                              d="M212.333 224.333H12c-6.627 0-12-5.373-12-12V12C0 5.373 5.373 0 12 0h48c6.627 0 12 5.373 12 12v78.112C117.773 39.279 184.26 7.47 258.175 8.007c136.906.994 246.448 111.623 246.157 248.532C504.041 393.258 393.12 504 256.333 504c-64.089 0-122.496-24.313-166.51-64.215-5.099-4.622-5.334-12.554-.467-17.42l33.967-33.967c4.474-4.474 11.662-4.717 16.401-.525C170.76 415.336 211.58 432 256.333 432c97.268 0 176-78.716 176-176 0-97.267-78.716-176-176-176-58.496 0-110.28 28.476-142.274 72.333h98.274c6.627 0 12 5.373 12 12v48c0 6.627-5.373 12-12 12z"
                            />
                          </svg>
                        </div>
                      </button>
                    </div>
                  </div>
                </div>
              </div>
            </form>
            <div
              class="table"
              data-testid="documentsTable"
              role="table"
            >
              <div
                class="thead thead-light"
              >
                <div
                  class="tr"
                  role="row"
                  style="display: flex; flex: 1 0 auto; min-width: 150px;"
                >
                  <div
                    class="th"
                    colspan="1"
                    role="columnheader"
                    style="box-sizing: border-box; flex: 100 0 auto; min-width: 30px; width: 100px; justify-content: left; text-align: left; flex-wrap: wrap; align-items: center; display: flex;"
                  >
                    <div
                      class="sortable-column"
                    >
                      Document type
                      <div
                        class="c15"
                        data-testid="sort-column-documentType"
                      >
                        <svg
                          class="c16"
                          fill="currentColor"
                          height="1em"
                          stroke="currentColor"
                          stroke-width="0"
                          style="margin-bottom: -8px;"
                          viewBox="0 0 512 512"
                          width="1em"
                          xmlns="http://www.w3.org/2000/svg"
                        >
                          <path
                            d="M128 320l128-128 128 128z"
                          />
                        </svg>
                        <svg
                          class="c17"
                          fill="currentColor"
                          height="1em"
                          stroke="currentColor"
                          stroke-width="0"
                          viewBox="0 0 512 512"
                          width="1em"
                          xmlns="http://www.w3.org/2000/svg"
                        >
                          <path
                            d="M128 192l128 128 128-128z"
                          />
                        </svg>
                      </div>
                    </div>
                  </div>
                  <div
                    class="th"
                    colspan="1"
                    role="columnheader"
                    style="box-sizing: border-box; flex: 100 0 auto; min-width: 30px; width: 100px; justify-content: left; text-align: left; flex-wrap: wrap; align-items: center; display: flex;"
                  >
                    <div
                      class="sortable-column"
                    >
                      File name
                      <div
                        class="c15"
                        data-testid="sort-column-fileName"
                      >
                        <svg
                          class="c16"
                          fill="currentColor"
                          height="1em"
                          stroke="currentColor"
                          stroke-width="0"
                          style="margin-bottom: -8px;"
                          viewBox="0 0 512 512"
                          width="1em"
                          xmlns="http://www.w3.org/2000/svg"
                        >
                          <path
                            d="M128 320l128-128 128 128z"
                          />
                        </svg>
                        <svg
                          class="c17"
                          fill="currentColor"
                          height="1em"
                          stroke="currentColor"
                          stroke-width="0"
                          viewBox="0 0 512 512"
                          width="1em"
                          xmlns="http://www.w3.org/2000/svg"
                        >
                          <path
                            d="M128 192l128 128 128-128z"
                          />
                        </svg>
                      </div>
                    </div>
                  </div>
                  <div
                    class="th"
                    colspan="1"
                    role="columnheader"
                    style="box-sizing: border-box; flex: 100 0 auto; min-width: 30px; width: 100px; justify-content: left; text-align: left; flex-wrap: wrap; align-items: center; display: flex;"
                  >
                    <div
                      class="sortable-column"
                    >
                      Uploaded
                      <div
                        class="c15"
                        data-testid="sort-column-appCreateTimestamp"
                      >
                        <svg
                          class="c16"
                          fill="currentColor"
                          height="1em"
                          stroke="currentColor"
                          stroke-width="0"
                          style="margin-bottom: -8px;"
                          viewBox="0 0 512 512"
                          width="1em"
                          xmlns="http://www.w3.org/2000/svg"
                        >
                          <path
                            d="M128 320l128-128 128 128z"
                          />
                        </svg>
                        <svg
                          class="c17"
                          fill="currentColor"
                          height="1em"
                          stroke="currentColor"
                          stroke-width="0"
                          viewBox="0 0 512 512"
                          width="1em"
                          xmlns="http://www.w3.org/2000/svg"
                        >
                          <path
                            d="M128 192l128 128 128-128z"
                          />
                        </svg>
                      </div>
                    </div>
                  </div>
                  <div
                    class="th"
                    colspan="1"
                    role="columnheader"
                    style="box-sizing: border-box; flex: 100 0 auto; min-width: 30px; width: 100px; justify-content: left; text-align: left; flex-wrap: wrap; align-items: center; display: flex;"
                  >
                    <div
                      class="sortable-column"
                    >
                      Status
                      <div
                        class="c15"
                        data-testid="sort-column-statusTypeCode"
                      >
                        <svg
                          class="c16"
                          fill="currentColor"
                          height="1em"
                          stroke="currentColor"
                          stroke-width="0"
                          style="margin-bottom: -8px;"
                          viewBox="0 0 512 512"
                          width="1em"
                          xmlns="http://www.w3.org/2000/svg"
                        >
                          <path
                            d="M128 320l128-128 128 128z"
                          />
                        </svg>
                        <svg
                          class="c17"
                          fill="currentColor"
                          height="1em"
                          stroke="currentColor"
                          stroke-width="0"
                          viewBox="0 0 512 512"
                          width="1em"
                          xmlns="http://www.w3.org/2000/svg"
                        >
                          <path
                            d="M128 192l128 128 128-128z"
                          />
                        </svg>
                      </div>
                    </div>
                  </div>
                  <div
                    class="th"
                    colspan="1"
                    role="columnheader"
                    style="box-sizing: border-box; flex: 90 0 auto; min-width: 30px; width: 90px; justify-content: left; text-align: left; flex-wrap: wrap; align-items: center; display: flex;"
                  >
                    <div
                      class="sortable-column"
                    >
                      Actions
                    </div>
                  </div>
                </div>
              </div>
              <div
                class="table-loading"
              >
                <div
                  class="spinner-border"
                  role="status"
                  title="table-loading"
                />
              </div>
            </div>
            <div
              class="row"
            >
              <div
                class="align-self-center col-auto"
              />
              <div
                class="ml-auto align-self-center col-auto"
              />
              <div
                class="align-self-center col-auto"
              />
            </div>
          </div>
        </div>
        <div />
        <div />
        <div />
      </div>
    </div>
  </div>
</DocumentFragment>
`;
