// Jest Snapshot v1, https://goo.gl/fbAQLP

exports[`ResearchContainer component renders as expected 1`] = `
.c18 {
  background-color: white;
  font-size: 1.4rem;
  border-color: transparent;
}

.c18 .nav-tabs {
  height: auto;
}

.c18 .nav-item {
  min-width: 5rem;
  padding: 0.1rem 0.6rem;
}

.c18 .nav-item:hover {
  border-color: transparent;
}

.c18 .nav-item.active {
  font-family: 'BCSans-Bold';
  border-color: transparent;
}

.c0 {
  font-family: 'BCSans-Bold';
  font-size: 3.2rem;
  border-bottom: solid 0.5rem;
  width: 100%;
  text-align: left;
  margin-bottom: 2rem;
}

.c8 {
  height: 100%;
}

.c9 {
  overflow: auto;
  height: 100%;
  width: 100%;
}

.c15 {
  overflow: auto;
  height: 100%;
  width: 100%;
}

.c6 {
  width: 100%;
  position: relative;
  overflow: auto;
  -webkit-flex: 1;
  -ms-flex: 1;
  flex: 1;
}

.c7 {
  height: 100%;
  width: 100%;
}

.c3 {
  position: relative;
}

.c2 {
  width: 100%;
  border-bottom: solid 0.5rem;
}

.c1 {
  font-size: 30px;
  cursor: pointer;
}

.c19 {
  padding-top: 1rem;
}

.c20 {
  text-align: right;
}

.c22 {
  font-weight: bold;
  border-bottom: 0.2rem solid;
  margin-bottom: 2rem;
}

.c21 {
  margin: 1.5rem;
  padding: 1.5rem;
  background-color: white;
  text-align: left;
  border-radius: 0.5rem;
}

.c24.required::before {
  content: '*';
  position: absolute;
  top: 0.75rem;
  left: 0rem;
}

.c23 {
  font-weight: bold;
}

.c17 {
  height: 100%;
}

.c17 .tab-content {
  border-radius: 0 0.4rem 0.4rem 0.4rem;
  height: calc(100% - 2.5rem);
  overflow-y: auto;
}

.c17 .tab-content .tab-pane {
  position: relative;
}

.c4 {
  margin-top: 0.5rem;
  margin-bottom: 1.5rem;
  border-bottom-style: solid;
  border-bottom-color: grey;
  border-bottom-width: 0.1rem;
}

.c5 {
  font-size: 0.87em;
  line-height: 1.9;
}

.c10 {
  text-align: left;
  padding: 0px;
  margin: 0px;
  width: 100%;
}

.c11 {
  font-weight: normal;
  cursor: pointer;
  padding-bottom: 0.5rem;
}

.c11.selected {
  font-weight: bold;
  cursor: default;
}

.c14 {
  font-size: 1.5rem;
  border-radius: 50%;
  width: 2.5rem;
  height: 2.5rem;
  padding: 1rem;
  display: -webkit-box;
  display: -webkit-flex;
  display: -ms-flexbox;
  display: flex;
  -webkit-box-pack: center;
  -webkit-justify-content: center;
  -ms-flex-pack: center;
  justify-content: center;
  -webkit-align-items: center;
  -webkit-box-align: center;
  -ms-flex-align: center;
  align-items: center;
}

.c12 {
  display: -webkit-box;
  display: -webkit-flex;
  display: -ms-flexbox;
  display: flex;
  -webkit-box-pack: justify;
  -webkit-justify-content: space-between;
  -ms-flex-pack: justify;
  justify-content: space-between;
  -webkit-align-items: flex-end;
  -webkit-box-align: flex-end;
  -ms-flex-align: flex-end;
  align-items: flex-end;
  width: 100%;
  border-bottom: 1px solid;
}

.c13 {
  font-size: 1.4rem;
  line-height: 2.2rem;
}

.c16 {
  display: -webkit-box;
  display: -webkit-flex;
  display: -ms-flexbox;
  display: flex;
  -webkit-flex-direction: column;
  -ms-flex-direction: column;
  flex-direction: column;
  -webkit-box-flex: 1;
  -webkit-flex-grow: 1;
  -ms-flex-positive: 1;
  flex-grow: 1;
  text-align: left;
  height: 100%;
  overflow-y: auto;
  padding-right: 1rem;
  padding-bottom: 1rem;
}

<body>
  <div>
    <div
      class="Toastify"
    />
    <div />
    <div
      class=""
    >
      <div
        class="row"
      >
        <div
          class="col"
        >
          <h1
            class="c0 mr-auto"
          >
            <svg
              class="mr-2"
              fill="currentColor"
              height="2.5rem"
              stroke="currentColor"
              stroke-width="0"
              viewBox="0 0 24 24"
              width="2.5rem"
              xmlns="http://www.w3.org/2000/svg"
            >
              <title>
                User Profile
              </title>
              <path
                d="M0 0h24v24H0z"
                fill="none"
              />
              <path
                d="M20 6h-8l-2-2H4c-1.1 0-1.99.9-1.99 2L2 18c0 1.1.9 2 2 2h16c1.1 0 2-.9 2-2V8c0-1.1-.9-2-2-2zm-6 10H6v-2h8v2zm4-4H6v-2h12v2z"
              />
            </svg>
            Research File
          </h1>
        </div>
        <div
          class="col-auto"
        >
          <svg
            class="c1"
            fill="currentColor"
            height="1em"
            stroke="currentColor"
            stroke-width="0"
            viewBox="0 0 512 512"
            width="1em"
            xmlns="http://www.w3.org/2000/svg"
          >
            <title>
              close
            </title>
            <path
              d="M464 32H48C21.5 32 0 53.5 0 80v352c0 26.5 21.5 48 48 48h416c26.5 0 48-21.5 48-48V80c0-26.5-21.5-48-48-48zm-83.6 290.5c4.8 4.8 4.8 12.6 0 17.4l-40.5 40.5c-4.8 4.8-12.6 4.8-17.4 0L256 313.3l-66.5 67.1c-4.8 4.8-12.6 4.8-17.4 0l-40.5-40.5c-4.8-4.8-4.8-12.6 0-17.4l67.1-66.5-67.1-66.5c-4.8-4.8-4.8-12.6 0-17.4l40.5-40.5c4.8-4.8 12.6-4.8 17.4 0l66.5 67.1 66.5-67.1c4.8-4.8 12.6-4.8 17.4 0l40.5 40.5c4.8 4.8 4.8 12.6 0 17.4L313.3 256l67.1 66.5z"
            />
          </svg>
        </div>
      </div>
      <div
        class="c2"
      />
    </div>
    <div
      class="c3"
    >
      <div
        class="c4 no-gutters row"
      >
        <div
          class="col-7"
        >
          <div
            class="no-gutters row"
          >
            <div
              class="col"
            >
              <div
                class="row"
              >
                <div
                  class="pr-0 text-left col-3"
                >
                  <label>
                    File #:
                  </label>
                </div>
                <div
                  class="pl-1 text-left col-9"
                >
                  <strong>
                    R-109
                  </strong>
                </div>
              </div>
            </div>
          </div>
          <div
            class="no-gutters row"
          >
            <div
              class="col"
            >
              <div
                class="row"
              >
                <div
                  class="pr-0 text-left col-3"
                >
                  <label>
                    File name:
                  </label>
                </div>
                <div
                  class="pl-1 text-left col-9"
                >
                  <strong>
                    fsdgsdf
                  </strong>
                </div>
              </div>
            </div>
          </div>
          <div
            class="no-gutters row"
          >
            <div
              class="col"
            >
              <div
                class="row"
              >
                <div
                  class="pr-0 text-left col-3"
                >
                  <label>
                    MoTI region:
                  </label>
                </div>
                <div
                  class="pl-1 text-left col-9"
                >
                  <strong />
                </div>
              </div>
            </div>
          </div>
          <div
            class="no-gutters row"
          >
            <div
              class="col"
            >
              <div
                class="row"
              >
                <div
                  class="pr-0 text-left col-3"
                >
                  <label>
                    Ministry district:
                  </label>
                </div>
                <div
                  class="pl-1 text-left col-9"
                >
                  <strong />
                </div>
              </div>
            </div>
          </div>
        </div>
        <div
          class="col-5"
        >
          <div
            class="no-gutters row"
          >
            <div
              class="text-right col"
            >
              <span
                class="c5"
              >
                Created: 
                <strong>
                  Sep 2, 2022
                </strong>
                 by
                 
                <span
                  class="tooltip-icon"
                  data-testid="tooltip-icon-userNameTooltip"
                  id="userNameTooltip"
                >
                  <strong>
                    admin
                  </strong>
                </span>
              </span>
            </div>
          </div>
          <div
            class="no-gutters row"
          >
            <div
              class="text-right col"
            >
              <span
                class="c5"
              >
                Last updated:
                 
                <strong />
                 by
                 
                <span
                  class="tooltip-icon"
                  data-testid="tooltip-icon-userNameTooltip"
                  id="userNameTooltip"
                >
                  <strong>
                    USER
                  </strong>
                </span>
              </span>
            </div>
          </div>
          <div
            class="no-gutters row"
          >
            <div
              class="col"
            >
              <div
                class="justify-content-end row"
              >
                <div
                  class="pr-0 text-left col-auto"
                >
                  <label>
                    Status:
                  </label>
                </div>
                <div
                  class="pl-1 text-left col-auto"
                >
                  <strong>
                    Active
                  </strong>
                </div>
              </div>
            </div>
          </div>
        </div>
      </div>
    </div>
    <div
      class="c6"
    >
      <div
        class="c7"
      >
        <div
          class="c8 no-gutters row"
        >
          <div
            class="c9 d-flex flex-column col-3"
          >
            <div
              class="c10"
            >
              <div
                class="c11 no-gutters selected row"
                data-testid="menu-item-row-0"
              >
                <div
                  class="col-1"
                >
                  <svg
                    fill="currentColor"
                    height="1em"
                    stroke="currentColor"
                    stroke-width="0"
                    viewBox="0 0 192 512"
                    width="1em"
                    xmlns="http://www.w3.org/2000/svg"
                  >
                    <path
                      d="M0 384.662V127.338c0-17.818 21.543-26.741 34.142-14.142l128.662 128.662c7.81 7.81 7.81 20.474 0 28.284L34.142 398.804C21.543 411.404 0 402.48 0 384.662z"
                    />
                  </svg>
                </div>
                <div
                  class="col"
                >
                  File Summary
                </div>
                <div
                  class="c12"
                >
                  <span
                    class="c13"
                  >
                    Properties
                  </span>
                </div>
              </div>
              <div
                class="c11 no-gutters  row"
                data-testid="menu-item-row-1"
              >
                <div
                  class="col-1"
                />
                <div
                  class="pr-2 col-auto"
                >
                  <div
                    class="c14"
                  >
                    1
                  </div>
                </div>
                <div
                  class="col"
                >
                  123-456-789
                </div>
              </div>
            </div>
          </div>
          <div
            class="c15 col-9"
          >
            <div
              class="c16"
            >
              <div
                class="c17"
              >
                <nav
                  class="c18 nav nav-tabs"
                  role="tablist"
                >
                  <a
                    aria-selected="true"
                    class="nav-item nav-link active"
                    data-rb-event-key="fileDetails"
                    href="#"
                    role="tab"
                  >
                    File Details
                  </a>
                </nav>
                <div
                  class="tab-content"
                >
                  <div
                    aria-hidden="false"
                    class="fade tab-pane active show"
                    role="tabpanel"
                  >
                    <div
                      class="c19"
                    >
                      <div
                        class="c20 mr-3 my-1"
                      />
                      <div
                        class="c21 form-section"
                      >
                        <h2
                          class="c22"
                        >
                          <div
                            class="no-gutters row"
                          >
                            <div
                              class="col"
                            >
                              Project
                            </div>
                          </div>
                        </h2>
                        <div
                          class="collapse show"
                        >
                          <div
                            class="pb-2 row"
                          >
                            <div
                              class="pr-0 text-left col-4"
                            >
                              <label
                                class="c23"
                              >
                                Ministry project
                                :
                              </label>
                            </div>
                            <div
                              class="c24 text-left col"
                            >
                              <div>
                                00048 CLAIMS
                              </div>
                            </div>
                          </div>
                        </div>
                      </div>
                      <div
                        class="c21 form-section"
                      >
                        <h2
                          class="c22"
                        >
                          <div
                            class="no-gutters row"
                          >
                            <div
                              class="col"
                            >
                              Roads
                            </div>
                          </div>
                        </h2>
                        <div
                          class="collapse show"
                        >
                          <div
                            class="pb-2 row"
                          >
                            <div
                              class="pr-0 text-left col-4"
                            >
                              <label
                                class="c23"
                              >
                                Road name
                                :
                              </label>
                            </div>
                            <div
                              class="c24 text-left col"
                            >
                              Test road name
                            </div>
                          </div>
                          <div
                            class="pb-2 row"
                          >
                            <div
                              class="pr-0 text-left col-4"
                            >
                              <label
                                class="c23"
                              >
                                Road alias
                                :
                              </label>
                            </div>
                            <div
                              class="c24 text-left col"
                            >
                              Test road alias
                            </div>
                          </div>
                        </div>
                      </div>
                      <div
                        class="c21 form-section"
                      >
                        <h2
                          class="c22"
                        >
                          <div
                            class="no-gutters row"
                          >
                            <div
                              class="col"
                            >
                              Research Request
                            </div>
                          </div>
                        </h2>
                        <div
                          class="collapse show"
                        >
                          <div
                            class="pb-2 row"
                          >
                            <div
                              class="pr-0 text-left col-4"
                            >
                              <label
                                class="c23"
                              >
                                Research purpose
                                :
                              </label>
                            </div>
                            <div
                              class="c24 text-left col"
                            />
                          </div>
                          <div
                            class="pb-2 row"
                          >
                            <div
                              class="pr-0 text-left col-4"
                            >
                              <label
                                class="c23"
                              >
                                Request date
                                :
                              </label>
                            </div>
                            <div
                              class="c24 text-left col"
                            >
                               
                              Apr 14, 2022
                            </div>
                          </div>
                          <div
                            class="pb-2 row"
                          >
                            <div
                              class="pr-0 text-left col-4"
                            >
                              <label
                                class="c23"
                              >
                                Source of request
                                :
                              </label>
                            </div>
                            <div
                              class="c24 text-left col"
                            >
                              Headquarters (HQ)
                            </div>
                          </div>
                          <div
                            class="pb-2 row"
                          >
                            <div
                              class="pr-0 text-left col-4"
                            >
                              <label
                                class="c23"
                              >
                                Requester
                                :
                              </label>
                            </div>
                            <div
                              class="c24 text-left col"
                            >
                              Dairy Queen Forever! Property Management
                            </div>
                          </div>
                          <div
                            class="pb-2 row"
                          >
                            <div
                              class="pr-0 text-left col-4"
                            >
                              <label
                                class="c23"
                              >
                                Description of request
                                :
                              </label>
                            </div>
                            <div
                              class="c24 text-left col"
                            />
                          </div>
                          a request description
                        </div>
                      </div>
                      <div
                        class="c21 form-section"
                      >
                        <h2
                          class="c22"
                        >
                          <div
                            class="no-gutters row"
                          >
                            <div
                              class="col"
                            >
                              Result
                            </div>
                          </div>
                        </h2>
                        <div
                          class="collapse show"
                        >
                          <div
                            class="pb-2 row"
                          >
                            <div
                              class="pr-0 text-left col-4"
                            >
                              <label
                                class="c23"
                              >
                                Research completed on
                                :
                              </label>
                            </div>
                            <div
                              class="c24 text-left col"
                            >
                              Mar 30, 2022
                            </div>
                          </div>
                          <div
                            class="pb-2 row"
                          >
                            <div
                              class="pr-0 text-left col-4"
                            >
                              <label
                                class="c23"
                              >
                                Result of request
                                :
                              </label>
                            </div>
                            <div
                              class="c24 text-left col"
                            />
                          </div>
                          A research result
                        </div>
                      </div>
                      <div
                        class="c21 form-section"
                      >
                        <h2
                          class="c22"
                        >
                          <div
                            class="no-gutters row"
                          >
                            <div
                              class="col"
                            >
                              Expropriation
                            </div>
                          </div>
                        </h2>
                        <div
                          class="collapse show"
                        >
                          <div
                            class="pb-2 row"
                          >
                            <div
                              class="pr-0 text-left col-4"
                            >
                              <label
                                class="c23"
                              >
                                Expropriation?
                                :
                              </label>
                            </div>
                            <div
                              class="c24 text-left col"
                            >
                              No
                            </div>
                          </div>
                          <div
                            class="pb-2 row"
                          >
                            <div
                              class="pr-0 text-left col-4"
                            >
                              <label
                                class="c23"
                              >
                                Expropriation notes
                                :
                              </label>
                            </div>
                            <div
                              class="c24 text-left col"
                            />
                          </div>
                          An expropriation note
                        </div>
                      </div>
                    </div>
                  </div>
                </div>
              </div>
            </div>
          </div>
        </div>
      </div>
    </div>
  </div>
</body>
`;
