// Jest Snapshot v1, https://goo.gl/fbAQLP

exports[`DepositsContainer renders as expected 1`] = `
<DocumentFragment>
  <div
    class="Toastify"
  />
  <div />
  .c3.btn {
  display: -webkit-box;
  display: -webkit-flex;
  display: -ms-flexbox;
  display: flex;
  -webkit-align-items: center;
  -webkit-box-align: center;
  -ms-flex-align: center;
  align-items: center;
  -webkit-box-pack: center;
  -webkit-justify-content: center;
  -ms-flex-pack: center;
  justify-content: center;
  padding: 0.4rem 1.2rem;
  min-height: 3rem;
  border: 0.2rem solid transparent;
  border-radius: 0.4rem;
  text-align: center;
  -webkit-text-decoration: none;
  text-decoration: none;
  font-size: 1.8rem;
  font-family: 'BCSans','Noto Sans',Verdana,Arial,sans-serif;
  font-weight: 700;
  -webkit-letter-spacing: 0.1rem;
  -moz-letter-spacing: 0.1rem;
  -ms-letter-spacing: 0.1rem;
  letter-spacing: 0.1rem;
  cursor: pointer;
}

.c3.btn:hover {
  -webkit-text-decoration: underline;
  text-decoration: underline;
  opacity: 0.8;
}

.c3.btn:focus {
  outline-width: 0.4rem;
  outline-style: solid;
  outline-offset: 1px;
  box-shadow: none;
}

.c3.btn.btn-primary {
  border: none;
}

.c3.btn.btn-secondary {
  background: none;
}

.c3.btn.btn-info {
  border: none;
  background: none;
  padding-left: 0.6rem;
  padding-right: 0.6rem;
}

.c3.btn.btn-info:hover,
.c3.btn.btn-info:active,
.c3.btn.btn-info:focus {
  background: none;
}

.c3.btn.btn-light {
  border: none;
}

.c3.btn.btn-dark {
  border: none;
}

.c3.btn.btn-link {
  font-size: 1.6rem;
  font-weight: 400;
  background: none;
  border: none;
  -webkit-text-decoration: none;
  text-decoration: none;
  min-height: 2.5rem;
  line-height: 3rem;
  -webkit-box-pack: left;
  -webkit-justify-content: left;
  -ms-flex-pack: left;
  justify-content: left;
  -webkit-letter-spacing: unset;
  -moz-letter-spacing: unset;
  -ms-letter-spacing: unset;
  letter-spacing: unset;
  text-align: left;
  padding: 0;
}

.c3.btn.btn-link:hover,
.c3.btn.btn-link:active,
.c3.btn.btn-link:focus {
  -webkit-text-decoration: underline;
  text-decoration: underline;
  border: none;
  background: none;
  box-shadow: none;
  outline: none;
}

.c3.btn.btn-link:disabled,
.c3.btn.btn-link.disabled {
  background: none;
  pointer-events: none;
}

.c3.btn:disabled,
.c3.btn:disabled:hover {
  box-shadow: none;
  -webkit-user-select: none;
  -moz-user-select: none;
  -ms-user-select: none;
  user-select: none;
  pointer-events: none;
  cursor: not-allowed;
  opacity: 0.65;
}

.c3.Button .Button__icon {
  margin-right: 1.6rem;
}

.c3.Button--icon-only:focus {
  outline: none;
}

.c3.Button--icon-only .Button__icon {
  margin-right: 0;
}

.c4 {
  float: right;
  cursor: pointer;
}

.c2 {
  font-weight: bold;
  border-bottom: 0.2rem solid;
  margin-bottom: 2rem;
}

.c1 {
  margin: 1.5rem;
  padding: 1.5rem;
  background-color: white;
  text-align: left;
  border-radius: 0.5rem;
}

.c0 {
  display: -webkit-box;
  display: -webkit-flex;
  display: -ms-flexbox;
  display: flex;
  -webkit-flex-direction: column;
  -ms-flex-direction: column;
  flex-direction: column;
  width: 100%;
  gap: 2.5rem;
}

<div
    class="c0"
  >
    <div
      class="c1 form-section"
    >
      <h2
        class="c2"
      >
        <div
          class="no-gutters row"
        >
          <div
            class="col"
          >
            Deposits Received
          </div>
          <div
            class="col-1"
          />
        </div>
      </h2>
      <div
        class="collapse show"
      >
        <button
          class="c3 Button Button--disabled mb-4 px-5 btn btn-secondary"
          disabled=""
          type="button"
        >
          <div
            class="Button__value"
          >
            Add a deposit
          </div>
        </button>
        <div
          class="table"
          data-testid="securityDepositsTable"
          role="table"
        >
          <div
            class="thead thead-light"
          >
            <div
              class="tr"
              role="row"
              style="display: flex; flex: 1 0 auto; min-width: 300px;"
            >
              <div
                class="th"
                colspan="1"
                role="columnheader"
                style="box-sizing: border-box; flex: 50 0 auto; min-width: 30px; width: 50px; justify-content: left; text-align: left; flex-wrap: wrap; align-items: center; display: flex;"
              >
                <div
                  class="sortable-column"
                >
                  Deposit type
                </div>
              </div>
              <div
                class="th"
                colspan="1"
                role="columnheader"
                style="box-sizing: border-box; flex: 150 0 auto; min-width: 150px; width: 150px; justify-content: left; text-align: left; flex-wrap: wrap; align-items: center; display: flex;"
              >
                <div
                  class="sortable-column"
                >
                  Description
                </div>
              </div>
              <div
                class="th"
                colspan="1"
                role="columnheader"
                style="box-sizing: border-box; flex: 40 0 auto; min-width: 30px; width: 40px; justify-content: right; text-align: right; flex-wrap: wrap; align-items: center; display: flex;"
              >
                <div
                  class="sortable-column"
                >
                  Amount paid
                </div>
              </div>
              <div
                class="th"
                colspan="1"
                role="columnheader"
                style="box-sizing: border-box; flex: 50 0 auto; min-width: 30px; width: 50px; justify-content: right; text-align: right; flex-wrap: wrap; align-items: center; display: flex;"
              >
                <div
                  class="sortable-column"
                >
                  Paid date
                </div>
              </div>
              <div
                class="th"
                colspan="1"
                role="columnheader"
                style="box-sizing: border-box; flex: 60 0 auto; min-width: 30px; width: 60px; justify-content: left; text-align: left; flex-wrap: wrap; align-items: center; display: flex;"
              >
                <div
                  class="sortable-column"
                >
                  Deposit holder
                </div>
              </div>
              <div
                class="th"
                colspan="1"
                role="columnheader"
                style="box-sizing: border-box; flex: 30 0 auto; min-width: 30px; width: 30px; justify-content: right; text-align: right; flex-wrap: wrap; align-items: center; display: flex;"
              >
                <div
                  class="sortable-column"
                >
                  Actions
                </div>
              </div>
            </div>
          </div>
          <div
            class="no-rows-message"
          >
            There is no corresponding data
          </div>
        </div>
      </div>
    </div>
    <div
      class="c1 form-section"
    >
      <h2
        class="c2"
      >
        <div
          class="no-gutters row"
        >
          <div
            class="col"
          >
            Deposits Returned
          </div>
          <div
            class="col-1"
          />
        </div>
      </h2>
      <div
        class="collapse show"
      >
        <div
          class="table"
          data-testid="securityDepositReturnsTable"
          role="table"
        >
          <div
            class="thead thead-light"
          >
            <div
              class="tr"
              role="row"
              style="display: flex; flex: 1 0 auto; min-width: 270px;"
            >
              <div
                class="th"
                colspan="1"
                role="columnheader"
                style="box-sizing: border-box; flex: 50 0 auto; min-width: 30px; width: 50px; justify-content: left; text-align: left; flex-wrap: wrap; align-items: center; display: flex;"
              >
                <div
                  class="sortable-column"
                >
                  Deposit type
                </div>
              </div>
              <div
                class="th"
                colspan="1"
                role="columnheader"
                style="box-sizing: border-box; flex: 50 0 auto; min-width: 30px; width: 50px; justify-content: right; text-align: right; flex-wrap: wrap; align-items: center; display: flex;"
              >
                <div
                  class="sortable-column"
                >
                  Termination or Surrender date
                </div>
              </div>
              <div
                class="th"
                colspan="1"
                role="columnheader"
                style="box-sizing: border-box; flex: 40 0 auto; min-width: 30px; width: 40px; justify-content: right; text-align: right; flex-wrap: wrap; align-items: center; display: flex;"
              >
                <div
                  class="sortable-column"
                >
                  Deposit amount
                </div>
              </div>
              <div
                class="th"
                colspan="1"
                role="columnheader"
                style="box-sizing: border-box; flex: 50 0 auto; min-width: 30px; width: 50px; justify-content: right; text-align: right; flex-wrap: wrap; align-items: center; display: flex;"
              >
                <div
                  class="sortable-column"
                >
                  Claims against deposit
                </div>
              </div>
              <div
                class="th"
                colspan="1"
                role="columnheader"
                style="box-sizing: border-box; flex: 50 0 auto; min-width: 30px; width: 50px; justify-content: right; text-align: right; flex-wrap: wrap; align-items: center; display: flex;"
              >
                <div
                  class="sortable-column"
                >
                  Returned amount (without interest)
                </div>
              </div>
              <div
                class="th"
                colspan="1"
                role="columnheader"
                style="box-sizing: border-box; flex: 50 0 auto; min-width: 30px; width: 50px; justify-content: right; text-align: right; flex-wrap: wrap; align-items: center; display: flex;"
              >
                <div
                  class="sortable-column"
                >
                  Interest paid
                </div>
              </div>
              <div
                class="th"
                colspan="1"
                role="columnheader"
                style="box-sizing: border-box; flex: 50 0 auto; min-width: 30px; width: 50px; justify-content: right; text-align: right; flex-wrap: wrap; align-items: center; display: flex;"
              >
                <div
                  class="sortable-column"
                >
                  Return date
                </div>
              </div>
              <div
                class="th"
                colspan="1"
                role="columnheader"
                style="box-sizing: border-box; flex: 70 0 auto; min-width: 30px; width: 70px; justify-content: left; text-align: left; flex-wrap: wrap; align-items: center; display: flex;"
              >
                <div
                  class="sortable-column"
                >
                  Payee name
                </div>
              </div>
              <div
                class="th"
                colspan="1"
                role="columnheader"
                style="box-sizing: border-box; flex: 30 0 auto; min-width: 30px; width: 30px; justify-content: right; text-align: right; flex-wrap: wrap; align-items: center; display: flex;"
              >
                <div
                  class="sortable-column"
                >
                  Actions
                </div>
              </div>
            </div>
          </div>
          <div
            class="no-rows-message"
          >
            There is no corresponding data
          </div>
        </div>
      </div>
    </div>
    <div
      class="c1 form-section"
    >
      <h2
        class="c2"
      >
        <div
          class="no-gutters row"
        >
          <div
            class="col"
          >
            <span>
              Deposit Notes
            </span>
          </div>
          <div
            class="col-1"
          >
            <svg
              class="c4"
              fill="currentColor"
              height="1em"
              stroke="currentColor"
              stroke-width="0"
              viewBox="0 0 24 24"
              width="1em"
              xmlns="http://www.w3.org/2000/svg"
            >
              <title>
                expand-section
              </title>
              <path
                d="M0 0h24v24H0z"
                fill="none"
              />
              <path
                d="M7 10l5 5 5-5z"
              />
            </svg>
          </div>
        </div>
      </h2>
      <div
        class="collapse"
      >
        <div
          class="textarea input form-group"
        >
          <textarea
            class="form-control"
            disabled=""
            id="input-returnNotes"
            name="returnNotes"
            rows="5"
            title=""
          />
        </div>
      </div>
    </div>
    <div />
    <div />
    <div />
    <div />
  </div>
</DocumentFragment>
`;
