// Jest Snapshot v1, https://goo.gl/fbAQLP

exports[`Empty Layout renders 1`] = `
.c1 {
  padding: 0 10px;
  min-height: 70px;
  color: #ffffff;
}

.c1 .longAppName {
  display: none;
}

.c1 .shortAppName {
  display: block;
}

.c1 .brand-box {
  padding: 10px 0;
}

.c1 .brand-box .pims-logo {
  margin: 0 10px;
}

.c1 .title h1 {
  margin-top: 10px;
  padding-left: 0px;
  text-align: center;
  font-size: 24px;
  -webkit-text-decoration: none solid rgb(255,255,255);
  text-decoration: none solid rgb(255,255,255);
  font-family: 'BCSans',Fallback,sans-serif;
  font-weight: 700;
  white-space: normal;
}

.c1 .other {
  display: -webkit-box;
  display: -webkit-flex;
  display: -ms-flexbox;
  display: flex;
  -webkit-flex-direction: row-reverse;
  -ms-flex-direction: row-reverse;
  flex-direction: row-reverse;
  -webkit-align-items: center;
  -webkit-box-align: center;
  -ms-flex-align: center;
  align-items: center;
  padding: 0;
}

.c1 .other:hover {
  color: red;
  cursor: pointer;
}

.c1 .modal-content .label {
  font-weight: 700;
}

.c2 {
  border-left: 2px solid white;
  font-size: 34px;
  margin: 0 15px 0 25px;
  vertical-align: top;
}

.c4 {
  bottom: 0;
  padding: 10px 0;
  display: -webkit-box;
  display: -webkit-flex;
  display: -ms-flexbox;
  display: flex;
  -webkit-flex-direction: row;
  -ms-flex-direction: row;
  flex-direction: row;
  -webkit-flex-wrap: wrap;
  -ms-flex-wrap: wrap;
  flex-wrap: wrap;
  -webkit-box-pack: start;
  -webkit-justify-content: flex-start;
  -ms-flex-pack: start;
  justify-content: flex-start;
  -webkit-align-items: stretch;
  -webkit-box-align: stretch;
  -ms-flex-align: stretch;
  align-items: stretch;
  -webkit-align-content: flex-start;
  -ms-flex-line-pack: start;
  align-content: flex-start;
}

.c4 a {
  display: inline;
}

.c4 a:link,
.c4 a:visited {
  color: #ffffff;
  font-size: 16px;
  font-family: 'BCSans',Fallback,sans-serif;
  padding: 0 10px;
  border-right: 1px solid #666;
}

.c4 a:hover,
.c4 a:focus {
  -webkit-text-decoration: underline;
  text-decoration: underline;
}

.c4 div.version {
  color: #ffffff;
  font-size: 12px;
  font-family: 'BCSans',Fallback,sans-serif;
  padding: 0 0 0 10px;
  -webkit-box-flex: 2;
  -webkit-flex-grow: 2;
  -ms-flex-positive: 2;
  flex-grow: 2;
  text-align: right;
}

.c0 {
  background-color: #003366;
  border: none;
  border-bottom: 2px solid;
  -webkit-flex-shrink: 0;
  -ms-flex-negative: 0;
  flex-shrink: 0;
}

.c3 {
  background-color: #003366;
  border: none;
  border-top: 2px solid;
  -webkit-flex-shrink: 0;
  -ms-flex-negative: 0;
  flex-shrink: 0;
}

.c3 a,
.c3 h2 {
  color: #fff;
}

@media (min-width:992px) {
  .c1 .longAppName {
    display: block;
    text-align: left;
    padding-left: 40px;
  }

  .c1 .shortAppName {
    display: none;
  }
}

<div>
  <div
    class="App container-fluid"
  >
    <header
      class="c0 header-layout fixed-top"
    >
      <div
        class="px-0 container"
      >
        <nav
          class="c1 App-header navbar navbar-expand navbar-light"
        >
          <span
            class="brand-box navbar-brand"
          >
            <a
              href="https://www2.gov.bc.ca/gov/content/home"
              rel="noopener noreferrer"
              target="_blank"
            >
              <img
                alt="Government of BC logo"
                class="bc-gov-icon"
                height="43"
                src="logo-banner.svg"
                width="156"
              />
            </a>
            <span
              class="c2"
            />
            <img
              alt="PIMS logo"
              class="pims-logo"
              height="50"
              src="/tenants/MOTI/PIMS-logo.png"
            />
          </span>
          <div
            class="title mr-auto navbar-nav"
          >
            <div
              class="nav-item"
            >
              <h1
                class="longAppName"
              >
                Property Information Management System
              </h1>
              <h1
                class="shortAppName"
              >
                PIMS
              </h1>
            </div>
          </div>
        </nav>
      </div>
    </header>
    <main
      class="App-content"
    />
    <footer
      class="c3 footer-layout fixed-bottom"
    >
      <div
        class="px-0 container"
      >
        <div
          class="c4"
        >
          <a
            href="http://www.gov.bc.ca/gov/content/home/disclaimer"
          >
            Disclaimer
          </a>
          <a
            href="http://www.gov.bc.ca/gov/content/home/privacy"
          >
            Privacy
          </a>
          <a
            href="http://www.gov.bc.ca/gov/content/home/accessible-government"
          >
            Accessibility
          </a>
          <a
            href="http://www.gov.bc.ca/gov/content/home/copyright"
          >
            Copyright
          </a>
          <div
            class="version"
            data-testid="version"
          >
            api unavailable
          </div>
        </div>
      </div>
    </footer>
  </div>
</div>
`;
