// Vitest Snapshot v1, https://vitest.dev/guide/snapshot.html

exports[`Contact PersonView component > renders as expected 1`] = `
<DocumentFragment>
  <div
    class="Toastify"
  />
  <div />
  .c0 {
  margin: 1.6rem;
  padding: 1.6rem;
  background-color: white;
  text-align: left;
  border-radius: 0.5rem;
}

.c4.required::before {
  content: '*';
  position: absolute;
  top: 0.75rem;
  left: 0rem;
}

.c3 {
  font-weight: bold;
}

.c1 {
  font-family: 'BCSans-Bold';
  font-size: 2.6rem;
  border-bottom: solid 0.2rem;
  width: 100%;
  text-align: left;
  margin-bottom: 2.4rem;
}

.c5 {
  font-family: 'BCSans-Bold';
  font-size: 2.2rem;
  border-bottom: solid 0.2rem;
  width: 100%;
  text-align: left;
  margin-bottom: 2.4rem;
}

.c6 {
  text-align: left;
}

.c2 {
  border-radius: 0.5rem;
  background-color: white;
  border: 1px solid;
  padding: 0.5rem 1.5rem;
  font-size: 1.6rem;
}

.c2.active {
  border: 1px solid;
}

<div
    class="c0 form-section mb-4"
  >
    <div
      class="collapse show"
    >
      <h2
        class="c1"
      >
        <div
          class="mb-1 row"
        >
          <div
            class="col"
          >
            Contact Details
          </div>
          <div
            class="d-flex justify-content-end col-md-3"
          >
            <div
              class="c2 active"
            >
              <svg
                class="mr-2 mb-1"
                fill="currentColor"
                height="15"
                stroke="currentColor"
                stroke-width="0"
                viewBox="0 0 448 512"
                width="15"
                xmlns="http://www.w3.org/2000/svg"
              >
                <path
                  d="M313.6 304c-28.7 0-42.5 16-89.6 16-47.1 0-60.8-16-89.6-16C60.2 304 0 364.2 0 438.4V464c0 26.5 21.5 48 48 48h352c26.5 0 48-21.5 48-48v-25.6c0-74.2-60.2-134.4-134.4-134.4zM400 464H48v-25.6c0-47.6 38.8-86.4 86.4-86.4 14.6 0 38.3 16 89.6 16 51.7 0 74.9-16 89.6-16 47.6 0 86.4 38.8 86.4 86.4V464zM224 288c79.5 0 144-64.5 144-144S303.5 0 224 0 80 64.5 80 144s64.5 144 144 144zm0-240c52.9 0 96 43.1 96 96s-43.1 96-96 96-96-43.1-96-96 43.1-96 96-96z"
                />
              </svg>
              <span
                data-testid="contact-person-status"
              >
                ACTIVE
              </span>
            </div>
          </div>
        </div>
      </h2>
      <div
        class="pb-2 row"
      >
        <div
          class="pr-0 text-left col-4"
        >
          <label
            class="c3"
          >
            Individual name:
          </label>
        </div>
        <div
          class="c4 text-left col"
          data-testid="contact-person-fullname"
        >
          <svg
            class="mr-2"
            fill="currentColor"
            height="20"
            stroke="currentColor"
            stroke-width="0"
            viewBox="0 0 448 512"
            width="20"
            xmlns="http://www.w3.org/2000/svg"
          >
            <path
              d="M313.6 304c-28.7 0-42.5 16-89.6 16-47.1 0-60.8-16-89.6-16C60.2 304 0 364.2 0 438.4V464c0 26.5 21.5 48 48 48h352c26.5 0 48-21.5 48-48v-25.6c0-74.2-60.2-134.4-134.4-134.4zM400 464H48v-25.6c0-47.6 38.8-86.4 86.4-86.4 14.6 0 38.3 16 89.6 16 51.7 0 74.9-16 89.6-16 47.6 0 86.4 38.8 86.4 86.4V464zM224 288c79.5 0 144-64.5 144-144S303.5 0 224 0 80 64.5 80 144s64.5 144 144 144zm0-240c52.9 0 96 43.1 96 96s-43.1 96-96 96-96-43.1-96-96 43.1-96 96-96z"
            />
          </svg>
          <b>
            Test name full
          </b>
        </div>
      </div>
      <div
        class="pb-2 row"
      >
        <div
          class="pr-0 text-left col-4"
        >
          <label
            class="c3"
          >
            Preferred name:
          </label>
        </div>
        <div
          class="c4 text-left col"
          data-testid="contact-person-preferred"
        >
          <p>
            Preferred
          </p>
        </div>
      </div>
      <div
        class="pb-2 row"
      >
        <div
          class="pr-0 text-left col-4"
        >
          <label
            class="c3"
          >
            Linked organization:
          </label>
        </div>
        <div
          class="c4 text-left col"
          data-testid="contact-person-organization"
        />
      </div>
      <h3
        class="c5 mt-10"
      >
        Contact Info
      </h3>
      <div
        class="c6 pb-4 row"
      >
        <div
          class="col-md-3"
        >
          <strong>
            Email:
          </strong>
        </div>
        <div
          class="col-md-9"
        >
          <span>
            N.A
          </span>
        </div>
      </div>
      <div
        class="c6 row"
      >
        <div
          class="col-md-3"
        >
          <strong>
            Phone:
          </strong>
        </div>
        <div
          class="col-md-9"
        >
          <span>
            N.A
          </span>
        </div>
      </div>
    </div>
  </div>
  .c0 {
  margin: 1.6rem;
  padding: 1.6rem;
  background-color: white;
  text-align: left;
  border-radius: 0.5rem;
}

.c1 {
  font-family: 'BCSans-Bold';
  font-size: 2.6rem;
  border-bottom: solid 0.2rem;
  width: 100%;
  text-align: left;
  margin-bottom: 2.4rem;
}

<div
    class="c0 form-section"
  >
    <div
      class="collapse show"
    >
      <h2
        class="c1"
      >
        Address
      </h2>
    </div>
  </div>
  .c0 {
  margin: 1.6rem;
  padding: 1.6rem;
  background-color: white;
  text-align: left;
  border-radius: 0.5rem;
}

.c1 {
  font-family: 'BCSans-Bold';
  font-size: 2.6rem;
  border-bottom: solid 0.2rem;
  width: 100%;
  text-align: left;
  margin-bottom: 2.4rem;
}

<div
    class="c0 form-section"
  >
    <div
      class="collapse show"
    >
      <h2
        class="c1"
      >
        Comments
      </h2>
      <div
        class="row"
      >
        <div
          class="col"
        >
          <div
            data-testid="contact-person-comment"
          />
        </div>
      </div>
    </div>
  </div>
</DocumentFragment>
`;
