// Vitest Snapshot v1, https://vitest.dev/guide/snapshot.html

exports[`AgreementView component > renders as expected 1`] = `
<DocumentFragment>
  <div
    class="Toastify"
  />
  <div />
  .c7.btn {
  display: -webkit-box;
  display: -webkit-flex;
  display: -ms-flexbox;
  display: flex;
  -webkit-align-items: center;
  -webkit-box-align: center;
  -ms-flex-align: center;
  align-items: center;
  -webkit-box-pack: center;
  -webkit-justify-content: center;
  -ms-flex-pack: center;
  justify-content: center;
  padding: 0.4rem 1.2rem;
  min-height: 3rem;
  border: 0.2rem solid transparent;
  border-radius: 0.4rem;
  text-align: center;
  -webkit-text-decoration: none;
  text-decoration: none;
  font-size: 1.8rem;
  font-family: 'BCSans','Noto Sans',Verdana,Arial,sans-serif;
  font-weight: 700;
  -webkit-letter-spacing: 0.1rem;
  -moz-letter-spacing: 0.1rem;
  -ms-letter-spacing: 0.1rem;
  letter-spacing: 0.1rem;
  cursor: pointer;
  height: 3.8rem;
}

.c7.btn:hover {
  -webkit-text-decoration: underline;
  text-decoration: underline;
  opacity: 0.8;
}

.c7.btn:focus {
  outline-width: 0.4rem;
  outline-style: solid;
  outline-offset: 1px;
  box-shadow: none;
}

.c7.btn.btn-primary {
  border: none;
}

.c7.btn.btn-secondary {
  background: none;
}

.c7.btn.btn-info {
  border: none;
  background: none;
  padding-left: 0.6rem;
  padding-right: 0.6rem;
}

.c7.btn.btn-info:hover,
.c7.btn.btn-info:active,
.c7.btn.btn-info:focus {
  background: none;
}

.c7.btn.btn-light {
  border: none;
}

.c7.btn.btn-dark {
  border: none;
}

.c7.btn.btn-link {
  font-size: 1.6rem;
  font-weight: 400;
  background: none;
  border: none;
  -webkit-text-decoration: none;
  text-decoration: none;
  min-height: 2.5rem;
  line-height: 3rem;
  -webkit-box-pack: left;
  -webkit-justify-content: left;
  -ms-flex-pack: left;
  justify-content: left;
  -webkit-letter-spacing: unset;
  -moz-letter-spacing: unset;
  -ms-letter-spacing: unset;
  letter-spacing: unset;
  text-align: left;
  padding: 0;
}

.c7.btn.btn-link:hover,
.c7.btn.btn-link:active,
.c7.btn.btn-link:focus {
  -webkit-text-decoration: underline;
  text-decoration: underline;
  border: none;
  background: none;
  box-shadow: none;
  outline: none;
}

.c7.btn.btn-link:disabled,
.c7.btn.btn-link.disabled {
  background: none;
  pointer-events: none;
}

.c7.btn:disabled,
.c7.btn:disabled:hover {
  box-shadow: none;
  -webkit-user-select: none;
  -moz-user-select: none;
  -ms-user-select: none;
  user-select: none;
  pointer-events: none;
  cursor: not-allowed;
  opacity: 0.65;
}

.c7.Button .Button__icon {
  margin-right: 1.6rem;
}

.c7.Button--icon-only:focus {
  outline: none;
}

.c7.Button--icon-only .Button__icon {
  margin-right: 0;
}

.c8 {
  float: right;
  cursor: pointer;
}

.c0 {
  padding-top: 1rem;
}

.c2 {
  font-weight: bold;
  border-bottom: 0.2rem solid;
  margin-bottom: 2rem;
}

.c1 {
  margin: 1.5rem;
  padding: 1.5rem;
  background-color: white;
  text-align: left;
  border-radius: 0.5rem;
}

.c10.required::before {
  content: '*';
  position: absolute;
  top: 0.75rem;
  left: 0rem;
}

.c9 {
  font-weight: bold;
}

.c3 {
  -webkit-box-pack: justify;
  -webkit-justify-content: space-between;
  -ms-flex-pack: justify;
  justify-content: space-between;
  -webkit-align-items: end;
  -webkit-box-align: end;
  -ms-flex-align: end;
  align-items: end;
  min-height: 4.5rem;
}

.c3 .btn {
  margin: 0;
}

.c6 {
  display: -webkit-box;
  display: -webkit-flex;
  display: -ms-flexbox;
  display: flex;
  -webkit-flex-direction: row;
  -ms-flex-direction: row;
  flex-direction: row;
  -webkit-box-pack: end;
  -webkit-justify-content: flex-end;
  -ms-flex-pack: end;
  justify-content: flex-end;
  -webkit-align-items: center;
  -webkit-box-align: center;
  -ms-flex-align: center;
  align-items: center;
  margin-bottom: 0.5rem;
  -webkit-align-items: center;
  -webkit-box-align: center;
  -ms-flex-align: center;
  align-items: center;
}

.c5 {
  display: -webkit-box;
  display: -webkit-flex;
  display: -ms-flexbox;
  display: flex;
  -webkit-flex-direction: row;
  -ms-flex-direction: row;
  flex-direction: row;
  -webkit-box-pack: justify;
  -webkit-justify-content: space-between;
  -ms-flex-pack: justify;
  justify-content: space-between;
  -webkit-align-items: center;
  -webkit-box-align: center;
  -ms-flex-align: center;
  align-items: center;
}

.c4 {
  border: solid 0.2rem;
  margin-bottom: 1.5rem;
  border-radius: 0.5rem;
}

.c11 {
  font-weight: bold;
  border-bottom: 0.2rem solid;
  margin-top: 2rem;
  margin-bottom: 2rem;
}

<div
    class="c0"
  >
    <div
      class="c1 form-section"
    >
      <h2
        class="c2"
      >
        <div
          class="no-gutters row"
        >
          <div
            class="col"
          >
            <div
              class="c3 no-gutters row"
            >
              <div
                class="px-2 my-1 col-auto"
              >
                Agreements
              </div>
              <div
                class="my-1 col-auto"
              />
            </div>
          </div>
        </div>
      </h2>
      <div
        class="collapse show"
      >
        <div
          class="c4"
        >
          <div
            class="c1 form-section"
          >
            <h2
              class="c2"
            >
              <div
                class="no-gutters row"
              >
                <div
                  class="col"
                >
                  <div
                    class="c5"
                  >
                    <div>
                      Agreement 1
                    </div>
                    <div>
                      <div
                        class="c6"
                      >
                        <button
                          class="c7 Button btn btn-primary"
                          type="button"
                        >
                          <div
                            class="Button__value"
                          >
                            <svg
                              class="mr-2"
                              fill="currentColor"
                              height="1em"
                              stroke="currentColor"
                              stroke-width="0"
                              viewBox="0 0 576 512"
                              width="1em"
                              xmlns="http://www.w3.org/2000/svg"
                            >
                              <path
                                d="M160 448c-25.6 0-51.2-22.4-64-32-64-44.8-83.2-60.8-96-70.4V480c0 17.67 14.33 32 32 32h256c17.67 0 32-14.33 32-32V345.6c-12.8 9.6-32 25.6-96 70.4-12.8 9.6-38.4 32-64 32zm128-192H32c-17.67 0-32 14.33-32 32v16c25.6 19.2 22.4 19.2 115.2 86.4 9.6 6.4 28.8 25.6 44.8 25.6s35.2-19.2 44.8-22.4c92.8-67.2 89.6-67.2 115.2-86.4V288c0-17.67-14.33-32-32-32zm256-96H224c-17.67 0-32 14.33-32 32v32h96c33.21 0 60.59 25.42 63.71 57.82l.29-.22V416h192c17.67 0 32-14.33 32-32V192c0-17.67-14.33-32-32-32zm-32 128h-64v-64h64v64zm-352-96c0-35.29 28.71-64 64-64h224V32c0-17.67-14.33-32-32-32H96C78.33 0 64 14.33 64 32v192h96v-32z"
                              />
                            </svg>
                            Generate
                          </div>
                        </button>
                        <span
                          class="tooltip-icon"
                          data-testid="tooltip-icon-1-agreement-cannot-edit-tooltip"
                          id="1-agreement-cannot-edit-tooltip"
                        >
                          <svg
                            class="tooltip-icon"
                            fill="currentColor"
                            height="1em"
                            stroke="currentColor"
                            stroke-width="0"
                            viewBox="0 0 512 512"
                            width="1em"
                            xmlns="http://www.w3.org/2000/svg"
                          >
                            <path
                              d="M256 8C119.043 8 8 119.083 8 256c0 136.997 111.043 248 248 248s248-111.003 248-248C504 119.083 392.957 8 256 8zm0 110c23.196 0 42 18.804 42 42s-18.804 42-42 42-42-18.804-42-42 18.804-42 42-42zm56 254c0 6.627-5.373 12-12 12h-88c-6.627 0-12-5.373-12-12v-24c0-6.627 5.373-12 12-12h12v-64h-12c-6.627 0-12-5.373-12-12v-24c0-6.627 5.373-12 12-12h64c6.627 0 12 5.373 12 12v100h12c6.627 0 12 5.373 12 12v24z"
                            />
                          </svg>
                        </span>
                      </div>
                    </div>
                  </div>
                </div>
                <div
                  class="col-1"
                >
                  <svg
                    class="c8"
                    fill="currentColor"
                    height="1em"
                    stroke="currentColor"
                    stroke-width="0"
                    viewBox="0 0 24 24"
                    width="1em"
                    xmlns="http://www.w3.org/2000/svg"
                  >
                    <title>
                      collapse-section
                    </title>
                    <path
                      d="M0 0h24v24H0z"
                      fill="none"
                    />
                    <path
                      d="M7 14l5-5 5 5z"
                    />
                  </svg>
                </div>
              </div>
            </h2>
            <div
              class="collapse show"
            >
              <div
                class="pb-2 row"
              >
                <div
                  class="pr-0 text-left col-6"
                >
                  <label
                    class="c9"
                  >
                    Agreement status:
                  </label>
                </div>
                <div
                  class="c10 text-left col"
                >
                  Draft
                </div>
              </div>
              <div
                class="pb-2 row"
              >
                <div
                  class="pr-0 text-left col-6"
                >
                  <label
                    class="c9"
                  >
                    Legal survey plan:
                  </label>
                </div>
                <div
                  class="c10 text-left col"
                />
              </div>
              <div
                class="pb-2 row"
              >
                <div
                  class="pr-0 text-left col-6"
                >
                  <label
                    class="c9"
                  >
                    Agreement type:
                  </label>
                </div>
                <div
                  class="c10 text-left col"
                >
                  License Of Occupation (H0074)
                </div>
              </div>
              <div
                class="pb-2 row"
              >
                <div
                  class="pr-0 text-left col-6"
                >
                  <label
                    class="c9"
                  >
                    Agreement date:
                  </label>
                </div>
                <div
                  class="c10 text-left col"
                />
              </div>
              <div
                class="pb-2 row"
              >
                <div
                  class="pr-0 text-left col-6"
                >
                  <label
                    class="c9"
                  >
                    Commencement date:
                  </label>
                </div>
                <div
                  class="c10 text-left col"
                />
              </div>
              <div
                class="pb-2 row"
              >
                <div
                  class="pr-0 text-left col-6"
                >
                  <label
                    class="c9"
                  >
                    Completion date:
                  </label>
                </div>
                <div
                  class="c10 text-left col"
                />
              </div>
              <div
                class="pb-2 row"
              >
                <div
                  class="pr-0 text-left col-6"
                >
                  <label
                    class="c9"
                  >
                    Termination date:
                  </label>
                </div>
                <div
                  class="c10 text-left col"
                />
              </div>
              <div
                class="pb-2 row"
              >
                <div
                  class="pr-0 text-left col-6"
                >
                  <label
                    class="c9"
                  >
                    Possession date:
                  </label>
                </div>
                <div
                  class="c10 text-left col"
                />
              </div>
              <div
                class="c11"
              >
                Financial
              </div>
              <div
                class="pb-2 row"
              >
                <div
                  class="pr-0 text-left col-6"
                >
                  <label
                    class="c9"
                  >
                    Purchase price:
                  </label>
                </div>
                <div
                  class="c10 text-left col"
                />
              </div>
              <div
                class="pb-2 row"
              >
                <div
                  class="pr-0 text-left col-6"
                >
                  <label
                    class="c9"
                  >
                    Deposit due no later than:
                    <span
                      class="ml-2"
                    >
                      <span
                        class="tooltip-icon"
                        data-testid="tooltip-icon-section-field-tooltip"
                        id="section-field-tooltip"
                      >
                        <svg
                          class="tooltip-icon"
                          fill="currentColor"
                          height="1em"
                          stroke="currentColor"
                          stroke-width="0"
                          viewBox="0 0 512 512"
                          width="1em"
                          xmlns="http://www.w3.org/2000/svg"
                        >
                          <path
                            d="M256 8C119.043 8 8 119.083 8 256c0 136.997 111.043 248 248 248s248-111.003 248-248C504 119.083 392.957 8 256 8zm0 110c23.196 0 42 18.804 42 42s-18.804 42-42 42-42-18.804-42-42 18.804-42 42-42zm56 254c0 6.627-5.373 12-12 12h-88c-6.627 0-12-5.373-12-12v-24c0-6.627 5.373-12 12-12h12v-64h-12c-6.627 0-12-5.373-12-12v-24c0-6.627 5.373-12 12-12h64c6.627 0 12 5.373 12 12v100h12c6.627 0 12 5.373 12 12v24z"
                          />
                        </svg>
                      </span>
                    </span>
                  </label>
                </div>
                <div
                  class="c10 text-left col"
                />
              </div>
              <div
                class="pb-2 row"
              >
                <div
                  class="pr-0 text-left col-6"
                >
                  <label
                    class="c9"
                  >
                    Deposit amount:
                  </label>
                </div>
                <div
                  class="c10 text-left col"
                />
              </div>
            </div>
          </div>
        </div>
        <div
          class="c4"
        >
          <div
            class="c1 form-section"
          >
            <h2
              class="c2"
            >
              <div
                class="no-gutters row"
              >
                <div
                  class="col"
                >
                  <div
                    class="c5"
                  >
                    <div>
                      Agreement 2
                    </div>
                    <div>
                      <div
                        class="c6"
                      >
                        <button
                          class="c7 Button btn btn-primary"
                          type="button"
                        >
                          <div
                            class="Button__value"
                          >
                            <svg
                              class="mr-2"
                              fill="currentColor"
                              height="1em"
                              stroke="currentColor"
                              stroke-width="0"
                              viewBox="0 0 576 512"
                              width="1em"
                              xmlns="http://www.w3.org/2000/svg"
                            >
                              <path
                                d="M160 448c-25.6 0-51.2-22.4-64-32-64-44.8-83.2-60.8-96-70.4V480c0 17.67 14.33 32 32 32h256c17.67 0 32-14.33 32-32V345.6c-12.8 9.6-32 25.6-96 70.4-12.8 9.6-38.4 32-64 32zm128-192H32c-17.67 0-32 14.33-32 32v16c25.6 19.2 22.4 19.2 115.2 86.4 9.6 6.4 28.8 25.6 44.8 25.6s35.2-19.2 44.8-22.4c92.8-67.2 89.6-67.2 115.2-86.4V288c0-17.67-14.33-32-32-32zm256-96H224c-17.67 0-32 14.33-32 32v32h96c33.21 0 60.59 25.42 63.71 57.82l.29-.22V416h192c17.67 0 32-14.33 32-32V192c0-17.67-14.33-32-32-32zm-32 128h-64v-64h64v64zm-352-96c0-35.29 28.71-64 64-64h224V32c0-17.67-14.33-32-32-32H96C78.33 0 64 14.33 64 32v192h96v-32z"
                              />
                            </svg>
                            Generate
                          </div>
                        </button>
                        <span
                          class="tooltip-icon"
                          data-testid="tooltip-icon-2-agreement-cannot-edit-tooltip"
                          id="2-agreement-cannot-edit-tooltip"
                        >
                          <svg
                            class="tooltip-icon"
                            fill="currentColor"
                            height="1em"
                            stroke="currentColor"
                            stroke-width="0"
                            viewBox="0 0 512 512"
                            width="1em"
                            xmlns="http://www.w3.org/2000/svg"
                          >
                            <path
                              d="M256 8C119.043 8 8 119.083 8 256c0 136.997 111.043 248 248 248s248-111.003 248-248C504 119.083 392.957 8 256 8zm0 110c23.196 0 42 18.804 42 42s-18.804 42-42 42-42-18.804-42-42 18.804-42 42-42zm56 254c0 6.627-5.373 12-12 12h-88c-6.627 0-12-5.373-12-12v-24c0-6.627 5.373-12 12-12h12v-64h-12c-6.627 0-12-5.373-12-12v-24c0-6.627 5.373-12 12-12h64c6.627 0 12 5.373 12 12v100h12c6.627 0 12 5.373 12 12v24z"
                            />
                          </svg>
                        </span>
                      </div>
                    </div>
                  </div>
                </div>
                <div
                  class="col-1"
                >
                  <svg
                    class="c8"
                    fill="currentColor"
                    height="1em"
                    stroke="currentColor"
                    stroke-width="0"
                    viewBox="0 0 24 24"
                    width="1em"
                    xmlns="http://www.w3.org/2000/svg"
                  >
                    <title>
                      collapse-section
                    </title>
                    <path
                      d="M0 0h24v24H0z"
                      fill="none"
                    />
                    <path
                      d="M7 14l5-5 5 5z"
                    />
                  </svg>
                </div>
              </div>
            </h2>
            <div
              class="collapse show"
            >
              <div
                class="pb-2 row"
              >
                <div
                  class="pr-0 text-left col-6"
                >
                  <label
                    class="c9"
                  >
                    Agreement status:
                  </label>
                </div>
                <div
                  class="c10 text-left col"
                >
                  Draft
                </div>
              </div>
              <div
                class="pb-2 row"
              >
                <div
                  class="pr-0 text-left col-6"
                >
                  <label
                    class="c9"
                  >
                    Legal survey plan:
                  </label>
                </div>
                <div
                  class="c10 text-left col"
                />
              </div>
              <div
                class="pb-2 row"
              >
                <div
                  class="pr-0 text-left col-6"
                >
                  <label
                    class="c9"
                  >
                    Agreement type:
                  </label>
                </div>
                <div
                  class="c10 text-left col"
                >
                  Test type 2 (ABCD)
                </div>
              </div>
              <div
                class="pb-2 row"
              >
                <div
                  class="pr-0 text-left col-6"
                >
                  <label
                    class="c9"
                  >
                    Agreement date:
                  </label>
                </div>
                <div
                  class="c10 text-left col"
                >
                  Apr 5, 2023
                </div>
              </div>
              <div
                class="pb-2 row"
              >
                <div
                  class="pr-0 text-left col-6"
                >
                  <label
                    class="c9"
                  >
                    Completion date:
                  </label>
                </div>
                <div
                  class="c10 text-left col"
                >
                  Apr 5, 2023
                </div>
              </div>
              <div
                class="pb-2 row"
              >
                <div
                  class="pr-0 text-left col-6"
                >
                  <label
                    class="c9"
                  >
                    Termination date:
                  </label>
                </div>
                <div
                  class="c10 text-left col"
                >
                  Apr 5, 2023
                </div>
              </div>
              <div
                class="pb-2 row"
              >
                <div
                  class="pr-0 text-left col-6"
                >
                  <label
                    class="c9"
                  >
                    Possession date:
                  </label>
                </div>
                <div
                  class="c10 text-left col"
                >
                  Apr 5, 2023
                </div>
              </div>
              <div
                class="c11"
              >
                Financial
              </div>
              <div
                class="pb-2 row"
              >
                <div
                  class="pr-0 text-left col-6"
                >
                  <label
                    class="c9"
                  >
                    Purchase price:
                  </label>
                </div>
                <div
                  class="c10 text-left col"
                >
                  $2,000.00
                </div>
              </div>
              <div
                class="pb-2 row"
              >
                <div
                  class="pr-0 text-left col-6"
                >
                  <label
                    class="c9"
                  >
                    Deposit due no later than:
                    <span
                      class="ml-2"
                    >
                      <span
                        class="tooltip-icon"
                        data-testid="tooltip-icon-section-field-tooltip"
                        id="section-field-tooltip"
                      >
                        <svg
                          class="tooltip-icon"
                          fill="currentColor"
                          height="1em"
                          stroke="currentColor"
                          stroke-width="0"
                          viewBox="0 0 512 512"
                          width="1em"
                          xmlns="http://www.w3.org/2000/svg"
                        >
                          <path
                            d="M256 8C119.043 8 8 119.083 8 256c0 136.997 111.043 248 248 248s248-111.003 248-248C504 119.083 392.957 8 256 8zm0 110c23.196 0 42 18.804 42 42s-18.804 42-42 42-42-18.804-42-42 18.804-42 42-42zm56 254c0 6.627-5.373 12-12 12h-88c-6.627 0-12-5.373-12-12v-24c0-6.627 5.373-12 12-12h12v-64h-12c-6.627 0-12-5.373-12-12v-24c0-6.627 5.373-12 12-12h64c6.627 0 12 5.373 12 12v100h12c6.627 0 12 5.373 12 12v24z"
                          />
                        </svg>
                      </span>
                    </span>
                  </label>
                </div>
                <div
                  class="c10 text-left col"
                >
                  <span>
                    20 
                    <strong>
                      days
                    </strong>
                  </span>
                </div>
              </div>
              <div
                class="pb-2 row"
              >
                <div
                  class="pr-0 text-left col-6"
                >
                  <label
                    class="c9"
                  >
                    Deposit amount:
                  </label>
                </div>
                <div
                  class="c10 text-left col"
                >
                  $1,000.00
                </div>
              </div>
            </div>
          </div>
        </div>
      </div>
    </div>
  </div>
</DocumentFragment>
`;
