// Vitest Snapshot v1, https://vitest.dev/guide/snapshot.html

exports[`Footer > renders correctly 1`] = `
<DocumentFragment>
  <div
    class="Toastify"
  />
  <div />
  .c0 {
  display: -webkit-box;
  display: -webkit-flex;
  display: -ms-flexbox;
  display: flex;
}

.c0 .main-footer {
  width: 95%;
  padding: 1rem 20%;
  display: -webkit-box;
  display: -webkit-flex;
  display: -ms-flexbox;
  display: flex;
  -webkit-flex-direction: row;
  -ms-flex-direction: row;
  flex-direction: row;
  -webkit-flex-wrap: wrap;
  -ms-flex-wrap: wrap;
  flex-wrap: wrap;
  -webkit-box-pack: start;
  -webkit-justify-content: flex-start;
  -ms-flex-pack: start;
  justify-content: flex-start;
  -webkit-align-items: stretch;
  -webkit-box-align: stretch;
  -ms-flex-align: stretch;
  align-items: stretch;
  -webkit-align-content: flex-start;
  -ms-flex-line-pack: start;
  align-content: flex-start;
  font-size: 1.2rem;
}

.c0 a {
  color: #ffffff;
  display: inline;
}

.c0 a:link,
.c0 a:visited {
  font-size: 1.2rem;
  font-family: 'BCSans',Fallback,sans-serif;
  padding: 0 1rem;
  border-right: 0.1rem solid #666;
}

.c0 a:hover,
.c0 a:focus {
  -webkit-text-decoration: underline;
  text-decoration: underline;
}

.c0 div.version {
  color: #ffffff;
  font-size: 1.2rem;
  font-family: 'BCSans',Fallback,sans-serif;
  padding: 0 0 0 1rem;
  -webkit-box-flex: 1;
  -webkit-flex-grow: 1;
  -ms-flex-positive: 1;
  flex-grow: 1;
  text-align: right;
}

.c0 .other {
  -webkit-box-flex: 1;
  -webkit-flex-grow: 1;
  -ms-flex-positive: 1;
  flex-grow: 1;
  display: -webkit-box;
  display: -webkit-flex;
  display: -ms-flexbox;
  display: flex;
  -webkit-flex-direction: row-reverse;
  -ms-flex-direction: row-reverse;
  flex-direction: row-reverse;
  -webkit-align-items: center;
  -webkit-box-align: center;
  -ms-flex-align: center;
  align-items: center;
  padding: 0;
  margin-right: 2rem;
  color: #ffffff;
}

.c0 .other:hover {
  color: red;
  cursor: pointer;
}

<div
    class="c0"
  >
    <div
      class="main-footer"
    >
      <a
        href="http://www.gov.bc.ca/gov/content/home/disclaimer"
        rel="noopener noreferrer"
        target="_blank"
      >
        Disclaimer
      </a>
      <a
        href="http://www.gov.bc.ca/gov/content/home/privacy"
        rel="noopener noreferrer"
        target="_blank"
      >
        Privacy
      </a>
      <a
        href="http://www.gov.bc.ca/gov/content/home/accessible-government"
        rel="noopener noreferrer"
        target="_blank"
      >
        Accessibility
      </a>
      <a
        href="http://www.gov.bc.ca/gov/content/home/copyright"
        rel="noopener noreferrer"
        target="_blank"
      >
        Copyright
      </a>
      <div
        class="version"
        data-testid="version"
      >
        api unavailable
      </div>
    </div>
    <div
      class="other nav"
    />
    <div />
  </div>
</DocumentFragment>
`;
