// Vitest Snapshot v1, https://vitest.dev/guide/snapshot.html

exports[`AddNotesFormModal component > renders as expected 1`] = `
.c3.btn {
  display: -webkit-box;
  display: -webkit-flex;
  display: -ms-flexbox;
  display: flex;
  -webkit-align-items: center;
  -webkit-box-align: center;
  -ms-flex-align: center;
  align-items: center;
  -webkit-box-pack: center;
  -webkit-justify-content: center;
  -ms-flex-pack: center;
  justify-content: center;
  padding: 0.4rem 1.2rem;
  min-height: 3rem;
  border: 0.2rem solid transparent;
  border-radius: 0.4rem;
  text-align: center;
  -webkit-text-decoration: none;
  text-decoration: none;
  font-size: 1.8rem;
  font-family: 'BCSans','Noto Sans',Verdana,Arial,sans-serif;
  font-weight: 700;
  -webkit-letter-spacing: 0.1rem;
  -moz-letter-spacing: 0.1rem;
  -ms-letter-spacing: 0.1rem;
  letter-spacing: 0.1rem;
  cursor: pointer;
  height: 3.8rem;
}

.c3.btn:hover {
  -webkit-text-decoration: underline;
  text-decoration: underline;
  opacity: 0.8;
}

.c3.btn:focus {
  outline-width: 0.4rem;
  outline-style: solid;
  outline-offset: 1px;
  box-shadow: none;
}

.c3.btn.btn-primary {
  border: none;
}

.c3.btn.btn-secondary {
  background: none;
}

.c3.btn.btn-info {
  border: none;
  background: none;
  padding-left: 0.6rem;
  padding-right: 0.6rem;
}

.c3.btn.btn-info:hover,
.c3.btn.btn-info:active,
.c3.btn.btn-info:focus {
  background: none;
}

.c3.btn.btn-light {
  border: none;
}

.c3.btn.btn-dark {
  border: none;
}

.c3.btn.btn-link {
  font-size: 1.6rem;
  font-weight: 400;
  background: none;
  border: none;
  -webkit-text-decoration: none;
  text-decoration: none;
  min-height: 2.5rem;
  line-height: 3rem;
  -webkit-box-pack: left;
  -webkit-justify-content: left;
  -ms-flex-pack: left;
  justify-content: left;
  -webkit-letter-spacing: unset;
  -moz-letter-spacing: unset;
  -ms-letter-spacing: unset;
  letter-spacing: unset;
  text-align: left;
  padding: 0;
}

.c3.btn.btn-link:hover,
.c3.btn.btn-link:active,
.c3.btn.btn-link:focus {
  -webkit-text-decoration: underline;
  text-decoration: underline;
  border: none;
  background: none;
  box-shadow: none;
  outline: none;
}

.c3.btn.btn-link:disabled,
.c3.btn.btn-link.disabled {
  background: none;
  pointer-events: none;
}

.c3.btn:disabled,
.c3.btn:disabled:hover {
  box-shadow: none;
  -webkit-user-select: none;
  -moz-user-select: none;
  -ms-user-select: none;
  user-select: none;
  pointer-events: none;
  cursor: not-allowed;
  opacity: 0.65;
}

.c3.Button .Button__icon {
  margin-right: 1.6rem;
}

.c3.Button--icon-only:focus {
  outline: none;
}

.c3.Button--icon-only .Button__icon {
  margin-right: 0;
}

.c4 {
  width: 2.4rem;
}

.c2 {
  padding: 0px;
  margin: 0px;
  margin-left: 1.6rem;
  margin-right: 1.6rem;
}

.c0 .modal-header {
  height: 4.8rem;
  padding-left: 1.6rem;
  padding-right: 1.6rem;
  display: -webkit-box;
  display: -webkit-flex;
  display: -ms-flexbox;
  display: flex;
  -webkit-box-pack: start;
  -webkit-justify-content: flex-start;
  -ms-flex-pack: start;
  justify-content: flex-start;
  cursor: default;
}

.c0 .modal-header .modal-title {
  font-family: BcSans-Bold;
  font-size: 2.2rem;
  -webkit-align-self: center;
  -ms-flex-item-align: center;
  align-self: center;
}

.c0 .modal-header .modal-close-btn {
  margin-left: auto;
  cursor: pointer;
}

.c0 .modal-header .close {
  margin-left: auto;
  color: white;
  opacity: 1;
  font-size: 3rem;
  font-weight: 10;
  text-shadow: none;
  font-family: 'Helvetica Narrow';
}

.c0 .modal-body {
  padding-top: 2.4rem;
  padding-bottom: 2.4rem;
  padding-left: 1.6rem;
  padding-right: 1.6rem;
}

.c0 .modal-footer {
  border: 0px;
  padding-top: 3.6rem;
  padding-bottom: 3.6rem;
  padding-left: 1.6rem;
  padding-right: 3.6rem;
}

.c0 .modal-footer .button-wrap {
  margin: 0px;
  padding: 0px;
  display: -webkit-inline-box;
  display: -webkit-inline-flex;
  display: -ms-inline-flexbox;
  display: inline-flex;
}

.c0 .modal-footer .button-wrap .Button {
  min-width: 9.5rem;
  height: 3.9rem;
}

.c0 .close {
  color: black;
}

.c0 .modal-xl {
  max-width: 100rem;
}

.c0 .modal-l {
  max-width: 75rem;
}

.c0 .modal-m {
  max-width: 60rem;
}

.c0 .modal-s {
  max-width: 40rem;
}

.c0.info-variant .modal-close-btn {
  cursor: pointer;
}

.c0.error-variant .modal-close-btn {
  cursor: pointer;
}

.c0.warning-variant .modal-close-btn {
  cursor: pointer;
}

.c1 {
  min-width: 70rem;
}

.c1 .modal-body {
  padding-left: 2rem;
  padding-right: 2rem;
}

.c1 .modal-footer {
  padding-left: 2rem;
  padding-right: 2rem;
}

.c1 .form-group label {
  font-family: BcSans-Bold;
  line-height: 2rem;
}

<body
  class="modal-open"
  style="padding-right: 0px;"
>
  <div
    aria-hidden="true"
  >
    <div
      class="Toastify"
    />
    <div />
    <div />
  </div>
  <div
    class="fade modal-backdrop show"
  />
  <div
    aria-modal="true"
    class="fade c0 c1 info-variant modal show"
    role="dialog"
    style="display: block;"
    tabindex="-1"
  >
    <div
      class="modal-dialog modal-m c1 info-variant"
    >
      <div
        class="modal-content"
      >
        <div
          class="modal-header"
        >
          <div
            class="modal-title h4"
          >
            Notes
          </div>
          <button
            class="close"
            type="button"
          >
            <span
              aria-hidden="true"
            >
              ×
            </span>
            <span
              class="sr-only"
            >
              Close
            </span>
          </button>
        </div>
        <div
          class="modal-body"
          style="white-space: pre-line;"
        >
          <div
            class="textarea input form-group"
          >
            <label
              class="form-label"
              for="input-note.note"
            >
              Type a note:
               
            </label>
            <textarea
              class="form-control"
              data-testid="note-field"
              id="input-note.note"
              name="note.note"
              rows="15"
              title=""
            />
          </div>
        </div>
        <hr
          class="c2"
        />
        <div
          class="modal-footer"
        >
          <div
            class="button-wrap"
          >
            <button
              class="c3 Button btn btn-secondary"
              data-testid="cancel-modal-button"
              title="cancel-modal"
              type="button"
            >
              <div
                class="Button__value"
              >
                Cancel
              </div>
            </button>
            <span
              class="c4"
            />
            <button
              class="c3 Button btn btn-primary"
              data-testid="ok-modal-button"
              title="ok-modal"
              type="button"
            >
              <div
                class="Button__value"
              >
                Save
              </div>
            </button>
          </div>
        </div>
      </div>
    </div>
  </div>
</body>
`;
