// Jest Snapshot v1, https://goo.gl/fbAQLP

exports[`LtsaChargeSubForm component renders charge sub form 1`] = `
<DocumentFragment>
  <div
    class="Toastify"
  />
  <div />
  .c1.required::before {
  content: '*';
  position: absolute;
  top: 0.75rem;
  left: 0rem;
}

.c0 {
  font-weight: bold;
}

<div>
    <div
      class="pb-2 row"
    >
      <div
        class="pr-0 text-left col-4"
      >
        <label
          class="c0"
        >
          Nature:
        </label>
      </div>
      <div
        class="c1 text-left col"
      >
        <div
          class="input form-group"
        >
          <input
            class="form-control"
            id="input-titleOrders.0.orderedProduct.fieldedData.chargesOnTitle.0.charge.transactionType"
            name="titleOrders.0.orderedProduct.fieldedData.chargesOnTitle.0.charge.transactionType"
            title="STATUTORY RIGHT-OF-WAY"
            value="STATUTORY RIGHT-OF-WAY"
          />
        </div>
      </div>
    </div>
    <div
      class="pb-2 row"
    >
      <div
        class="pr-0 text-left col-4"
      >
        <label
          class="c0"
        >
          Registration #:
        </label>
      </div>
      <div
        class="c1 text-left col"
      >
        <div
          class="input form-group"
        >
          <input
            class="form-control"
            id="input-titleOrders.0.orderedProduct.fieldedData.chargesOnTitle.0.charge.chargeNumber"
            name="titleOrders.0.orderedProduct.fieldedData.chargesOnTitle.0.charge.chargeNumber"
            title="H107642"
            value="H107642"
          />
        </div>
      </div>
    </div>
    <div
      class="pb-2 row"
    >
      <div
        class="pr-0 text-left col-4"
      >
        <label
          class="c0"
        >
          Registered date:
        </label>
      </div>
      <div
        class="c1 text-left col"
      >
        <div
          class="input form-group"
        >
          <input
            class="form-control"
            id="input-titleOrders.0.orderedProduct.fieldedData.chargesOnTitle.0.charge.applicationReceivedDate"
            name="titleOrders.0.orderedProduct.fieldedData.chargesOnTitle.0.charge.applicationReceivedDate"
            title="1972-10-23T21:38:00Z"
            value="1972-10-23T21:38:00Z"
          />
        </div>
      </div>
    </div>
    <div
      class="pb-2 row"
    >
      <div
        class="pr-0 text-left col-4"
      >
        <label
          class="c0"
        >
          Registered owner:
        </label>
      </div>
      <div
        class="c1 text-left col"
      >
        <div
          class="input form-group"
        >
          <input
            class="form-control"
            id="input-titleOrders.0.orderedProduct.fieldedData.chargesOnTitle.0.charge.chargeOwnershipGroups.0.chargeOwners.0.lastNameOrCorpName1"
            name="titleOrders.0.orderedProduct.fieldedData.chargesOnTitle.0.charge.chargeOwnershipGroups.0.chargeOwners.0.lastNameOrCorpName1"
            title="BRITISH COLUMBIA HYDRO AND POWER AUTHORITY"
            value="BRITISH COLUMBIA HYDRO AND POWER AUTHORITY"
          />
        </div>
      </div>
    </div>
    <hr />
    <div
      class="pb-2 row"
    >
      <div
        class="pr-0 text-left col-4"
      >
        <label
          class="c0"
        >
          Nature:
        </label>
      </div>
      <div
        class="c1 text-left col"
      >
        <div
          class="input form-group"
        >
          <input
            class="form-control"
            id="input-titleOrders.0.orderedProduct.fieldedData.chargesOnTitle.1.charge.transactionType"
            name="titleOrders.0.orderedProduct.fieldedData.chargesOnTitle.1.charge.transactionType"
            title="STATUTORY RIGHT-OF-WAY"
            value="STATUTORY RIGHT-OF-WAY"
          />
        </div>
      </div>
    </div>
    <div
      class="pb-2 row"
    >
      <div
        class="pr-0 text-left col-4"
      >
        <label
          class="c0"
        >
          Registration #:
        </label>
      </div>
      <div
        class="c1 text-left col"
      >
        <div
          class="input form-group"
        >
          <input
            class="form-control"
            id="input-titleOrders.0.orderedProduct.fieldedData.chargesOnTitle.1.charge.chargeNumber"
            name="titleOrders.0.orderedProduct.fieldedData.chargesOnTitle.1.charge.chargeNumber"
            title="N35326"
            value="N35326"
          />
        </div>
      </div>
    </div>
    <div
      class="pb-2 row"
    >
      <div
        class="pr-0 text-left col-4"
      >
        <label
          class="c0"
        >
          Registered date:
        </label>
      </div>
      <div
        class="c1 text-left col"
      >
        <div
          class="input form-group"
        >
          <input
            class="form-control"
            id="input-titleOrders.0.orderedProduct.fieldedData.chargesOnTitle.1.charge.applicationReceivedDate"
            name="titleOrders.0.orderedProduct.fieldedData.chargesOnTitle.1.charge.applicationReceivedDate"
            title="1977-04-14T22:32:00Z"
            value="1977-04-14T22:32:00Z"
          />
        </div>
      </div>
    </div>
    <div
      class="pb-2 row"
    >
      <div
        class="pr-0 text-left col-4"
      >
        <label
          class="c0"
        >
          Registered owner:
        </label>
      </div>
      <div
        class="c1 text-left col"
      >
        <div
          class="input form-group"
        >
          <input
            class="form-control"
            id="input-titleOrders.0.orderedProduct.fieldedData.chargesOnTitle.1.charge.chargeOwnershipGroups.0.chargeOwners.0.lastNameOrCorpName1"
            name="titleOrders.0.orderedProduct.fieldedData.chargesOnTitle.1.charge.chargeOwnershipGroups.0.chargeOwners.0.lastNameOrCorpName1"
            title="THE CORPORATION OF DELTA"
            value="THE CORPORATION OF DELTA"
          />
        </div>
      </div>
    </div>
    <hr />
    <div
      class="pb-2 row"
    >
      <div
        class="pr-0 text-left col-4"
      >
        <label
          class="c0"
        >
          Nature:
        </label>
      </div>
      <div
        class="c1 text-left col"
      >
        <div
          class="input form-group"
        >
          <input
            class="form-control"
            id="input-titleOrders.0.orderedProduct.fieldedData.chargesOnTitle.2.charge.transactionType"
            name="titleOrders.0.orderedProduct.fieldedData.chargesOnTitle.2.charge.transactionType"
            title="MORTGAGE"
            value="MORTGAGE"
          />
        </div>
      </div>
    </div>
    <div
      class="pb-2 row"
    >
      <div
        class="pr-0 text-left col-4"
      >
        <label
          class="c0"
        >
          Registration #:
        </label>
      </div>
      <div
        class="c1 text-left col"
      >
        <div
          class="input form-group"
        >
          <input
            class="form-control"
            id="input-titleOrders.0.orderedProduct.fieldedData.chargesOnTitle.2.charge.chargeNumber"
            name="titleOrders.0.orderedProduct.fieldedData.chargesOnTitle.2.charge.chargeNumber"
            title="BL158885"
            value="BL158885"
          />
        </div>
      </div>
    </div>
    <div
      class="pb-2 row"
    >
      <div
        class="pr-0 text-left col-4"
      >
        <label
          class="c0"
        >
          Registered date:
        </label>
      </div>
      <div
        class="c1 text-left col"
      >
        <div
          class="input form-group"
        >
          <input
            class="form-control"
            id="input-titleOrders.0.orderedProduct.fieldedData.chargesOnTitle.2.charge.applicationReceivedDate"
            name="titleOrders.0.orderedProduct.fieldedData.chargesOnTitle.2.charge.applicationReceivedDate"
            title="1997-05-07T16:51:00Z"
            value="1997-05-07T16:51:00Z"
          />
        </div>
      </div>
    </div>
    <div
      class="pb-2 row"
    >
      <div
        class="pr-0 text-left col-4"
      >
        <label
          class="c0"
        >
          Registered owner:
        </label>
      </div>
      <div
        class="c1 text-left col"
      >
        <div
          class="input form-group"
        >
          <input
            class="form-control"
            id="input-titleOrders.0.orderedProduct.fieldedData.chargesOnTitle.2.charge.chargeOwnershipGroups.0.chargeOwners.0.lastNameOrCorpName1"
            name="titleOrders.0.orderedProduct.fieldedData.chargesOnTitle.2.charge.chargeOwnershipGroups.0.chargeOwners.0.lastNameOrCorpName1"
            title="RICHMOND SAVINGS CREDIT UNION"
            value="RICHMOND SAVINGS CREDIT UNION"
          />
        </div>
      </div>
    </div>
    <hr />
    <div
      class="pb-2 row"
    >
      <div
        class="pr-0 text-left col-4"
      >
        <label
          class="c0"
        >
          Nature:
        </label>
      </div>
      <div
        class="c1 text-left col"
      >
        <div
          class="input form-group"
        >
          <input
            class="form-control"
            id="input-titleOrders.0.orderedProduct.fieldedData.chargesOnTitle.3.charge.transactionType"
            name="titleOrders.0.orderedProduct.fieldedData.chargesOnTitle.3.charge.transactionType"
            title="MORTGAGE"
            value="MORTGAGE"
          />
        </div>
      </div>
    </div>
    <div
      class="pb-2 row"
    >
      <div
        class="pr-0 text-left col-4"
      >
        <label
          class="c0"
        >
          Registration #:
        </label>
      </div>
      <div
        class="c1 text-left col"
      >
        <div
          class="input form-group"
        >
          <input
            class="form-control"
            id="input-titleOrders.0.orderedProduct.fieldedData.chargesOnTitle.3.charge.chargeNumber"
            name="titleOrders.0.orderedProduct.fieldedData.chargesOnTitle.3.charge.chargeNumber"
            title="BR248606"
            value="BR248606"
          />
        </div>
      </div>
    </div>
    <div
      class="pb-2 row"
    >
      <div
        class="pr-0 text-left col-4"
      >
        <label
          class="c0"
        >
          Registered date:
        </label>
      </div>
      <div
        class="c1 text-left col"
      >
        <div
          class="input form-group"
        >
          <input
            class="form-control"
            id="input-titleOrders.0.orderedProduct.fieldedData.chargesOnTitle.3.charge.applicationReceivedDate"
            name="titleOrders.0.orderedProduct.fieldedData.chargesOnTitle.3.charge.applicationReceivedDate"
            title="2001-09-25T18:11:00Z"
            value="2001-09-25T18:11:00Z"
          />
        </div>
      </div>
    </div>
    <hr />
    <div
      class="pb-2 row"
    >
      <div
        class="pr-0 text-left col-4"
      >
        <label
          class="c0"
        >
          Nature:
        </label>
      </div>
      <div
        class="c1 text-left col"
      >
        <div
          class="input form-group"
        >
          <input
            class="form-control"
            id="input-titleOrders.0.orderedProduct.fieldedData.chargesOnTitle.4.charge.transactionType"
            name="titleOrders.0.orderedProduct.fieldedData.chargesOnTitle.4.charge.transactionType"
            title="STATUTORY RIGHT OF WAY"
            value="STATUTORY RIGHT OF WAY"
          />
        </div>
      </div>
    </div>
    <div
      class="pb-2 row"
    >
      <div
        class="pr-0 text-left col-4"
      >
        <label
          class="c0"
        >
          Registration #:
        </label>
      </div>
      <div
        class="c1 text-left col"
      >
        <div
          class="input form-group"
        >
          <input
            class="form-control"
            id="input-titleOrders.0.orderedProduct.fieldedData.chargesOnTitle.4.charge.chargeNumber"
            name="titleOrders.0.orderedProduct.fieldedData.chargesOnTitle.4.charge.chargeNumber"
            title="CA5338545"
            value="CA5338545"
          />
        </div>
      </div>
    </div>
    <div
      class="pb-2 row"
    >
      <div
        class="pr-0 text-left col-4"
      >
        <label
          class="c0"
        >
          Registered date:
        </label>
      </div>
      <div
        class="c1 text-left col"
      >
        <div
          class="input form-group"
        >
          <input
            class="form-control"
            id="input-titleOrders.0.orderedProduct.fieldedData.chargesOnTitle.4.charge.applicationReceivedDate"
            name="titleOrders.0.orderedProduct.fieldedData.chargesOnTitle.4.charge.applicationReceivedDate"
            title="2016-07-13T21:01:28Z"
            value="2016-07-13T21:01:28Z"
          />
        </div>
      </div>
    </div>
    <div
      class="pb-2 row"
    >
      <div
        class="pr-0 text-left col-4"
      >
        <label
          class="c0"
        >
          Registered owner:
        </label>
      </div>
      <div
        class="c1 text-left col"
      >
        <div
          class="input form-group"
        >
          <input
            class="form-control"
            id="input-titleOrders.0.orderedProduct.fieldedData.chargesOnTitle.4.charge.chargeOwnershipGroups.0.chargeOwners.0.lastNameOrCorpName1"
            name="titleOrders.0.orderedProduct.fieldedData.chargesOnTitle.4.charge.chargeOwnershipGroups.0.chargeOwners.0.lastNameOrCorpName1"
            title="ROGERS COMMUNICATIONS INC."
            value="ROGERS COMMUNICATIONS INC."
          />
        </div>
      </div>
    </div>
    <div
      class="row"
    >
      <div
        class="col-4"
      />
      <div
        class="col"
      >
        <div
          class="input form-group"
        >
          <input
            class="form-control"
            id="input-titleOrders.0.orderedProduct.fieldedData.chargesOnTitle.4.charge.chargeOwnershipGroups.0.chargeOwners.0.incorporationNumber"
            name="titleOrders.0.orderedProduct.fieldedData.chargesOnTitle.4.charge.chargeOwnershipGroups.0.chargeOwners.0.incorporationNumber"
            title="BC0921753"
            value="BC0921753"
          />
        </div>
      </div>
    </div>
  </div>
</DocumentFragment>
`;
