// Vitest Snapshot v1, https://vitest.dev/guide/snapshot.html

exports[`LeaseStatusSummary component > renders as expected when active 1`] = `
<DocumentFragment>
  <div
    class="Toastify"
  />
  <div />
  .c0 {
  max-width: -webkit-fit-content;
  max-width: -moz-fit-content;
  max-width: fit-content;
  max-height: 8rem;
  min-width: 11rem;
  white-space: nowrap;
  border-radius: 1rem;
  background-color: white;
  display: -webkit-box;
  display: -webkit-flex;
  display: -ms-flexbox;
  display: flex;
  -webkit-flex-direction: column;
  -ms-flex-direction: column;
  flex-direction: column;
  border: 1px solid #FCBA19;
  padding: 0.2rem 1rem;
  height: 90%;
}

.c0 b {
  padding: 0.25rem 0;
  color: black;
}

.c0 b:first-child {
  color: #FCBA19;
}

.c0.active {
  border: 1px solid #42814A;
}

.c0.active b:first-child {
  color: #42814A;
}

.c0.terminated {
  border: 1px solid #CE3E39;
}

.c0.terminated b:first-child {
  color: #CE3E39;
}

.c0.discard {
  border: 1px solid #428bca;
}

.c0.discard b:first-child {
  color: #428bca;
}

.c0.draft {
  border: 1px solid #428bca;
}

.c0.draft b:first-child {
  color: #428bca;
}

<div
    class="c0"
  >
    <b />
    <b />
  </div>
</DocumentFragment>
`;

exports[`LeaseStatusSummary component > renders as expected when inactive 1`] = `
<DocumentFragment>
  <div
    class="Toastify"
  />
  <div />
  .c0 {
  max-width: -webkit-fit-content;
  max-width: -moz-fit-content;
  max-width: fit-content;
  max-height: 8rem;
  min-width: 11rem;
  white-space: nowrap;
  border-radius: 1rem;
  background-color: white;
  display: -webkit-box;
  display: -webkit-flex;
  display: -ms-flexbox;
  display: flex;
  -webkit-flex-direction: column;
  -ms-flex-direction: column;
  flex-direction: column;
  border: 1px solid #FCBA19;
  padding: 0.2rem 1rem;
  height: 90%;
}

.c0 b {
  padding: 0.25rem 0;
  color: black;
}

.c0 b:first-child {
  color: #FCBA19;
}

.c0.active {
  border: 1px solid #42814A;
}

.c0.active b:first-child {
  color: #42814A;
}

.c0.terminated {
  border: 1px solid #CE3E39;
}

.c0.terminated b:first-child {
  color: #CE3E39;
}

.c0.discard {
  border: 1px solid #428bca;
}

.c0.discard b:first-child {
  color: #428bca;
}

.c0.draft {
  border: 1px solid #428bca;
}

.c0.draft b:first-child {
  color: #428bca;
}

<div
    class="c0"
  >
    <b />
    <b />
  </div>
</DocumentFragment>
`;
