// Vitest Snapshot v1, https://vitest.dev/guide/snapshot.html

exports[`File properties improvements list view > renders as expected 1`] = `
<DocumentFragment>
  <div
    class="Toastify"
  />
  <div />
  .c3 {
  float: right;
  cursor: pointer;
  font-size: 3.2rem;
}

.c0 {
  background-color: #f2f2f2;
  padding-top: 1rem;
}

.c1 {
  margin: 1.6rem;
  padding: 1.6rem;
  background-color: white;
  text-align: left;
  border-radius: 0.5rem;
}

.c2 {
  font-weight: bold;
  color: var(--theme-blue-100);
  border-bottom: 0.2rem var(--theme-blue-90) solid;
  margin-bottom: 2.4rem;
}

.c5.required::before {
  content: '*';
  position: absolute;
  top: 0.75rem;
  left: 0rem;
}

.c4 {
  font-weight: bold;
}

<div
    class="c0"
  >
    <div
      class="c1 form-section"
      data-testid="property-improvements-1"
    >
      <h2
        class="c2"
      >
        <div
          class="no-gutters row"
        >
          <div
            class="align-content-end col"
            style="overflow: hidden;"
          >
            <label>
              Location: 123.000000, 48.000000
            </label>
          </div>
          <div
            class="pl-2 d-flex align-items-end col-auto"
          >
            <svg
              class="c3"
              fill="currentColor"
              height="1em"
              stroke="currentColor"
              stroke-width="0"
              viewBox="0 0 24 24"
              width="1em"
              xmlns="http://www.w3.org/2000/svg"
            >
              <title>
                expand-section
              </title>
              <path
                d="M0 0h24v24H0z"
                fill="none"
              />
              <path
                d="m7 10 5 5 5-5z"
              />
            </svg>
          </div>
        </div>
      </h2>
      <div
        class="collapse"
      >
        <div>
          <div
            class="pb-2 row"
          >
            <div
              class="pr-0 text-left col-4"
            >
              <label
                class="c4"
              >
                Improvement type:
              </label>
            </div>
            <div
              class="c5 text-left col"
              data-testid="improvement[1000].type"
            >
              Commercial Building
            </div>
          </div>
          <div
            class="pb-2 row"
          >
            <div
              class="pr-0 text-left col-4"
            >
              <label
                class="c4"
              >
                Description:
              </label>
            </div>
            <div
              class="c5 text-left col"
              data-testid="improvement[1000].description"
            >
              TEST DESCRIPTION
            </div>
          </div>
        </div>
      </div>
    </div>
  </div>
</DocumentFragment>
`;
